[ORCH] ts=2026-08-27T14:49:04Z step=start story=640764 maxscenarios=7 tcper=10 steps=18-40 rounds=2 workers=7 pass_=90/50 judge=653 deadline=630s
[ORCH] ts=2026-08-27T14:49:05Z step=fetch story=640764 titlechars=85 descchars=3518 acchars=2096 ms=727
[ORCH] ts=2026-08-27T14:50:29Z step=scenarios count=7 ids=TS_001,TS_002,TS_003,TS_005,TS_006,TS_004,TS_007 ms=83951
[ORCH] ts=2026-08-27T14:50:55Z step=generate scenario=TS_001 round=1 error=test case array is empty raw=[]
[ORCH] ts=2026-08-27T14:51:13Z step=generate scenario=TS_003 round=1 error=test case array is empty raw=[]
[ORCH] ts=2026-08-27T14:51:39Z step=generate scenario=TS_003 round=2 error=test case array is empty raw=[]
[ORCH] ts=2026-08-27T14:51:39Z step=result scenario=TS_003 status=failed scores=[] rounds=2 tc=0 ms=70309
[ORCH] ts=2026-08-27T14:51:39Z step=generate scenario=TS_001 round=2 error=test case array is empty raw=[]
[ORCH] ts=2026-08-27T14:51:39Z step=result scenario=TS_001 status=failed scores=[] rounds=2 tc=0 ms=70582
[ORCH] ts=2026-08-27T14:51:53Z step=generate scenario=TS_006 round=1 tc=2 ids=TC_001,TC_002 chars=53739 ms=84566
[ORCH] ts=2026-08-27T14:51:53Z step=generate scenario=TS_005 round=1 tc=2 ids=TC_001,TC_002 chars=50526 ms=84721
[ORCH] ts=2026-08-27T14:52:07Z step=review scenario=TS_006 round=1 score=85 passed=1/2 failing=TC_002 ms=14279
[ORCH] ts=2026-08-27T14:52:08Z step=review scenario=TS_005 round=1 score=85 passed=1/2 failing=TC_001 ms=14672
[ORCH] ts=2026-08-27T14:52:14Z step=generate scenario=TS_004 round=1 tc=3 ids=TC_001,TC_002,TC_003 chars=78936 ms=105532
[ORCH] ts=2026-08-27T14:52:14Z step=generate scenario=TS_002 round=1 tc=2 ids=TC_TS002_001,TC_TS002_002 chars=60097 ms=105546
[ORCH] ts=2026-08-27T14:52:29Z step=review scenario=TS_002 round=1 score=95 passed=2/2 ms=14512
[ORCH] ts=2026-08-27T14:52:29Z step=result scenario=TS_002 status=approved scores=[95] rounds=1 tc=2 ms=120078
[ORCH] ts=2026-08-27T14:52:29Z step=review scenario=TS_004 round=1 score=85 passed=2/3 failing=TC_002 ms=14623
[ORCH] ts=2026-08-27T14:52:34Z step=generate scenario=TS_007 round=1 tc=4 ids=TC_001,TC_002,TC_003,TC_004 chars=93715 ms=125116
[ORCH] ts=2026-08-27T14:53:00Z step=review scenario=TS_007 round=1 score=85 passed=1/4 failing=TC_002,TC_003,TC_004 ms=26183
[ORCH] ts=2026-08-27T14:53:32Z step=generate scenario=TS_006 round=2 tc=2 ids=TC_001,TC_002 chars=67285 ms=84222 regen=1
[ORCH] ts=2026-08-27T14:53:32Z step=generate scenario=TS_005 round=2 tc=2 ids=TC_001,TC_002 chars=51788 ms=83829 regen=1
[ORCH] ts=2026-08-27T14:53:47Z step=review scenario=TS_006 round=2 score=85 passed=1/2 failing=TC_002 ms=14824
[ORCH] ts=2026-08-27T14:53:47Z step=stagnant scenario=TS_006 round=2 scores=[85, 85] passed=[1, 1]
[ORCH] ts=2026-08-27T14:53:47Z step=result scenario=TS_006 status=stagnant scores=[85, 85] rounds=2 tc=2 ms=197903
[ORCH] ts=2026-08-27T14:53:47Z step=review scenario=TS_005 round=2 score=85 passed=1/2 failing=TC_002 ms=14674
[ORCH] ts=2026-08-27T14:53:47Z step=stagnant scenario=TS_005 round=2 scores=[85, 85] passed=[1, 1]
[ORCH] ts=2026-08-27T14:53:47Z step=result scenario=TS_005 status=stagnant scores=[85, 85] rounds=2 tc=2 ms=197906
[ORCH] ts=2026-08-27T14:54:14Z step=generate scenario=TS_004 round=2 tc=3 ids=TC_001,TC_002,TC_003 chars=87548 ms=104902 regen=1
[ORCH] ts=2026-08-27T14:54:28Z step=review scenario=TS_004 round=2 score=85 passed=2/3 failing=TC_002 ms=14403
[ORCH] ts=2026-08-27T14:54:28Z step=stagnant scenario=TS_004 round=2 scores=[85, 85] passed=[2, 2]
[ORCH] ts=2026-08-27T14:54:28Z step=result scenario=TS_004 status=stagnant scores=[85, 85] rounds=2 tc=3 ms=239474
[ORCH] ts=2026-08-27T14:55:25Z step=generate scenario=TS_007 round=2 tc=4 ids=TC_001,TC_002,TC_003,TC_004 chars=118947 ms=145353 regen=3
[ORCH] ts=2026-08-27T14:55:51Z step=review scenario=TS_007 round=2 score=85 passed=1/4 failing=TC_002,TC_003,TC_004 ms=26209
[ORCH] ts=2026-08-27T14:55:51Z step=stagnant scenario=TS_007 round=2 scores=[85, 85] passed=[1, 1]
[ORCH] ts=2026-08-27T14:55:51Z step=result scenario=TS_007 status=stagnant scores=[85, 85] rounds=2 tc=4 ms=322880
[ORCH] ts=2026-08-27T14:55:51Z step=renumber scenario=TS_002 ids=TC_TS002_001>TC_001,TC_TS002_002>TC_002
[ORCH] ts=2026-08-27T14:55:51Z step=renumber scenario=TS_005 ids=TC_001>TC_003,TC_002>TC_004
[ORCH] ts=2026-08-27T14:55:51Z step=renumber scenario=TS_006 ids=TC_001>TC_005,TC_002>TC_006
[ORCH] ts=2026-08-27T14:55:51Z step=renumber scenario=TS_004 ids=TC_001>TC_007,TC_002>TC_008,TC_003>TC_009
[ORCH] ts=2026-08-27T14:55:51Z step=renumber scenario=TS_007 ids=TC_001>TC_010,TC_002>TC_011,TC_003>TC_012,TC_004>TC_013
[ORCH] ts=2026-08-27T14:55:52Z step=done approved=1 unreviewed=0 unhealed=0 stagnant=4 hardstop=0 failed=2 skipped=0 testcases=13 agentcalls=23 ms=407580
[ORCH] ts=2026-08-27T14:55:52Z step=outcome story=640764 ready=7/13 testcases flagged=6 scenarios=7 elapsed=6m47s warnings=2
[ORCH] ts=2026-08-27T14:55:52Z step=flagged tc=TC_004 scenario=TS_005 why=missing condition coverage
[ORCH] ts=2026-08-27T14:55:52Z step=flagged tc=TC_006 scenario=TS_006 why=same intent as another case
[ORCH] ts=2026-08-27T14:55:52Z step=flagged tc=TC_008 scenario=TS_004 why=missing condition from scenario
[ORCH] ts=2026-08-27T14:55:52Z step=flagged tc=TC_011 scenario=TS_007 why=missing a required scenario condition
[ORCH] ts=2026-08-27T14:55:52Z step=flagged tc=TC_012 scenario=TS_007 why=missing a required scenario condition
[ORCH] ts=2026-08-27T14:55:52Z step=flagged tc=TC_013 scenario=TS_007 why=missing a required scenario condition
[ORCH] ts=2026-08-27T14:55:52Z step=detail calls=23 rounds=13 scoreboard=TS_001:failed  TS_002:approved(95)  TS_003:failed  TS_005:stagnant(85>85)  TS_006:stagnant(85>85)  TS_004:stagnant(85>85)  TS_007:stagnant(85>85)
