[ORCH] ts=2026-08-28T06:12:40Z step=start story=640764 maxscenarios=7 tcper=10 steps=18-40 rounds=2 workers=7 pass_=90/50 judge=653 deadline=1200s
[ORCH] ts=2026-08-28T06:12:41Z step=fetch story=640764 titlechars=85 descchars=3518 acchars=2096 ms=1114
[ORCH] ts=2026-08-28T06:13:46Z step=scenarios count=7 ids=TS_001,TS_002,TS_003,TS_004,TS_005,TS_006,TS_007 ms=64222
[ORCH] ts=2026-08-28T06:14:22Z step=agenterror label=generate:TS_007 agentid=652 phase=poll status=FAILED execution=d4e5d2a0-82db-4529-8eb0-95f12d5ef50c ms=36676 why={"executionId": "d4e5d2a0-82db-4529-8eb0-95f12d5ef50c", "agentId": 652, "output": null, "agentName": "EDI 834 Inbound Test Case Generation", "executedBy": "Hrishikesh.Rode@caresource.com", "createdAt"
[ORCH] ts=2026-08-28T06:14:22Z step=generate scenario=TS_007 round=1 error=generate:TS_007: agent 652 finished FAILED (execution d4e5d2a0-82db-4529-8eb0-95f12d5ef50c)
[ORCH] ts=2026-08-28T06:14:22Z step=agenterror label=generate:TS_002 agentid=652 phase=poll status=FAILED execution=92b8887d-e428-4289-ac4b-fa5606b466b0 ms=36811 why={"executionId": "92b8887d-e428-4289-ac4b-fa5606b466b0", "agentId": 652, "output": null, "agentName": "EDI 834 Inbound Test Case Generation", "executedBy": "Hrishikesh.Rode@caresource.com", "createdAt"
[ORCH] ts=2026-08-28T06:14:22Z step=generate scenario=TS_002 round=1 error=generate:TS_002: agent 652 finished FAILED (execution 92b8887d-e428-4289-ac4b-fa5606b466b0)
[ORCH] ts=2026-08-28T06:14:29Z step=generate scenario=TS_006 round=1 error=test case array is empty raw=[]
[ORCH] ts=2026-08-28T06:14:43Z step=generate scenario=TS_005 round=1 error=test case array is empty raw=[]
[ORCH] ts=2026-08-28T06:14:49Z step=generate scenario=TS_002 round=2 error=test case array is empty raw=[]
[ORCH] ts=2026-08-28T06:14:49Z step=result scenario=TS_002 status=failed scores=[] rounds=2 tc=0 ms=62972
[ORCH] ts=2026-08-28T06:15:48Z step=generate scenario=TS_001 round=1 tc=3 ids=TC_001,TC_002,TC_003 chars=77518 ms=122026
[ORCH] ts=2026-08-28T06:16:14Z step=review scenario=TS_001 round=1 score=85 passed=1/3 failing=TC_002,TC_003 ms=26826
[ORCH] ts=2026-08-28T06:16:28Z step=generate scenario=TS_007 round=2 tc=4 ids=TC_001,TC_002,TC_003,TC_004 chars=112477 ms=125360 regen=1
[ORCH] ts=2026-08-28T06:16:34Z step=generate scenario=TS_006 round=2 tc=4 ids=TC_001,TC_002,TC_003,TC_004 chars=94554 ms=124717 regen=1
[ORCH] ts=2026-08-28T06:16:54Z step=review scenario=TS_007 round=2 score=85 passed=0/4 failing=TC_001,TC_002,TC_003,TC_004 ms=26799
[ORCH] ts=2026-08-28T06:16:54Z step=result scenario=TS_007 status=unhealed scores=[85] rounds=2 tc=4 ms=188845
[ORCH] ts=2026-08-28T06:17:03Z step=generate scenario=TS_003 round=1 tc=6 ids=TC_001,TC_002,TC_003,TC_004,TC_005,TC_006 chars=169896 ms=197509
[ORCH] ts=2026-08-28T06:17:17Z step=review scenario=TS_006 round=2 score=85 passed=0/4 failing=TC_001,TC_002,TC_003,TC_004 ms=43421
[ORCH] ts=2026-08-28T06:17:17Z step=result scenario=TS_006 status=unhealed scores=[85] rounds=2 tc=4 ms=211659
[ORCH] ts=2026-08-28T06:17:23Z step=generate scenario=TS_004 round=1 tc=8 ids=TC_001,TC_002,TC_003,TC_004,TC_005,TC_006,TC_007,TC_008 chars=193007 ms=217762
[ORCH] ts=2026-08-28T06:17:29Z step=review scenario=TS_003 round=1 score=85 passed=5/6 failing=TC_002 ms=26216
[ORCH] ts=2026-08-28T06:17:56Z step=generate scenario=TS_003 round=2 error=test case array is empty raw=[]
[ORCH] ts=2026-08-28T06:17:56Z step=result scenario=TS_003 status=unhealed scores=[85] rounds=2 tc=6 ms=250107
[ORCH] ts=2026-08-28T06:18:07Z step=review scenario=TS_004 round=1 score=85 passed=1/8 failing=TC_002,TC_003,TC_004,TC_005,TC_006,TC_007,TC_008 ms=43620
[ORCH] ts=2026-08-28T06:18:33Z step=generate scenario=TS_004 round=2 error=test case array is empty raw=[]
[ORCH] ts=2026-08-28T06:18:33Z step=result scenario=TS_004 status=unhealed scores=[85] rounds=2 tc=8 ms=287660
[ORCH] ts=2026-08-28T06:18:50Z step=generate scenario=TS_005 round=2 tc=10 ids=TC_001,TC_002,TC_003,TC_004,TC_005,TC_006,TC_007,TC_008,TC_009,TC_010 chars=228805 ms=247450 regen=1
[ORCH] ts=2026-08-28T06:19:17Z step=review scenario=TS_005 round=2 score=85 passed=9/10 failing=TC_010 ms=26655
[ORCH] ts=2026-08-28T06:19:17Z step=result scenario=TS_005 status=unhealed scores=[85] rounds=2 tc=10 ms=331299
[ORCH] ts=2026-08-28T06:19:21Z step=generate scenario=TS_001 round=2 tc=3 ids=TC_001,TC_002,TC_003 chars=81648 ms=186130 regen=2
[ORCH] ts=2026-08-28T06:19:47Z step=review scenario=TS_001 round=2 score=85 passed=1/3 failing=TC_002,TC_003 ms=25971
[ORCH] ts=2026-08-28T06:19:47Z step=stagnant scenario=TS_001 round=2 scores=[85, 85] passed=[1, 1]
[ORCH] ts=2026-08-28T06:19:47Z step=result scenario=TS_001 status=stagnant scores=[85, 85] rounds=2 tc=3 ms=360966
[ORCH] ts=2026-08-28T06:19:47Z step=renumber scenario=TS_003 ids=TC_001>TC_004,TC_002>TC_005,TC_003>TC_006,TC_004>TC_007,TC_005>TC_008,TC_006>TC_009
[ORCH] ts=2026-08-28T06:19:47Z step=renumber scenario=TS_004 ids=TC_001>TC_010,TC_002>TC_011,TC_003>TC_012,TC_004>TC_013,TC_005>TC_014,TC_006>TC_015,TC_007>TC_016,TC_008>TC_017
[ORCH] ts=2026-08-28T06:19:47Z step=renumber scenario=TS_005 ids=TC_001>TC_018,TC_002>TC_019,TC_003>TC_020,TC_004>TC_021,TC_005>TC_022,TC_006>TC_023,TC_007>TC_024,TC_008>TC_025,TC_009>TC_026,TC_010>TC_027
[ORCH] ts=2026-08-28T06:19:47Z step=renumber scenario=TS_006 ids=TC_001>TC_028,TC_002>TC_029,TC_003>TC_030,TC_004>TC_031
[ORCH] ts=2026-08-28T06:19:47Z step=renumber scenario=TS_007 ids=TC_001>TC_032,TC_002>TC_033,TC_003>TC_034,TC_004>TC_035
[ORCH] ts=2026-08-28T06:19:47Z step=done approved=0 unreviewed=0 unhealed=5 stagnant=1 hardstop=0 failed=1 skipped=0 testcases=35 agentcalls=22 ms=426325
[ORCH] ts=2026-08-28T06:19:47Z step=outcome story=640764 ready=16/35 testcases flagged=19 scenarios=7 elapsed=7m06s warnings=1
[ORCH] ts=2026-08-28T06:19:47Z step=flagged tc=TC_002 scenario=TS_001 why=too few steps for this flow
[ORCH] ts=2026-08-28T06:19:47Z step=flagged tc=TC_003 scenario=TS_001 why=too few steps for this flow
[ORCH] ts=2026-08-28T06:19:47Z step=flagged tc=TC_005 scenario=TS_003 why=missing combined-field coverage
[ORCH] ts=2026-08-28T06:19:47Z step=flagged tc=TC_011 scenario=TS_004 why=too few steps
[ORCH] ts=2026-08-28T06:19:47Z step=flagged tc=TC_012 scenario=TS_004 why=too few steps
[ORCH] ts=2026-08-28T06:19:47Z step=flagged tc=TC_013 scenario=TS_004 why=too few steps
[ORCH] ts=2026-08-28T06:19:47Z step=flagged tc=TC_014 scenario=TS_004 why=too few steps
[ORCH] ts=2026-08-28T06:19:47Z step=flagged tc=TC_015 scenario=TS_004 why=too few steps
[ORCH] ts=2026-08-28T06:19:47Z step=flagged tc=TC_016 scenario=TS_004 why=too few steps
[ORCH] ts=2026-08-28T06:19:47Z step=flagged tc=TC_017 scenario=TS_004 why=too few steps
[ORCH] ts=2026-08-28T06:19:47Z step=flagged tc=TC_027 scenario=TS_005 why=covers no single listed condition
[ORCH] ts=2026-08-28T06:19:47Z step=flagged tc=TC_028 scenario=TS_006 why=uses wrong date name for condition 1
[ORCH] ts=2026-08-28T06:19:47Z step=flagged tc=TC_029 scenario=TS_006 why=missing matrix variants for eligibility path
[ORCH] ts=2026-08-28T06:19:47Z step=flagged tc=TC_030 scenario=TS_006 why=missing matrix variants for assessment path
[ORCH] ts=2026-08-28T06:19:47Z step=flagged tc=TC_031 scenario=TS_006 why=missing matrix variants for maintenance path
[ORCH] ts=2026-08-28T06:19:47Z step=flagged tc=TC_032 scenario=TS_007 why=missing multi-field coverage
[ORCH] ts=2026-08-28T06:19:47Z step=flagged tc=TC_033 scenario=TS_007 why=missing no-field-change coverage
[ORCH] ts=2026-08-28T06:19:47Z step=flagged tc=TC_034 scenario=TS_007 why=missing multi-field coverage
[ORCH] ts=2026-08-28T06:19:47Z step=flagged tc=TC_035 scenario=TS_007 why=missing multi-field coverage
[ORCH] ts=2026-08-28T06:19:47Z step=detail calls=22 rounds=14 scoreboard=TS_001:stagnant(85>85)  TS_002:failed  TS_003:unhealed(85)  TS_004:unhealed(85)  TS_005:unhealed(85)  TS_006:unhealed(85)  TS_007:unhealed(85)
