story 640764: 7 scenarios x 3 cases x 12-15 steps, 2 heal round(s), judged, deadline 630s
config: C:\Users\cs218321\OneDrive - Caresource Management Group\AAVA\AAVA_Agents\Self healing\testgen_orchestrator\tool\.env

[ORCH] ts=2026-08-18T09:11:01Z step=start story=640764 maxscenarios=7 tcper=3 steps=12-15 rounds=2 workers=7 pass_=80/50 judge=627 deadline=630s
[ORCH] ts=2026-08-18T09:11:01Z step=fetch story=640764 titlechars=85 descchars=3518 acchars=2096 ms=328
[ORCH] ts=2026-08-18T09:11:45Z step=scenarios count=7 ids=TS_001,TS_002,TS_003,TS_004,TS_005,TS_006,TS_007 ms=43404
[ORCH] ts=2026-08-18T09:13:09Z step=generate scenario=TS_004 round=1 tc=3 ids=TC_TS004_001,TC_TS004_002,TC_TS004_003 chars=74678 ms=84265
[ORCH] ts=2026-08-18T09:13:09Z step=generate scenario=TS_006 round=1 tc=3 ids=TC_TS006_001,TC_TS006_002,TC_TS006_003 chars=71291 ms=84340
[ORCH] ts=2026-08-18T09:13:10Z step=generate scenario=TS_001 round=1 tc=3 ids=TC_TS001_001,TC_TS001_002,TC_TS001_003 chars=63638 ms=84669
[ORCH] ts=2026-08-18T09:13:10Z step=generate scenario=TS_003 round=1 tc=3 ids=TC_TS003_001,TC_TS003_002,TC_TS003_003 chars=54515 ms=84684
[ORCH] ts=2026-08-18T09:13:10Z step=generate scenario=TS_005 round=1 tc=3 ids=TC_TS005_001,TC_TS005_002,TC_TS005_003 chars=67848 ms=84742
[ORCH] ts=2026-08-18T09:13:24Z step=review scenario=TS_003 round=1 score=85 passed=2/3 failing=TC_TS003_003 ms=14492
[ORCH] ts=2026-08-18T09:13:29Z step=generate scenario=TS_007 round=1 tc=3 ids=TC_TS007_001,TC_TS007_002,TC_TS007_003 chars=78657 ms=104357
[ORCH] ts=2026-08-18T09:13:29Z step=generate scenario=TS_002 round=1 tc=3 ids=TC_TS002_001,TC_TS002_002,TC_TS002_003 chars=49336 ms=104379
[ORCH] ts=2026-08-18T09:13:35Z step=review scenario=TS_004 round=1 score=85 passed=2/3 failing=TC_TS004_002 ms=26196
[ORCH] ts=2026-08-18T09:13:35Z step=review scenario=TS_006 round=1 score=95 passed=3/3 ms=26133
[ORCH] ts=2026-08-18T09:13:36Z step=result scenario=TS_006 status=approved scores=[95] rounds=1 tc=3 ms=110577
[ORCH] ts=2026-08-18T09:13:36Z step=review scenario=TS_001 round=1 score=95 passed=3/3 ms=26102
[ORCH] ts=2026-08-18T09:13:36Z step=result scenario=TS_001 status=approved scores=[95] rounds=1 tc=3 ms=110843
[ORCH] ts=2026-08-18T09:13:36Z step=review scenario=TS_005 round=1 score=95 passed=3/3 ms=26387
[ORCH] ts=2026-08-18T09:13:36Z step=result scenario=TS_005 status=approved scores=[95] rounds=1 tc=3 ms=111215
[ORCH] ts=2026-08-18T09:13:44Z step=review scenario=TS_002 round=1 score=85 passed=1/3 failing=TC_TS002_002,TC_TS002_003 ms=14480
[ORCH] ts=2026-08-18T09:13:55Z step=review scenario=TS_007 round=1 score=85 passed=1/3 failing=TC_TS007_002,TC_TS007_003 ms=25947
[ORCH] ts=2026-08-18T09:14:48Z step=generate scenario=TS_003 round=2 tc=3 ids=TC_TS003_001,TC_TS003_002,TC_TS003_003 chars=49403 ms=83771 regen=1
[ORCH] ts=2026-08-18T09:14:59Z step=generate scenario=TS_004 round=2 tc=3 ids=TC_TS004_001,TC_TS004_002,TC_TS004_003 chars=62506 ms=84025 regen=1
[ORCH] ts=2026-08-18T09:15:03Z step=review scenario=TS_003 round=2 score=85 passed=2/3 failing=TC_TS003_003 ms=14642
[ORCH] ts=2026-08-18T09:15:03Z step=stagnant scenario=TS_003 round=2 scores=[85, 85]
[ORCH] ts=2026-08-18T09:15:03Z step=result scenario=TS_003 status=stagnant scores=[85, 85] rounds=2 tc=3 ms=197681
[ORCH] ts=2026-08-18T09:15:08Z step=generate scenario=TS_002 round=2 tc=3 ids=TC_TS002_001,TC_TS002_002,TC_TS002_003 chars=64281 ms=83729 regen=2
[ORCH] ts=2026-08-18T09:15:14Z step=review scenario=TS_004 round=2 score=85 passed=1/3 failing=TC_TS004_002,TC_TS004_003 ms=14223
[ORCH] ts=2026-08-18T09:15:14Z step=stagnant scenario=TS_004 round=2 scores=[85, 85]
[ORCH] ts=2026-08-18T09:15:14Z step=result scenario=TS_004 status=stagnant scores=[85, 85] rounds=2 tc=3 ms=208770
[ORCH] ts=2026-08-18T09:15:22Z step=review scenario=TS_002 round=2 score=95 passed=3/3 ms=14639
[ORCH] ts=2026-08-18T09:15:22Z step=result scenario=TS_002 status=approved scores=[85, 95] rounds=2 tc=3 ms=217277
[ORCH] ts=2026-08-18T09:16:41Z step=generate scenario=TS_007 round=2 tc=3 ids=TC_TS007_001,TC_TS007_002,TC_TS007_003 chars=76392 ms=165399 regen=2
[ORCH] ts=2026-08-18T09:16:55Z step=review scenario=TS_007 round=2 score=85 passed=2/3 failing=TC_TS007_003 ms=14645
[ORCH] ts=2026-08-18T09:16:55Z step=stagnant scenario=TS_007 round=2 scores=[85, 85]
[ORCH] ts=2026-08-18T09:16:55Z step=result scenario=TS_007 status=stagnant scores=[85, 85] rounds=2 tc=3 ms=310395
[ORCH] ts=2026-08-18T09:16:55Z step=done approved=4 unreviewed=0 unhealed=0 stagnant=3 hardstop=0 failed=0 skipped=0 testcases=21 agentcalls=23 ms=354324
[ORCH] ts=2026-08-18T09:16:55Z step=summary story=640764 verdict=4/7 passed testcases=21 elapsed=354s calls=23 warnings=6 scoreboard=TS_001:approved(95)  TS_002:approved(85>95)  TS_003:stagnant(85>85)  TS_004:stagnant(85>85)  TS_005:approved(95)  TS_006:approved(95)  TS_007:stagnant(85>85)
[ORCH-TABLE-BEGIN] story=640764 scenarios=7 rows=270
[ORCH-TABLE-END] chars=453787
           272 rows -> tool_logs\640764_20260818_144100\testcases.md

=== completed in 354s ===
  TS_001   approved    score [95]             rounds 1  tc 3    111s
  TS_002   approved    score [85, 95]         rounds 2  tc 3    217s
  TS_003   stagnant    score [85, 85]         rounds 2  tc 3    198s
  TS_004   stagnant    score [85, 85]         rounds 2  tc 3    209s
  TS_005   approved    score [95]             rounds 1  tc 3    111s
  TS_006   approved    score [95]             rounds 1  tc 3    111s
  TS_007   stagnant    score [85, 85]         rounds 2  tc 3    310s
  warning: --- looks like a duplicate of a test case in TS_001
  warning: --- looks like a duplicate of a test case in TS_001
  warning: --- looks like a duplicate of a test case in TS_001
  warning: --- looks like a duplicate of a test case in TS_001
  warning: --- looks like a duplicate of a test case in TS_001
  warning: --- looks like a duplicate of a test case in TS_001

4/7 approved, 21 test cases, 23 agent calls, 270 table rows

C:\Users\cs218321\OneDrive - Caresource Management Group\AAVA\AAVA_Agents\Self healing\tool_logs\640764_20260818_144100
   run.log         every [ORCH] line and this summary
   testcases.md    the assembled table
   envelope.json   per scenario scores and the reviewer's gaps
   runinputs.json  the exact settings used, credentials blanked
