[ORCH] ts=2026-08-28T07:09:45Z step=start story=640764 maxscenarios=7 tcper=10 steps=18-40 rounds=2 workers=7 pass_=90/50 judge=653 deadline=1200s
[ORCH] ts=2026-08-28T07:09:46Z step=fetch story=640764 titlechars=85 descchars=3518 acchars=2096 ms=191
[ORCH] ts=2026-08-28T07:10:50Z step=scenarios count=7 ids=TS_001,TS_002,TS_003,TS_004,TS_005,TS_006,TS_007 ms=64279
[ORCH] ts=2026-08-28T07:12:15Z step=generate scenario=TS_002 round=1 chunk=1/1 tc=2 ids=TC_001,TC_002 chars=60486 ms=84707
[ORCH] ts=2026-08-28T07:12:15Z step=generate scenario=TS_003 round=1 chunk=1/1 tc=2 ids=TC_001,TC_002 chars=63735 ms=85352
[ORCH] ts=2026-08-28T07:12:29Z step=review scenario=TS_002 round=1 score=85 passed=1/2 failing=TC_002 ms=14723
[ORCH] ts=2026-08-28T07:12:30Z step=review scenario=TS_003 round=1 score=85 passed=1/2 failing=TC_002 ms=14387
[ORCH] ts=2026-08-28T07:12:35Z step=generate scenario=TS_001 round=1 chunk=1/2 tc=3 ids=TC_001,TC_002,TC_003 chars=80213 ms=104887
[ORCH] ts=2026-08-28T07:12:36Z step=generate scenario=TS_004 round=1 chunk=1/3 tc=3 ids=TC_001,TC_002,TC_003 chars=74933 ms=106176
[ORCH] ts=2026-08-28T07:12:36Z step=generate scenario=TS_005 round=1 chunk=1/3 tc=3 ids=TC_001,TC_002,TC_003 chars=83823 ms=106430
[ORCH] ts=2026-08-28T07:12:57Z step=generate scenario=TS_007 round=1 chunk=1/2 tc=3 ids=TC_001,TC_002,TC_003 chars=93125 ms=126810
[ORCH] ts=2026-08-28T07:12:57Z step=generate scenario=TS_006 round=1 chunk=1/1 tc=3 ids=TC_001,TC_002,TC_003 chars=86221 ms=126962
[ORCH] ts=2026-08-28T07:13:20Z step=generate scenario=TS_005 round=1 chunk=2/3 error=test case array is empty raw=[]
[ORCH] ts=2026-08-28T07:13:23Z step=review scenario=TS_006 round=1 score=85 passed=2/3 failing=TC_003 ms=26024
[ORCH] ts=2026-08-28T07:13:39Z step=generate scenario=TS_001 round=1 chunk=2/2 tc=1 ids=TC_001 chars=39460 ms=63851
[ORCH] ts=2026-08-28T07:13:54Z step=generate scenario=TS_002 round=2 chunk=1/1 tc=2 ids=TC_001,TC_002 chars=83530 ms=84326 regen=1
[ORCH] ts=2026-08-28T07:14:04Z step=review scenario=TS_001 round=1 score=85 passed=1/4 failing=TC_002,TC_003,TC_004 ms=25932
[ORCH] ts=2026-08-28T07:14:14Z step=generate scenario=TS_003 round=2 chunk=1/1 tc=2 ids=TC_001,TC_002 chars=56058 ms=104753 regen=1
[ORCH] ts=2026-08-28T07:14:20Z step=review scenario=TS_002 round=2 score=85 passed=0/2 failing=TC_001,TC_002 ms=26136
[ORCH] ts=2026-08-28T07:14:20Z step=stagnant scenario=TS_002 round=2 scores=[85, 85] passed=[1, 0]
[ORCH] ts=2026-08-28T07:14:20Z step=keptbest scenario=TS_002 round=1 passed=1 note=later round was worse, shipping the best reviewed round
[ORCH] ts=2026-08-28T07:14:20Z step=result scenario=TS_002 status=stagnant scores=[85, 85] rounds=2 tc=2 ms=209951
[ORCH] ts=2026-08-28T07:14:21Z step=generate scenario=TS_007 round=1 chunk=2/2 tc=1 ids=TC_001 chars=38605 ms=84397
[ORCH] ts=2026-08-28T07:14:29Z step=review scenario=TS_003 round=2 score=96 passed=2/2 ms=14541
[ORCH] ts=2026-08-28T07:14:29Z step=result scenario=TS_003 status=approved scores=[85, 96] rounds=2 tc=2 ms=219044
[ORCH] ts=2026-08-28T07:14:41Z step=generate scenario=TS_004 round=1 chunk=2/3 tc=3 ids=TC_001,TC_002,TC_003 chars=78271 ms=124980
[ORCH] ts=2026-08-28T07:14:44Z step=generate scenario=TS_005 round=1 chunk=3/3 tc=2 ids=TC_001,TC_002 chars=64549 ms=83933
[ORCH] ts=2026-08-28T07:14:48Z step=review scenario=TS_007 round=1 score=85 passed=1/4 failing=TC_002,TC_003,TC_004 ms=26514
[ORCH] ts=2026-08-28T07:15:07Z step=generate scenario=TS_006 round=2 chunk=1/1 tc=3 ids=TC_001,TC_002,TC_003 chars=79937 ms=104358 regen=1
[ORCH] ts=2026-08-28T07:15:10Z step=review scenario=TS_005 round=1 score=85 passed=2/5 failing=TC_002,TC_003,TC_005 ms=26056
[ORCH] ts=2026-08-28T07:15:33Z step=review scenario=TS_006 round=2 score=85 passed=1/3 failing=TC_001,TC_002 ms=25866
[ORCH] ts=2026-08-28T07:15:33Z step=stagnant scenario=TS_006 round=2 scores=[85, 85] passed=[2, 1]
[ORCH] ts=2026-08-28T07:15:33Z step=keptbest scenario=TS_006 round=1 passed=2 note=later round was worse, shipping the best reviewed round
[ORCH] ts=2026-08-28T07:15:33Z step=result scenario=TS_006 status=stagnant scores=[85, 85] rounds=2 tc=3 ms=283227
[ORCH] ts=2026-08-28T07:15:49Z step=generate scenario=TS_001 round=2 chunk=1/2 tc=3 ids=TC_001,TC_002,TC_003 chars=100037 ms=104360 regen=2
[ORCH] ts=2026-08-28T07:16:32Z step=generate scenario=TS_007 round=2 chunk=1/2 tc=3 ids=TC_001,TC_002,TC_003 chars=99141 ms=104448 regen=2
[ORCH] ts=2026-08-28T07:16:46Z step=generate scenario=TS_004 round=1 chunk=3/3 tc=2 ids=TC_001,TC_002 chars=85701 ms=124944
[ORCH] ts=2026-08-28T07:16:53Z step=generate scenario=TS_001 round=2 chunk=2/2 tc=1 ids=TC_001 chars=50190 ms=64059 regen=1
[ORCH] ts=2026-08-28T07:17:14Z step=generate scenario=TS_005 round=2 chunk=1/3 tc=3 ids=TC_001,TC_002,TC_003 chars=90670 ms=124811 regen=2
[ORCH] ts=2026-08-28T07:17:30Z step=review scenario=TS_004 round=1 score=85 passed=2/8 failing=TC_002,TC_003,TC_005,TC_006,TC_007,TC_008 ms=43739
[ORCH] ts=2026-08-28T07:17:36Z step=review scenario=TS_001 round=2 score=85 passed=0/4 failing=TC_001,TC_002,TC_003,TC_004 ms=43411
[ORCH] ts=2026-08-28T07:17:36Z step=stagnant scenario=TS_001 round=2 scores=[85, 85] passed=[1, 0]
[ORCH] ts=2026-08-28T07:17:36Z step=keptbest scenario=TS_001 round=1 passed=1 note=later round was worse, shipping the best reviewed round
[ORCH] ts=2026-08-28T07:17:36Z step=result scenario=TS_001 status=stagnant scores=[85, 85] rounds=2 tc=4 ms=406545
[ORCH] ts=2026-08-28T07:17:56Z step=generate scenario=TS_007 round=2 chunk=2/2 tc=1 ids=TC_001 chars=45574 ms=84344 regen=1
[ORCH] ts=2026-08-28T07:18:23Z step=review scenario=TS_007 round=2 score=85 passed=1/4 failing=TC_002,TC_003,TC_004 ms=26168
[ORCH] ts=2026-08-28T07:18:23Z step=stagnant scenario=TS_007 round=2 scores=[85, 85] passed=[1, 1]
[ORCH] ts=2026-08-28T07:18:23Z step=result scenario=TS_007 status=stagnant scores=[85, 85] rounds=2 tc=4 ms=452712
[ORCH] ts=2026-08-28T07:18:59Z step=generate scenario=TS_005 round=2 chunk=2/3 tc=3 ids=TC_001,TC_002,TC_003 chars=86166 ms=104648 regen=1
[ORCH] ts=2026-08-28T07:19:14Z step=generate scenario=TS_004 round=2 chunk=1/3 tc=3 ids=TC_001,TC_002,TC_003 chars=85865 ms=104526 regen=2
[ORCH] ts=2026-08-28T07:20:44Z step=generate scenario=TS_005 round=2 chunk=3/3 tc=2 ids=TC_001,TC_002 chars=69845 ms=104628 regen=1
[ORCH] ts=2026-08-28T07:21:19Z step=generate scenario=TS_004 round=2 chunk=2/3 tc=3 ids=TC_001,TC_002,TC_003 chars=97217 ms=125044 regen=2
[ORCH] ts=2026-08-28T07:21:28Z step=review scenario=TS_005 round=2 score=85 passed=3/8 failing=TC_002,TC_003,TC_005,TC_006,TC_008 ms=43820
[ORCH] ts=2026-08-28T07:21:28Z step=result scenario=TS_005 status=unhealed scores=[85, 85] rounds=2 tc=8 ms=637847
[ORCH] ts=2026-08-28T07:23:04Z step=generate scenario=TS_004 round=2 chunk=3/3 tc=2 ids=TC_001,TC_002 chars=60050 ms=104672 regen=2
[ORCH] ts=2026-08-28T07:23:30Z step=review scenario=TS_004 round=2 score=90 passed=8/8 ms=26536
[ORCH] ts=2026-08-28T07:23:30Z step=result scenario=TS_004 status=approved scores=[85, 90] rounds=2 tc=8 ms=760655
[ORCH] ts=2026-08-28T07:23:30Z step=renumber scenario=TS_002 ids=TC_001>TC_005,TC_002>TC_006
[ORCH] ts=2026-08-28T07:23:30Z step=renumber scenario=TS_003 ids=TC_001>TC_007,TC_002>TC_008
[ORCH] ts=2026-08-28T07:23:30Z step=renumber scenario=TS_004 ids=TC_001>TC_009,TC_002>TC_010,TC_003>TC_011,TC_004>TC_012,TC_005>TC_013,TC_006>TC_014,TC_007>TC_015,TC_008>TC_016
[ORCH] ts=2026-08-28T07:23:30Z step=renumber scenario=TS_005 ids=TC_001>TC_017,TC_002>TC_018,TC_003>TC_019,TC_004>TC_020,TC_005>TC_021,TC_006>TC_022,TC_007>TC_023,TC_008>TC_024
[ORCH] ts=2026-08-28T07:23:30Z step=renumber scenario=TS_006 ids=TC_001>TC_025,TC_002>TC_026,TC_003>TC_027
[ORCH] ts=2026-08-28T07:23:30Z step=renumber scenario=TS_007 ids=TC_001>TC_028,TC_002>TC_029,TC_003>TC_030,TC_004>TC_031
[ORCH] ts=2026-08-28T07:23:30Z step=done approved=2 unreviewed=0 unhealed=1 stagnant=4 hardstop=0 failed=0 skipped=0 testcases=31 agentcalls=41 ms=825155
[ORCH] ts=2026-08-28T07:23:30Z step=outcome story=640764 ready=18/31 testcases flagged=13 scenarios=7 elapsed=13m45s
[ORCH] ts=2026-08-28T07:23:30Z step=flagged tc=TC_002 scenario=TS_001 why=too few steps for required flow
[ORCH] ts=2026-08-28T07:23:30Z step=flagged tc=TC_003 scenario=TS_001 why=too few steps for required flow
[ORCH] ts=2026-08-28T07:23:30Z step=flagged tc=TC_004 scenario=TS_001 why=domain mapping conflicts with hints
[ORCH] ts=2026-08-28T07:23:30Z step=flagged tc=TC_006 scenario=TS_002 why=duplicate of TC_001's end-to-end intent
[ORCH] ts=2026-08-28T07:23:30Z step=flagged tc=TC_018 scenario=TS_005 why=too few steps
[ORCH] ts=2026-08-28T07:23:30Z step=flagged tc=TC_019 scenario=TS_005 why=too few steps
[ORCH] ts=2026-08-28T07:23:30Z step=flagged tc=TC_021 scenario=TS_005 why=too few steps
[ORCH] ts=2026-08-28T07:23:30Z step=flagged tc=TC_022 scenario=TS_005 why=too few steps
[ORCH] ts=2026-08-28T07:23:30Z step=flagged tc=TC_024 scenario=TS_005 why=too few steps
[ORCH] ts=2026-08-28T07:23:30Z step=flagged tc=TC_027 scenario=TS_006 why=missing multi-field condition coverage
[ORCH] ts=2026-08-28T07:23:30Z step=flagged tc=TC_029 scenario=TS_007 why=missing multi-field combination coverage
[ORCH] ts=2026-08-28T07:23:30Z step=flagged tc=TC_030 scenario=TS_007 why=missing no-rule-path negative coverage
[ORCH] ts=2026-08-28T07:23:30Z step=flagged tc=TC_031 scenario=TS_007 why=wrong archive path and TM URL
[ORCH] ts=2026-08-28T07:23:30Z step=detail calls=41 rounds=14 scoreboard=TS_001:stagnant(85>85)  TS_002:stagnant(85>85)  TS_003:approved(85>96)  TS_004:approved(85>90)  TS_005:unhealed(85>85)  TS_006:stagnant(85>85)  TS_007:stagnant(85>85)
