[ORCH] ts=2026-08-31T07:39:53Z step=start story=640764 maxscenarios=7 tcper=10 steps=18-40 rounds=0 workers=7 pass_=90/50 judge=653 deadline=1200s
[ORCH] ts=2026-08-31T07:39:53Z step=fetch story=640764 titlechars=85 descchars=3518 acchars=2096 ms=248
[ORCH] ts=2026-08-31T07:43:40Z step=scenarios count=7 ids=TS_001,TS_002,TS_003,TS_004,TS_005,TS_006,TS_007 ms=227086
[ORCH] ts=2026-08-31T07:46:06Z step=generate scenario=TS_007 round=1 chunk=1/1 tc=2 ids=TC_001,TC_002 chars=74087 ms=145634
[ORCH] ts=2026-08-31T07:46:21Z step=review scenario=TS_007 round=1 score=85 passed=0/2 failing=TC_001,TC_002 ms=14854
[ORCH] ts=2026-08-31T07:46:21Z step=result scenario=TS_007 status=unhealed scores=[85] rounds=1 tc=2 ms=160495
[ORCH] ts=2026-08-31T07:46:47Z step=generate scenario=TS_004 round=1 chunk=1/3 tc=3 ids=TC_001,TC_002,TC_003 chars=67250 ms=186550
[ORCH] ts=2026-08-31T07:47:27Z step=generate scenario=TS_005 round=1 chunk=1/3 error=test case array is empty raw=[]
[ORCH] ts=2026-08-31T07:47:28Z step=generate scenario=TS_003 round=1 chunk=1/2 tc=3 ids=TC_001,TC_002,TC_003 chars=93945 ms=227493
[ORCH] ts=2026-08-31T07:47:47Z step=generate scenario=TS_002 round=1 chunk=1/1 error=test case array is empty raw=[]
[ORCH] ts=2026-08-31T07:47:47Z step=result scenario=TS_002 status=failed scores=[] rounds=1 tc=0 ms=247322
[ORCH] ts=2026-08-31T07:47:48Z step=agenterror label=generate:TS_001 agentid=652 phase=poll status=FAILED execution=6f3070e7-d64c-4ce6-ac13-c44181a48aea ms=247614 why={"executionId": "6f3070e7-d64c-4ce6-ac13-c44181a48aea", "agentId": 652, "output": null, "agentName": "EDI 834 Inbound Test Case Generation", "executedBy": "Hrishikesh.Rode@caresource.com", "createdAt"
[ORCH] ts=2026-08-31T07:47:48Z step=generate scenario=TS_001 round=1 chunk=1/2 error=generate:TS_001: agent 652 finished FAILED (execution 6f3070e7-d64c-4ce6-ac13-c44181a48aea)
[ORCH] ts=2026-08-31T07:47:48Z step=agenterror label=generate:TS_006 agentid=652 phase=poll status=FAILED execution=dca71dcf-3459-4d2e-8f5d-122a611ddafa ms=247672 why={"executionId": "dca71dcf-3459-4d2e-8f5d-122a611ddafa", "agentId": 652, "output": null, "agentName": "EDI 834 Inbound Test Case Generation", "executedBy": "Hrishikesh.Rode@caresource.com", "createdAt"
[ORCH] ts=2026-08-31T07:47:48Z step=generate scenario=TS_006 round=1 chunk=1/2 error=generate:TS_006: agent 652 finished FAILED (execution dca71dcf-3459-4d2e-8f5d-122a611ddafa)
[ORCH] ts=2026-08-31T07:48:32Z step=agenterror label=generate:TS_006 agentid=652 phase=poll status=FAILED execution=e3c65465-b207-4d14-a097-315fdd765904 ms=43763 why={"executionId": "e3c65465-b207-4d14-a097-315fdd765904", "agentId": 652, "output": null, "agentName": "EDI 834 Inbound Test Case Generation", "executedBy": "Hrishikesh.Rode@caresource.com", "createdAt"
[ORCH] ts=2026-08-31T07:48:32Z step=generate scenario=TS_006 round=1 chunk=2/2 error=generate:TS_006: agent 652 finished FAILED (execution e3c65465-b207-4d14-a097-315fdd765904)
[ORCH] ts=2026-08-31T07:48:32Z step=result scenario=TS_006 status=failed scores=[] rounds=1 tc=0 ms=291436
[ORCH] ts=2026-08-31T07:50:34Z step=generate scenario=TS_004 round=1 chunk=2/3 tc=3 ids=TC_001,TC_002,TC_003 chars=79076 ms=226987
[ORCH] ts=2026-08-31T07:50:34Z step=generate scenario=TS_005 round=1 chunk=2/3 tc=3 ids=TC_001,TC_002,TC_003 chars=80447 ms=187010
[ORCH] ts=2026-08-31T07:51:35Z step=generate scenario=TS_003 round=1 chunk=2/2 tc=3 ids=TC_001,TC_002,TC_003 chars=70507 ms=247569
[ORCH] ts=2026-08-31T07:51:56Z step=generate scenario=TS_001 round=1 chunk=2/2 error=test case array is empty raw=[]
[ORCH] ts=2026-08-31T07:51:56Z step=result scenario=TS_001 status=failed scores=[] rounds=1 tc=0 ms=495389
[ORCH] ts=2026-08-31T07:52:18Z step=agenterror label=review:TS_003 agentid=653 phase=poll status=FAILED execution=12e6b8b5-96c1-48b7-bd43-f8b5630e8a35 ms=43244 why={"executionId": "12e6b8b5-96c1-48b7-bd43-f8b5630e8a35", "agentId": 653, "output": null, "agentName": "Independent QA Test Case Review and Scoring Agent", "executedBy": "Hrishikesh.Rode@caresource.com"
[ORCH] ts=2026-08-31T07:52:18Z step=review scenario=TS_003 round=1 error=review:TS_003: agent 653 finished FAILED (execution 12e6b8b5-96c1-48b7-bd43-f8b5630e8a35)
[ORCH] ts=2026-08-31T07:52:18Z step=result scenario=TS_003 status=failed scores=[] rounds=1 tc=6 ms=518319
[ORCH] ts=2026-08-31T07:54:20Z step=generate scenario=TS_004 round=1 chunk=3/3 tc=2 ids=TC_001,TC_002 chars=74880 ms=226716
[ORCH] ts=2026-08-31T07:54:41Z step=generate scenario=TS_005 round=1 chunk=3/3 tc=2 ids=TC_001,TC_002 chars=72520 ms=246925
[ORCH] ts=2026-08-31T07:55:04Z step=review scenario=TS_004 round=1 score=85 passed=4/8 failing=TC_001,TC_004,TC_005,TC_006 ms=43291
[ORCH] ts=2026-08-31T07:55:04Z step=result scenario=TS_004 status=unhealed scores=[85] rounds=1 tc=8 ms=683564
[ORCH] ts=2026-08-31T07:55:07Z step=review scenario=TS_005 round=1 score=85 passed=1/5 failing=TC_002,TC_003,TC_004,TC_005 ms=25865
[ORCH] ts=2026-08-31T07:55:07Z step=result scenario=TS_005 status=unhealed scores=[85] rounds=1 tc=5 ms=687103
[ORCH] ts=2026-08-31T07:55:07Z step=renumber scenario=TS_004 ids=TC_001>TC_007,TC_002>TC_008,TC_003>TC_009,TC_004>TC_010,TC_005>TC_011,TC_006>TC_012,TC_007>TC_013,TC_008>TC_014
[ORCH] ts=2026-08-31T07:55:07Z step=renumber scenario=TS_005 ids=TC_001>TC_015,TC_002>TC_016,TC_003>TC_017,TC_004>TC_018,TC_005>TC_019
[ORCH] ts=2026-08-31T07:55:07Z step=renumber scenario=TS_007 ids=TC_001>TC_020,TC_002>TC_021
[ORCH] ts=2026-08-31T07:55:07Z step=done approved=0 unreviewed=0 unhealed=3 stagnant=0 hardstop=0 failed=4 skipped=0 testcases=21 agentcalls=19 ms=914466
[ORCH] ts=2026-08-31T07:55:07Z step=outcome story=640764 ready=11/21 testcases flagged=10 scenarios=7 elapsed=15m14s warnings=3
[ORCH] ts=2026-08-31T07:55:07Z step=flagged tc=TC_007 scenario=TS_004 why=invalid SQL check step included
[ORCH] ts=2026-08-31T07:55:07Z step=flagged tc=TC_010 scenario=TS_004 why=wrong archive path for this flow
[ORCH] ts=2026-08-31T07:55:07Z step=flagged tc=TC_011 scenario=TS_004 why=wrong archive path for this flow
[ORCH] ts=2026-08-31T07:55:07Z step=flagged tc=TC_012 scenario=TS_004 why=wrong archive path for this flow
[ORCH] ts=2026-08-31T07:55:07Z step=flagged tc=TC_016 scenario=TS_005 why=missing listed scenario coverage
[ORCH] ts=2026-08-31T07:55:07Z step=flagged tc=TC_017 scenario=TS_005 why=missing listed scenario coverage
[ORCH] ts=2026-08-31T07:55:07Z step=flagged tc=TC_018 scenario=TS_005 why=missing listed scenario coverage
[ORCH] ts=2026-08-31T07:55:07Z step=flagged tc=TC_019 scenario=TS_005 why=missing listed scenario coverage
[ORCH] ts=2026-08-31T07:55:07Z step=flagged tc=TC_020 scenario=TS_007 why=missing scenario condition coverage
[ORCH] ts=2026-08-31T07:55:07Z step=flagged tc=TC_021 scenario=TS_007 why=steps below minimum
[ORCH] ts=2026-08-31T07:55:07Z step=detail calls=19 rounds=7 scoreboard=TS_001:failed  TS_002:failed  TS_003:failed  TS_004:unhealed(85)  TS_005:unhealed(85)  TS_006:failed  TS_007:unhealed(85)
