[ORCH] ts=2026-09-01T14:02:53Z step=start story=740507 maxscenarios=20 tcper=10 steps=18-40 rounds=2 workers=20 pass_=90/50 judge=672 deadline=1200s
[ORCH] ts=2026-09-01T14:02:53Z step=fetch story=740507 titlechars=123 descchars=4308 acchars=14298 ms=211
[ORCH] ts=2026-09-01T14:04:38Z step=scenarios count=11 ids=TS_001,TS_002,TS_003,TS_004,TS_005,TS_006,TS_007,TS_008,TS_009,TS_010,TS_011 ms=104772
[ORCH] ts=2026-09-01T14:04:38Z step=condtrim scenario=TS_004 listed=12 kept=10
[ORCH] ts=2026-09-01T14:04:38Z step=condtrim scenario=TS_005 listed=13 kept=10
[ORCH] ts=2026-09-01T14:05:15Z step=agenterror label=generate:TS_004 agentid=652 phase=poll status=FAILED execution=677f6fe6-2315-48f3-b082-57c2cbf07a03 ms=36948 why={"executionId": "677f6fe6-2315-48f3-b082-57c2cbf07a03", "agentId": 652, "output": null, "agentName": "EDI 834 Inbound Test Case Generation", "executedBy": "Hrishikesh.Rode@caresource.com", "createdAt"
[ORCH] ts=2026-09-01T14:05:15Z step=generate scenario=TS_004 round=1 chunk=1/4 error=generate:TS_004: agent 652 finished FAILED (execution 677f6fe6-2315-48f3-b082-57c2cbf07a03)
[ORCH] ts=2026-09-01T14:05:15Z step=agenterror label=generate:TS_006 agentid=652 phase=poll status=FAILED execution=28438c49-2f17-432a-b542-509dd8fa64f6 ms=37021 why={"executionId": "28438c49-2f17-432a-b542-509dd8fa64f6", "agentId": 652, "output": null, "agentName": "EDI 834 Inbound Test Case Generation", "executedBy": "Hrishikesh.Rode@caresource.com", "createdAt"
[ORCH] ts=2026-09-01T14:05:15Z step=generate scenario=TS_006 round=1 chunk=1/2 error=generate:TS_006: agent 652 finished FAILED (execution 28438c49-2f17-432a-b542-509dd8fa64f6)
[ORCH] ts=2026-09-01T14:05:15Z step=agenterror label=generate:TS_001 agentid=652 phase=poll status=FAILED execution=544b4789-5e3e-4e44-a312-a61daaf34641 ms=37074 why={"executionId": "544b4789-5e3e-4e44-a312-a61daaf34641", "agentId": 652, "output": null, "agentName": "EDI 834 Inbound Test Case Generation", "executedBy": "Hrishikesh.Rode@caresource.com", "createdAt"
[ORCH] ts=2026-09-01T14:05:15Z step=generate scenario=TS_001 round=1 chunk=1/1 error=generate:TS_001: agent 652 finished FAILED (execution 544b4789-5e3e-4e44-a312-a61daaf34641)
[ORCH] ts=2026-09-01T14:05:39Z step=generate scenario=TS_002 round=1 chunk=1/1 tc=1 ids=TC_001 chars=25274 ms=60980
[ORCH] ts=2026-09-01T14:05:54Z step=review scenario=TS_002 round=1 score=85 passed=0/1 failing=TC_001 ms=14630
[ORCH] ts=2026-09-01T14:05:59Z step=generate scenario=TS_006 round=1 chunk=2/2 error=test case array is empty raw=[]
[ORCH] ts=2026-09-01T14:06:00Z step=generate scenario=TS_009 round=1 chunk=1/1 tc=1 ids=TC_001 chars=35029 ms=81346
[ORCH] ts=2026-09-01T14:06:07Z step=generate scenario=TS_008 round=1 chunk=1/1 tc=1 ids=TC_001 chars=32974 ms=88810
[ORCH] ts=2026-09-01T14:06:14Z step=review scenario=TS_009 round=1 score=92 passed=1/1 ms=14586
[ORCH] ts=2026-09-01T14:06:14Z step=result scenario=TS_009 status=approved scores=[92] rounds=1 tc=1 ms=95936
[ORCH] ts=2026-09-01T14:06:22Z step=review scenario=TS_008 round=1 score=92 passed=1/1 ms=14987
[ORCH] ts=2026-09-01T14:06:22Z step=result scenario=TS_008 status=approved scores=[92] rounds=1 tc=1 ms=103802
[ORCH] ts=2026-09-01T14:06:38Z step=generate scenario=TS_002 round=2 chunk=1/1 tc=1 ids=TC_001 chars=22695 ms=43863 regen=1
[ORCH] ts=2026-09-01T14:06:40Z step=generate scenario=TS_001 round=2 chunk=1/1 tc=2 ids=TC_001,TC_002 chars=43114 ms=84704 regen=1
[ORCH] ts=2026-09-01T14:06:52Z step=review scenario=TS_002 round=2 score=92 passed=1/1 ms=14782
[ORCH] ts=2026-09-01T14:06:52Z step=result scenario=TS_002 status=approved scores=[85, 92] rounds=2 tc=1 ms=134264
[ORCH] ts=2026-09-01T14:06:55Z step=generate scenario=TS_003 round=1 chunk=1/1 tc=2 ids=TC_001,TC_002 chars=58747 ms=136510
[ORCH] ts=2026-09-01T14:06:55Z step=review scenario=TS_001 round=2 score=85 passed=0/2 failing=TC_001,TC_002 ms=14797
[ORCH] ts=2026-09-01T14:06:55Z step=result scenario=TS_001 status=unhealed scores=[85] rounds=2 tc=2 ms=136581
[ORCH] ts=2026-09-01T14:06:55Z step=generate scenario=TS_005 round=1 chunk=1/4 tc=3 ids=TC_001,TC_002,TC_003 chars=81127 ms=136621
[ORCH] ts=2026-09-01T14:07:08Z step=generate scenario=TS_010 round=1 chunk=1/2 tc=3 ids=TC_001,TC_002,TC_003 chars=120511 ms=150277
[ORCH] ts=2026-09-01T14:07:09Z step=review scenario=TS_003 round=1 score=85 passed=0/2 failing=TC_001,TC_002 ms=14662
[ORCH] ts=2026-09-01T14:07:29Z step=generate scenario=TS_011 round=1 chunk=1/1 tc=2 ids=TC_001,TC_002 chars=66807 ms=170380
[ORCH] ts=2026-09-01T14:07:29Z step=generate scenario=TS_007 round=1 chunk=1/2 tc=3 ids=TC_001,TC_002,TC_003 chars=116829 ms=170612
[ORCH] ts=2026-09-01T14:07:43Z step=review scenario=TS_011 round=1 score=85 passed=1/2 failing=TC_002 ms=14911
[ORCH] ts=2026-09-01T14:08:32Z step=generate scenario=TS_007 round=1 chunk=2/2 error=test case array is empty raw=[]
[ORCH] ts=2026-09-01T14:08:33Z step=generate scenario=TS_003 round=2 chunk=1/1 tc=2 ids=TC_001,TC_002 chars=68042 ms=84137 regen=2
[ORCH] ts=2026-09-01T14:08:39Z step=generate scenario=TS_005 round=1 chunk=2/4 tc=3 ids=TC_001,TC_002,TC_003 chars=98327 ms=104576
[ORCH] ts=2026-09-01T14:08:45Z step=generate scenario=TS_006 round=2 chunk=1/2 tc=3 ids=TC_001,TC_002,TC_003 chars=99682 ms=166241 regen=1
[ORCH] ts=2026-09-01T14:08:59Z step=review scenario=TS_007 round=1 score=85 passed=1/3 failing=TC_002,TC_003 ms=26183
[ORCH] ts=2026-09-01T14:09:00Z step=review scenario=TS_003 round=2 score=85 passed=0/2 failing=TC_001,TC_002 ms=26240
[ORCH] ts=2026-09-01T14:09:00Z step=stagnant scenario=TS_003 round=2 scores=[85, 85] passed=[0, 0]
[ORCH] ts=2026-09-01T14:09:00Z step=result scenario=TS_003 status=stagnant scores=[85, 85] rounds=2 tc=2 ms=261565
[ORCH] ts=2026-09-01T14:09:14Z step=generate scenario=TS_010 round=1 chunk=2/2 tc=3 ids=TC_001,TC_002,TC_003 chars=96881 ms=125225
[ORCH] ts=2026-09-01T14:09:23Z step=agenterror label=generate:TS_004 agentid=652 phase=poll status=FAILED execution=6778b13a-aa98-447f-92dd-eda4925206b4 ms=248155 why={"executionId": "6778b13a-aa98-447f-92dd-eda4925206b4", "agentId": 652, "output": null, "agentName": "EDI 834 Inbound Test Case Generation", "executedBy": "Hrishikesh.Rode@caresource.com", "createdAt"
[ORCH] ts=2026-09-01T14:09:23Z step=generate scenario=TS_004 round=1 chunk=2/4 error=generate:TS_004: agent 652 finished FAILED (execution 6778b13a-aa98-447f-92dd-eda4925206b4)
[ORCH] ts=2026-09-01T14:09:29Z step=generate scenario=TS_006 round=2 chunk=2/2 error=test case array is empty raw=[]
[ORCH] ts=2026-09-01T14:09:40Z step=review scenario=TS_010 round=1 score=85 passed=5/6 failing=TC_001 ms=26288
[ORCH] ts=2026-09-01T14:09:56Z step=review scenario=TS_006 round=2 score=85 passed=1/3 failing=TC_002,TC_003 ms=26669
[ORCH] ts=2026-09-01T14:09:56Z step=result scenario=TS_006 status=unhealed scores=[85] rounds=2 tc=3 ms=317498
[ORCH] ts=2026-09-01T14:10:24Z step=generate scenario=TS_005 round=1 chunk=3/4 tc=3 ids=TC_001,TC_002,TC_003 chars=71318 ms=104774
[ORCH] ts=2026-09-01T14:11:08Z step=generate scenario=TS_004 round=1 chunk=3/4 tc=3 ids=TC_001,TC_002,TC_003 chars=84441 ms=104905
[ORCH] ts=2026-09-01T14:11:10Z step=generate scenario=TS_011 round=2 chunk=1/1 tc=2 ids=TC_001,TC_002 chars=69353 ms=206432 regen=1
[ORCH] ts=2026-09-01T14:11:24Z step=review scenario=TS_011 round=2 score=85 passed=0/2 failing=TC_001,TC_002 ms=14543
[ORCH] ts=2026-09-01T14:11:24Z step=stagnant scenario=TS_011 round=2 scores=[85, 85] passed=[1, 0]
[ORCH] ts=2026-09-01T14:11:24Z step=keptbest scenario=TS_011 round=1 passed=1 note=later round was worse, shipping the best reviewed round
[ORCH] ts=2026-09-01T14:11:24Z step=result scenario=TS_011 status=stagnant scores=[85, 85] rounds=2 tc=2 ms=406288
[ORCH] ts=2026-09-01T14:11:45Z step=generate scenario=TS_010 round=2 chunk=1/2 tc=3 ids=TC_001,TC_002,TC_003 chars=91848 ms=125337 regen=1
[ORCH] ts=2026-09-01T14:11:48Z step=generate scenario=TS_005 round=1 chunk=4/4 tc=1 ids=TC_001 chars=25515 ms=84343
[ORCH] ts=2026-09-01T14:12:12Z step=review scenario=TS_010 round=2 score=85 passed=3/6 failing=TC_001,TC_002,TC_003 ms=26846
[ORCH] ts=2026-09-01T14:12:12Z step=stagnant scenario=TS_010 round=2 scores=[85, 85] passed=[5, 3]
[ORCH] ts=2026-09-01T14:12:12Z step=keptbest scenario=TS_010 round=1 passed=5 note=later round was worse, shipping the best reviewed round
[ORCH] ts=2026-09-01T14:12:12Z step=result scenario=TS_010 status=stagnant scores=[85, 85] rounds=2 tc=6 ms=454019
[ORCH] ts=2026-09-01T14:12:12Z step=generate scenario=TS_004 round=1 chunk=4/4 tc=1 ids=TC_001 chars=55803 ms=64070
[ORCH] ts=2026-09-01T14:12:26Z step=generate scenario=TS_007 round=2 chunk=1/2 tc=4 ids=TC_001,TC_002,TC_003,TC_004 chars=143973 ms=206937 regen=2
[ORCH] ts=2026-09-01T14:12:33Z step=review scenario=TS_005 round=1 score=85 passed=0/10 failing=TC_001,TC_002,TC_003,TC_004,TC_005,TC_006,TC_007,TC_008,TC_009,TC_010 ms=44120
[ORCH] ts=2026-09-01T14:12:39Z step=review scenario=TS_004 round=1 score=85 passed=1/4 failing=TC_001,TC_002,TC_004 ms=26244
[ORCH] ts=2026-09-01T14:14:10Z step=generate scenario=TS_007 round=2 chunk=2/2 tc=1 ids=TC_001 chars=47780 ms=104791 regen=1
[ORCH] ts=2026-09-01T14:14:18Z step=generate scenario=TS_005 round=2 chunk=1/4 tc=3 ids=TC_001,TC_002,TC_003 chars=54877 ms=105012 regen=3
[ORCH] ts=2026-09-01T14:14:23Z step=generate scenario=TS_004 round=2 chunk=1/4 tc=3 ids=TC_001,TC_002,TC_003 chars=92906 ms=104635 regen=1
[ORCH] ts=2026-09-01T14:14:54Z step=review scenario=TS_007 round=2 score=85 passed=0/5 failing=TC_001,TC_002,TC_003,TC_004,TC_005 ms=43817
[ORCH] ts=2026-09-01T14:14:54Z step=stagnant scenario=TS_007 round=2 scores=[85, 85] passed=[1, 0]
[ORCH] ts=2026-09-01T14:14:54Z step=keptbest scenario=TS_007 round=1 passed=1 note=later round was worse, shipping the best reviewed round
[ORCH] ts=2026-09-01T14:14:54Z step=result scenario=TS_007 status=stagnant scores=[85, 85] rounds=2 tc=3 ms=616037
[ORCH] ts=2026-09-01T14:15:48Z step=generate scenario=TS_004 round=2 chunk=2/4 tc=3 ids=TC_001,TC_002,TC_003 chars=78378 ms=84490 regen=1
[ORCH] ts=2026-09-01T14:16:23Z step=generate scenario=TS_005 round=2 chunk=2/4 tc=3 ids=TC_001,TC_002,TC_003 chars=79846 ms=125154 regen=3
[ORCH] ts=2026-09-01T14:17:53Z step=generate scenario=TS_004 round=2 chunk=3/4 tc=3 ids=TC_001,TC_002,TC_003 chars=80210 ms=124926 regen=2
[ORCH] ts=2026-09-01T14:18:28Z step=generate scenario=TS_005 round=2 chunk=3/4 tc=3 ids=TC_001,TC_002,TC_003 chars=91958 ms=124898 regen=3
[ORCH] ts=2026-09-01T14:19:17Z step=generate scenario=TS_004 round=2 chunk=4/4 tc=1 ids=TC_001 chars=47418 ms=84264 regen=1
[ORCH] ts=2026-09-01T14:20:00Z step=review scenario=TS_004 round=2 score=85 passed=3/10 failing=TC_004,TC_005,TC_006,TC_007,TC_008,TC_009,TC_010 ms=43547
[ORCH] ts=2026-09-01T14:20:00Z step=result scenario=TS_004 status=unhealed scores=[85, 85] rounds=2 tc=10 ms=922243
[ORCH] ts=2026-09-01T14:20:12Z step=generate scenario=TS_005 round=2 chunk=4/4 tc=1 ids=TC_001 chars=35606 ms=104526 regen=1
[ORCH] ts=2026-09-01T14:20:56Z step=review scenario=TS_005 round=2 score=85 passed=4/10 failing=TC_001,TC_002,TC_007,TC_008,TC_009,TC_010 ms=43516
[ORCH] ts=2026-09-01T14:20:56Z step=result scenario=TS_005 status=unhealed scores=[85, 85] rounds=2 tc=10 ms=977607
[ORCH] ts=2026-09-01T14:20:56Z step=renumber scenario=TS_002 ids=TC_001>TC_003
[ORCH] ts=2026-09-01T14:20:56Z step=renumber scenario=TS_003 ids=TC_001>TC_004,TC_002>TC_005
[ORCH] ts=2026-09-01T14:20:56Z step=renumber scenario=TS_004 ids=TC_001>TC_006,TC_002>TC_007,TC_003>TC_008,TC_004>TC_009,TC_005>TC_010,TC_006>TC_011,TC_007>TC_012,TC_008>TC_013,TC_009>TC_014,TC_010>TC_015
[ORCH] ts=2026-09-01T14:20:56Z step=renumber scenario=TS_005 ids=TC_001>TC_016,TC_002>TC_017,TC_003>TC_018,TC_004>TC_019,TC_005>TC_020,TC_006>TC_021,TC_007>TC_022,TC_008>TC_023,TC_009>TC_024,TC_010>TC_025
[ORCH] ts=2026-09-01T14:20:56Z step=renumber scenario=TS_006 ids=TC_001>TC_026,TC_002>TC_027,TC_003>TC_028
[ORCH] ts=2026-09-01T14:20:56Z step=renumber scenario=TS_007 ids=TC_001>TC_029,TC_002>TC_030,TC_003>TC_031
[ORCH] ts=2026-09-01T14:20:56Z step=renumber scenario=TS_008 ids=TC_001>TC_032
[ORCH] ts=2026-09-01T14:20:56Z step=renumber scenario=TS_009 ids=TC_001>TC_033
[ORCH] ts=2026-09-01T14:20:56Z step=renumber scenario=TS_010 ids=TC_001>TC_034,TC_002>TC_035,TC_003>TC_036,TC_004>TC_037,TC_005>TC_038,TC_006>TC_039
[ORCH] ts=2026-09-01T14:20:56Z step=renumber scenario=TS_011 ids=TC_001>TC_040,TC_002>TC_041
[ORCH] ts=2026-09-01T14:20:56Z step=done approved=3 unreviewed=0 unhealed=4 stagnant=4 hardstop=0 failed=0 skipped=0 testcases=41 agentcalls=56 ms=1082625
[ORCH] ts=2026-09-01T14:20:56Z step=outcome story=740507 ready=18/41 testcases flagged=23 scenarios=11 elapsed=18m02s
[ORCH] ts=2026-09-01T14:20:56Z step=flagged tc=TC_001 scenario=TS_001 why=missing exact row-count assertion
[ORCH] ts=2026-09-01T14:20:56Z step=flagged tc=TC_002 scenario=TS_001 why=missing MemberCOB staging validation
[ORCH] ts=2026-09-01T14:20:56Z step=flagged tc=TC_004 scenario=TS_003 why=wrong step count and duplicate intent
[ORCH] ts=2026-09-01T14:20:56Z step=flagged tc=TC_005 scenario=TS_003 why=duplicate intent
[ORCH] ts=2026-09-01T14:20:56Z step=flagged tc=TC_009 scenario=TS_004 why=wrong Facets database file used
[ORCH] ts=2026-09-01T14:20:56Z step=flagged tc=TC_010 scenario=TS_004 why=wrong Facets database file used
[ORCH] ts=2026-09-01T14:20:56Z step=flagged tc=TC_011 scenario=TS_004 why=wrong Facets database file used
[ORCH] ts=2026-09-01T14:20:56Z step=flagged tc=TC_012 scenario=TS_004 why=missing dedicated 021 case
[ORCH] ts=2026-09-01T14:20:56Z step=flagged tc=TC_013 scenario=TS_004 why=missing dedicated 025 case
[ORCH] ts=2026-09-01T14:20:56Z step=flagged tc=TC_014 scenario=TS_004 why=wrong member column names used
[ORCH] ts=2026-09-01T14:20:56Z step=flagged tc=TC_015 scenario=TS_004 why=duplicate of TC_009
[ORCH] ts=2026-09-01T14:20:56Z step=flagged tc=TC_016 scenario=TS_005 why=wrong mapping query columns
[ORCH] ts=2026-09-01T14:20:56Z step=flagged tc=TC_017 scenario=TS_005 why=missing required table checks
[ORCH] ts=2026-09-01T14:20:56Z step=flagged tc=TC_022 scenario=TS_005 why=wrong table names used
[ORCH] ts=2026-09-01T14:20:56Z step=flagged tc=TC_023 scenario=TS_005 why=wrong mapping query columns
[ORCH] ts=2026-09-01T14:20:56Z step=flagged tc=TC_024 scenario=TS_005 why=wrong mapping query columns
[ORCH] ts=2026-09-01T14:20:56Z step=flagged tc=TC_025 scenario=TS_005 why=observability-only duplicate
[ORCH] ts=2026-09-01T14:20:56Z step=flagged tc=TC_027 scenario=TS_006 why=missing one matrix condition
[ORCH] ts=2026-09-01T14:20:56Z step=flagged tc=TC_028 scenario=TS_006 why=duplicate of another case
[ORCH] ts=2026-09-01T14:20:56Z step=flagged tc=TC_030 scenario=TS_007 why=missing one matrix condition
[ORCH] ts=2026-09-01T14:20:56Z step=flagged tc=TC_031 scenario=TS_007 why=missing one matrix condition
[ORCH] ts=2026-09-01T14:20:56Z step=flagged tc=TC_034 scenario=TS_010 why=too many steps
[ORCH] ts=2026-09-01T14:20:56Z step=flagged tc=TC_041 scenario=TS_011 why=same intent as another case
[ORCH] ts=2026-09-01T14:20:56Z step=detail calls=56 rounds=20 scoreboard=TS_001:unhealed(85)  TS_002:approved(85>92)  TS_003:stagnant(85>85)  TS_004:unhealed(85>85)  TS_005:unhealed(85>85)  TS_006:unhealed(85)  TS_007:stagnant(85>85)  TS_008:approved(92)  TS_009:approved(92)  TS_010:stagnant(85>85)  TS_011:stagnant(85>85)
