[ORCH] ts=2026-08-28T14:21:35Z step=start story=640764 maxscenarios=7 tcper=10 steps=10-40 rounds=2 workers=7 pass_=90/50 judge=653 deadline=1200s
[ORCH] ts=2026-08-28T14:21:35Z step=fetch story=640764 titlechars=85 descchars=3518 acchars=2096 ms=251
[ORCH] ts=2026-08-28T14:22:39Z step=scenarios count=7 ids=TS_001,TS_002,TS_003,TS_004,TS_005,TS_006,TS_007 ms=64206
[ORCH] ts=2026-08-28T14:23:43Z step=generate scenario=TS_003 round=1 chunk=1/1 tc=2 ids=TC_001,TC_002 chars=33007 ms=64070
[ORCH] ts=2026-08-28T14:23:58Z step=review scenario=TS_003 round=1 score=85 passed=0/2 failing=TC_001,TC_002 ms=14722
[ORCH] ts=2026-08-28T14:24:03Z step=generate scenario=TS_004 round=1 chunk=1/3 tc=3 ids=TC_001,TC_002,TC_003 chars=49794 ms=84346
[ORCH] ts=2026-08-28T14:24:04Z step=generate scenario=TS_002 round=1 chunk=1/1 tc=2 ids=TC_001,TC_002 chars=38757 ms=84410
[ORCH] ts=2026-08-28T14:24:04Z step=generate scenario=TS_001 round=1 chunk=1/2 tc=3 ids=TC_001,TC_002,TC_003 chars=52061 ms=84676
[ORCH] ts=2026-08-28T14:24:04Z step=generate scenario=TS_007 round=1 chunk=1/1 tc=3 ids=TC_001,TC_002,TC_003 chars=59912 ms=84702
[ORCH] ts=2026-08-28T14:24:04Z step=generate scenario=TS_006 round=1 chunk=1/2 tc=3 ids=TC_001,TC_002,TC_003 chars=46324 ms=84831
[ORCH] ts=2026-08-28T14:24:18Z step=review scenario=TS_002 round=1 score=85 passed=1/2 failing=TC_002 ms=14573
[ORCH] ts=2026-08-28T14:24:24Z step=generate scenario=TS_005 round=1 chunk=1/3 tc=3 ids=TC_001,TC_002,TC_003 chars=58490 ms=104777
[ORCH] ts=2026-08-28T14:24:30Z step=review scenario=TS_007 round=1 score=85 passed=0/3 failing=TC_001,TC_002,TC_003 ms=26233
[ORCH] ts=2026-08-28T14:25:08Z step=generate scenario=TS_001 round=1 chunk=2/2 tc=2 ids=TC_001,TC_002 chars=38450 ms=63718
[ORCH] ts=2026-08-28T14:25:08Z step=generate scenario=TS_006 round=1 chunk=2/2 tc=1 ids=TC_001 chars=23924 ms=63726
[ORCH] ts=2026-08-28T14:25:22Z step=generate scenario=TS_003 round=2 chunk=1/1 tc=2 ids=TC_001,TC_002 chars=46757 ms=84530 regen=2
[ORCH] ts=2026-08-28T14:25:28Z step=generate scenario=TS_004 round=1 chunk=2/3 tc=3 ids=TC_001,TC_002,TC_003 chars=43482 ms=84220
[ORCH] ts=2026-08-28T14:25:34Z step=review scenario=TS_001 round=1 score=85 passed=0/5 failing=TC_001,TC_002,TC_003,TC_004,TC_005 ms=26723
[ORCH] ts=2026-08-28T14:25:34Z step=review scenario=TS_006 round=1 score=85 passed=0/4 failing=TC_001,TC_002,TC_003,TC_004 ms=26586
[ORCH] ts=2026-08-28T14:25:37Z step=review scenario=TS_003 round=2 score=92 passed=2/2 ms=14380
[ORCH] ts=2026-08-28T14:25:37Z step=result scenario=TS_003 status=approved scores=[85, 92] rounds=2 tc=2 ms=177711
[ORCH] ts=2026-08-28T14:25:48Z step=generate scenario=TS_005 round=1 chunk=2/3 tc=3 ids=TC_001,TC_002,TC_003 chars=52056 ms=83977
[ORCH] ts=2026-08-28T14:26:03Z step=generate scenario=TS_002 round=2 chunk=1/1 tc=2 ids=TC_001,TC_002 chars=39393 ms=105311 regen=1
[ORCH] ts=2026-08-28T14:26:15Z step=generate scenario=TS_007 round=2 chunk=1/1 tc=3 ids=TC_001,TC_002,TC_003 chars=60875 ms=104812 regen=3
[ORCH] ts=2026-08-28T14:26:18Z step=review scenario=TS_002 round=2 score=85 passed=1/2 failing=TC_002 ms=14313
[ORCH] ts=2026-08-28T14:26:18Z step=stagnant scenario=TS_002 round=2 scores=[85, 85] passed=[1, 1]
[ORCH] ts=2026-08-28T14:26:18Z step=result scenario=TS_002 status=stagnant scores=[85, 85] rounds=2 tc=2 ms=218617
[ORCH] ts=2026-08-28T14:26:30Z step=review scenario=TS_007 round=2 score=85 passed=0/3 failing=TC_001,TC_002,TC_003 ms=14672
[ORCH] ts=2026-08-28T14:26:30Z step=stagnant scenario=TS_007 round=2 scores=[85, 85] passed=[0, 0]
[ORCH] ts=2026-08-28T14:26:30Z step=result scenario=TS_007 status=stagnant scores=[85, 85] rounds=2 tc=3 ms=230432
[ORCH] ts=2026-08-28T14:26:32Z step=generate scenario=TS_004 round=1 chunk=3/3 tc=2 ids=TC_001,TC_002 chars=46466 ms=64253
[ORCH] ts=2026-08-28T14:26:52Z step=generate scenario=TS_005 round=1 chunk=3/3 tc=2 ids=TC_TS005_001,TC_TS005_002 chars=47095 ms=63867
[ORCH] ts=2026-08-28T14:26:58Z step=generate scenario=TS_006 round=2 chunk=1/2 tc=3 ids=TC_001,TC_002,TC_003 chars=55153 ms=83713 regen=3
[ORCH] ts=2026-08-28T14:26:58Z step=generate scenario=TS_001 round=2 chunk=1/2 tc=3 ids=TC_001,TC_002,TC_003 chars=58538 ms=84131 regen=3
[ORCH] ts=2026-08-28T14:27:15Z step=review scenario=TS_004 round=1 score=85 passed=1/8 failing=TC_001,TC_002,TC_003,TC_004,TC_005,TC_006,TC_008 ms=43164
[ORCH] ts=2026-08-28T14:27:35Z step=review scenario=TS_005 round=1 score=85 passed=1/8 failing=TC_002,TC_003,TC_004,TC_005,TC_006,TC_007,TC_008 ms=43311
[ORCH] ts=2026-08-28T14:28:02Z step=generate scenario=TS_006 round=2 chunk=2/2 tc=1 ids=TC_001 chars=31255 ms=64174 regen=1
[ORCH] ts=2026-08-28T14:28:17Z step=review scenario=TS_006 round=2 score=85 passed=3/4 failing=TC_004 ms=14495
[ORCH] ts=2026-08-28T14:28:17Z step=result scenario=TS_006 status=unhealed scores=[85, 85] rounds=2 tc=4 ms=337542
[ORCH] ts=2026-08-28T14:28:22Z step=generate scenario=TS_001 round=2 chunk=2/2 tc=2 ids=TC_001,TC_002 chars=39252 ms=84006 regen=2
[ORCH] ts=2026-08-28T14:28:59Z step=generate scenario=TS_005 round=2 chunk=1/3 tc=3 ids=TC_001,TC_002,TC_003 chars=67544 ms=84165 regen=2
[ORCH] ts=2026-08-28T14:29:06Z step=review scenario=TS_001 round=2 score=85 passed=0/5 failing=TC_001,TC_002,TC_003,TC_004,TC_005 ms=43561
[ORCH] ts=2026-08-28T14:29:06Z step=stagnant scenario=TS_001 round=2 scores=[85, 85] passed=[0, 0]
[ORCH] ts=2026-08-28T14:29:06Z step=result scenario=TS_001 status=stagnant scores=[85, 85] rounds=2 tc=5 ms=386835
[ORCH] ts=2026-08-28T14:30:01Z step=generate scenario=TS_004 round=2 chunk=1/3 tc=3 ids=TC_001,TC_002,TC_003 chars=54149 ms=166077 regen=3
[ORCH] ts=2026-08-28T14:30:24Z step=generate scenario=TS_005 round=2 chunk=2/3 tc=3 ids=TC_001,TC_002,TC_003 chars=47404 ms=84824 regen=3
[ORCH] ts=2026-08-28T14:31:26Z step=generate scenario=TS_004 round=2 chunk=2/3 tc=3 ids=TC_001,TC_002,TC_003 chars=51859 ms=84407 regen=3
[ORCH] ts=2026-08-28T14:31:49Z step=generate scenario=TS_005 round=2 chunk=3/3 tc=2 ids=TC_TS005_001,TC_TS005_002 chars=56470 ms=84481 regen=2
[ORCH] ts=2026-08-28T14:32:15Z step=review scenario=TS_005 round=2 score=85 passed=4/8 failing=TC_004,TC_005,TC_006,TC_008 ms=26172
[ORCH] ts=2026-08-28T14:32:15Z step=result scenario=TS_005 status=unhealed scores=[85, 85] rounds=2 tc=8 ms=575606
[ORCH] ts=2026-08-28T14:32:50Z step=generate scenario=TS_004 round=2 chunk=3/3 tc=2 ids=TC_001,TC_002 chars=51541 ms=84018 regen=1
[ORCH] ts=2026-08-28T14:33:33Z step=review scenario=TS_004 round=2 score=85 passed=2/8 failing=TC_001,TC_002,TC_003,TC_005,TC_006,TC_008 ms=43159
[ORCH] ts=2026-08-28T14:33:33Z step=result scenario=TS_004 status=unhealed scores=[85, 85] rounds=2 tc=8 ms=653684
[ORCH] ts=2026-08-28T14:33:33Z step=renumber scenario=TS_002 ids=TC_001>TC_006,TC_002>TC_007
[ORCH] ts=2026-08-28T14:33:33Z step=renumber scenario=TS_003 ids=TC_001>TC_008,TC_002>TC_009
[ORCH] ts=2026-08-28T14:33:33Z step=renumber scenario=TS_004 ids=TC_001>TC_010,TC_002>TC_011,TC_003>TC_012,TC_004>TC_013,TC_005>TC_014,TC_006>TC_015,TC_007>TC_016,TC_008>TC_017
[ORCH] ts=2026-08-28T14:33:33Z step=renumber scenario=TS_005 ids=TC_001>TC_018,TC_002>TC_019,TC_003>TC_020,TC_004>TC_021,TC_005>TC_022,TC_006>TC_023,TC_007>TC_024,TC_008>TC_025
[ORCH] ts=2026-08-28T14:33:33Z step=renumber scenario=TS_006 ids=TC_001>TC_026,TC_002>TC_027,TC_003>TC_028,TC_004>TC_029
[ORCH] ts=2026-08-28T14:33:33Z step=renumber scenario=TS_007 ids=TC_001>TC_030,TC_002>TC_031,TC_003>TC_032
[ORCH] ts=2026-08-28T14:33:33Z step=done approved=1 unreviewed=0 unhealed=3 stagnant=3 hardstop=0 failed=0 skipped=0 testcases=32 agentcalls=41 ms=718163
[ORCH] ts=2026-08-28T14:33:33Z step=outcome story=640764 ready=12/32 testcases flagged=20 scenarios=7 elapsed=11m58s
[ORCH] ts=2026-08-28T14:33:33Z step=flagged tc=TC_001 scenario=TS_001 why=archive path contradicts another case
[ORCH] ts=2026-08-28T14:33:33Z step=flagged tc=TC_002 scenario=TS_001 why=first-occurrence variant is duplicated
[ORCH] ts=2026-08-28T14:33:33Z step=flagged tc=TC_003 scenario=TS_001 why=duplicates maintenance first-occurrence case
[ORCH] ts=2026-08-28T14:33:33Z step=flagged tc=TC_004 scenario=TS_001 why=duplicates eligibility first-occurrence case
[ORCH] ts=2026-08-28T14:33:33Z step=flagged tc=TC_005 scenario=TS_001 why=too few steps for required depth
[ORCH] ts=2026-08-28T14:33:33Z step=flagged tc=TC_007 scenario=TS_002 why=too few steps
[ORCH] ts=2026-08-28T14:33:33Z step=flagged tc=TC_010 scenario=TS_004 why=archive path conflicts with scenario flow
[ORCH] ts=2026-08-28T14:33:33Z step=flagged tc=TC_011 scenario=TS_004 why=too few steps for required flow
[ORCH] ts=2026-08-28T14:33:33Z step=flagged tc=TC_012 scenario=TS_004 why=too few steps for required flow
[ORCH] ts=2026-08-28T14:33:33Z step=flagged tc=TC_014 scenario=TS_004 why=too few steps for required flow
[ORCH] ts=2026-08-28T14:33:33Z step=flagged tc=TC_015 scenario=TS_004 why=too few steps for required flow
[ORCH] ts=2026-08-28T14:33:33Z step=flagged tc=TC_017 scenario=TS_004 why=too few steps for required flow
[ORCH] ts=2026-08-28T14:33:33Z step=flagged tc=TC_021 scenario=TS_005 why=archive path contradicts other cases
[ORCH] ts=2026-08-28T14:33:33Z step=flagged tc=TC_022 scenario=TS_005 why=too few steps for full flow
[ORCH] ts=2026-08-28T14:33:33Z step=flagged tc=TC_023 scenario=TS_005 why=too few steps for full flow
[ORCH] ts=2026-08-28T14:33:33Z step=flagged tc=TC_025 scenario=TS_005 why=too few steps for full flow
[ORCH] ts=2026-08-28T14:33:33Z step=flagged tc=TC_029 scenario=TS_006 why=archive path conflicts with other cases
[ORCH] ts=2026-08-28T14:33:33Z step=flagged tc=TC_030 scenario=TS_007 why=same intent as other cases
[ORCH] ts=2026-08-28T14:33:33Z step=flagged tc=TC_031 scenario=TS_007 why=same intent as another case
[ORCH] ts=2026-08-28T14:33:33Z step=flagged tc=TC_032 scenario=TS_007 why=same intent as other cases
[ORCH] ts=2026-08-28T14:33:33Z step=detail calls=41 rounds=14 scoreboard=TS_001:stagnant(85>85)  TS_002:stagnant(85>85)  TS_003:approved(85>92)  TS_004:unhealed(85>85)  TS_005:unhealed(85>85)  TS_006:unhealed(85>85)  TS_007:stagnant(85>85)
