[ORCH] ts=2026-08-31T07:42:55Z step=start story=640764 maxscenarios=7 tcper=10 steps=18-40 rounds=2 workers=7 pass_=90/50 judge=653 deadline=1200s
[ORCH] ts=2026-08-31T07:42:55Z step=fetch story=640764 titlechars=85 descchars=3518 acchars=2096 ms=158
[ORCH] ts=2026-08-31T07:47:02Z step=agenterror label=scenarios agentid=654 phase=poll status=FAILED execution=e523b64a-caac-4c34-abfb-6b3b5b8a5359 ms=247136 why={"executionId": "e523b64a-caac-4c34-abfb-6b3b5b8a5359", "agentId": 654, "output": null, "agentName": "EDI 834 Inbound User Story Test Scenario Generator", "executedBy": "Hrishikesh.Rode@caresource.com
[ORCH] ts=2026-08-31T07:47:02Z step=scenarios attempt=1/3 error=scenarios: agent 654 finished FAILED (execution e523b64a-caac-4c34-abfb-6b3b5b8a5359)
[ORCH] ts=2026-08-31T07:49:08Z step=scenarios count=7 ids=TS_001,TS_002,TS_003,TS_004,TS_005,TS_006,TS_007 ms=125633
[ORCH] ts=2026-08-31T07:49:51Z step=agenterror label=generate:TS_003 agentid=652 phase=poll status=FAILED execution=68ab398f-b823-464a-8596-f1118452558f ms=43684 why={"executionId": "68ab398f-b823-464a-8596-f1118452558f", "agentId": 652, "output": null, "agentName": "EDI 834 Inbound Test Case Generation", "executedBy": "Hrishikesh.Rode@caresource.com", "createdAt"
[ORCH] ts=2026-08-31T07:49:51Z step=generate scenario=TS_003 round=1 chunk=1/1 error=generate:TS_003: agent 652 finished FAILED (execution 68ab398f-b823-464a-8596-f1118452558f)
[ORCH] ts=2026-08-31T07:52:14Z step=generate scenario=TS_006 round=1 chunk=1/1 tc=3 ids=TC_001,TC_002,TC_003 chars=73028 ms=186056
[ORCH] ts=2026-08-31T07:52:14Z step=generate scenario=TS_001 round=1 chunk=1/2 error=test case array is empty raw=[]
[ORCH] ts=2026-08-31T07:52:34Z step=generate scenario=TS_007 round=1 chunk=1/2 tc=3 ids=TC_001,TC_002,TC_003 chars=75619 ms=206288
[ORCH] ts=2026-08-31T07:52:55Z step=generate scenario=TS_002 round=1 chunk=1/1 error=test case array is empty raw=[]
[ORCH] ts=2026-08-31T07:53:15Z step=generate scenario=TS_005 round=1 chunk=1/3 tc=3 ids=TC_001,TC_002,TC_003 chars=88892 ms=247015
[ORCH] ts=2026-08-31T07:53:15Z step=agenterror label=generate:TS_004 agentid=652 phase=poll status=FAILED execution=cea5eb2d-8518-4f2b-8010-341b98a64ec5 ms=247245 why={"executionId": "cea5eb2d-8518-4f2b-8010-341b98a64ec5", "agentId": 652, "output": null, "agentName": "EDI 834 Inbound Test Case Generation", "executedBy": "Hrishikesh.Rode@caresource.com", "createdAt"
[ORCH] ts=2026-08-31T07:53:15Z step=generate scenario=TS_004 round=1 chunk=1/3 error=generate:TS_004: agent 652 finished FAILED (execution cea5eb2d-8518-4f2b-8010-341b98a64ec5)
[ORCH] ts=2026-08-31T07:53:59Z step=agenterror label=generate:TS_003 agentid=652 phase=poll status=FAILED execution=783b6337-c82d-4dcc-9dfc-4261f6f4a5f7 ms=247722 why={"executionId": "783b6337-c82d-4dcc-9dfc-4261f6f4a5f7", "agentId": 652, "output": null, "agentName": "EDI 834 Inbound Test Case Generation", "executedBy": "Hrishikesh.Rode@caresource.com", "createdAt"
[ORCH] ts=2026-08-31T07:53:59Z step=generate scenario=TS_003 round=2 chunk=1/1 error=generate:TS_003: agent 652 finished FAILED (execution 783b6337-c82d-4dcc-9dfc-4261f6f4a5f7)
[ORCH] ts=2026-08-31T07:53:59Z step=result scenario=TS_003 status=failed scores=[] rounds=2 tc=0 ms=291407
[ORCH] ts=2026-08-31T07:53:59Z step=review scenario=TS_006 round=1 score=85 passed=0/3 failing=TC_001,TC_002,TC_003 ms=105614
[ORCH] ts=2026-08-31T07:55:00Z step=generate scenario=TS_002 round=2 chunk=1/1 tc=3 ids=TC_001,TC_002,TC_003 chars=73169 ms=125323 regen=1
[ORCH] ts=2026-08-31T07:55:19Z step=generate scenario=TS_005 round=1 chunk=2/3 tc=3 ids=TC_001,TC_002,TC_003 chars=99321 ms=124756
[ORCH] ts=2026-08-31T07:55:43Z step=agenterror label=review:TS_002 agentid=653 phase=poll status=FAILED execution=d7cbcb03-c6a4-470a-b665-79a083ae207f ms=43474 why={"executionId": "d7cbcb03-c6a4-470a-b665-79a083ae207f", "agentId": 653, "output": null, "agentName": "Independent QA Test Case Review and Scoring Agent", "executedBy": "Hrishikesh.Rode@caresource.com"
[ORCH] ts=2026-08-31T07:55:43Z step=review scenario=TS_002 round=2 error=review:TS_002: agent 653 finished FAILED (execution d7cbcb03-c6a4-470a-b665-79a083ae207f)
[ORCH] ts=2026-08-31T07:55:43Z step=result scenario=TS_002 status=failed scores=[] rounds=2 tc=3 ms=395606
[ORCH] ts=2026-08-31T07:56:23Z step=generate scenario=TS_001 round=1 chunk=2/2 tc=2 ids=TC_001,TC_002 chars=48570 ms=249182
[ORCH] ts=2026-08-31T07:56:41Z step=agenterror label=generate:TS_007 agentid=652 phase=poll status=FAILED execution=329a0f7c-29de-499f-b1d5-fc06b7e8b9bb ms=247353 why={"executionId": "329a0f7c-29de-499f-b1d5-fc06b7e8b9bb", "agentId": 652, "output": null, "agentName": "EDI 834 Inbound Test Case Generation", "executedBy": "Hrishikesh.Rode@caresource.com", "createdAt"
[ORCH] ts=2026-08-31T07:56:41Z step=generate scenario=TS_007 round=1 chunk=2/2 error=generate:TS_007: agent 652 finished FAILED (execution 329a0f7c-29de-499f-b1d5-fc06b7e8b9bb)
[ORCH] ts=2026-08-31T07:56:56Z step=review scenario=TS_007 round=1 score=85 passed=0/3 failing=TC_001,TC_002,TC_003 ms=14758
[ORCH] ts=2026-08-31T07:57:22Z step=agenterror label=generate:TS_004 agentid=652 phase=poll status=FAILED execution=70775f58-0bdd-41e1-b6b2-a872601ee81e ms=247185 why={"executionId": "70775f58-0bdd-41e1-b6b2-a872601ee81e", "agentId": 652, "output": null, "agentName": "EDI 834 Inbound Test Case Generation", "executedBy": "Hrishikesh.Rode@caresource.com", "createdAt"
[ORCH] ts=2026-08-31T07:57:22Z step=generate scenario=TS_004 round=1 chunk=2/3 error=generate:TS_004: agent 652 finished FAILED (execution 70775f58-0bdd-41e1-b6b2-a872601ee81e)
[ORCH] ts=2026-08-31T07:57:49Z step=review scenario=TS_001 round=1 score=85 passed=0/2 failing=TC_001,TC_002 ms=86289
[ORCH] ts=2026-08-31T07:58:07Z step=agenterror label=generate:TS_004 agentid=652 phase=poll status=FAILED execution=ce19055c-0f98-4c00-94eb-c91c16cd9029 ms=44397 why={"executionId": "ce19055c-0f98-4c00-94eb-c91c16cd9029", "agentId": 652, "output": null, "agentName": "EDI 834 Inbound Test Case Generation", "executedBy": "Hrishikesh.Rode@caresource.com", "createdAt"
[ORCH] ts=2026-08-31T07:58:07Z step=generate scenario=TS_004 round=1 chunk=3/3 error=generate:TS_004: agent 652 finished FAILED (execution ce19055c-0f98-4c00-94eb-c91c16cd9029)
[ORCH] ts=2026-08-31T07:58:08Z step=agenterror label=generate:TS_006 agentid=652 phase=poll status=FAILED execution=798cd1a6-ac14-4904-9c22-1b3d0b32af37 ms=248361 why={"executionId": "798cd1a6-ac14-4904-9c22-1b3d0b32af37", "agentId": 652, "output": null, "agentName": "EDI 834 Inbound Test Case Generation", "executedBy": "Hrishikesh.Rode@caresource.com", "createdAt"
[ORCH] ts=2026-08-31T07:58:08Z step=generate scenario=TS_006 round=2 chunk=1/1 error=generate:TS_006: agent 652 finished FAILED (execution 798cd1a6-ac14-4904-9c22-1b3d0b32af37)
[ORCH] ts=2026-08-31T07:58:47Z step=generate scenario=TS_005 round=1 chunk=3/3 error=test case array is empty raw=[]
[ORCH] ts=2026-08-31T07:58:51Z step=review scenario=TS_006 round=2 score=85 passed=2/3 failing=TC_001 ms=43703
[ORCH] ts=2026-08-31T07:58:51Z step=result scenario=TS_006 status=unhealed scores=[85, 85] rounds=2 tc=3 ms=583748
[ORCH] ts=2026-08-31T07:59:14Z step=generate scenario=TS_001 round=2 chunk=1/2 tc=3 ids=TC_001,TC_002,TC_003 chars=68964 ms=84310 regen=1
[ORCH] ts=2026-08-31T07:59:31Z step=review scenario=TS_005 round=1 score=85 passed=2/6 failing=TC_001,TC_004,TC_005,TC_006 ms=43803
[ORCH] ts=2026-08-31T08:00:12Z step=generate scenario=TS_004 round=2 chunk=1/3 error=test case array is empty raw=[]
[ORCH] ts=2026-08-31T08:01:04Z step=generate scenario=TS_007 round=2 chunk=1/2 error=test case array is empty raw=[]
[ORCH] ts=2026-08-31T08:01:39Z step=generate scenario=TS_001 round=2 chunk=2/2 tc=2 ids=TC_001,TC_002 chars=54273 ms=145337 regen=2
[ORCH] ts=2026-08-31T08:02:05Z step=review scenario=TS_001 round=2 score=85 passed=1/5 failing=TC_002,TC_003,TC_004,TC_005 ms=26343
[ORCH] ts=2026-08-31T08:02:05Z step=result scenario=TS_001 status=unhealed scores=[85, 85] rounds=2 tc=5 ms=777653
[ORCH] ts=2026-08-31T08:02:08Z step=generate scenario=TS_007 round=2 chunk=2/2 tc=1 ids=TC_001 chars=33701 ms=64099 regen=1
[ORCH] ts=2026-08-31T08:02:35Z step=review scenario=TS_007 round=2 score=85 passed=2/4 failing=TC_002,TC_003 ms=27070
[ORCH] ts=2026-08-31T08:02:35Z step=result scenario=TS_007 status=unhealed scores=[85, 85] rounds=2 tc=4 ms=806993
[ORCH] ts=2026-08-31T08:02:55Z step=generate scenario=TS_005 round=2 chunk=1/3 error=generate:TS_005: agent 652 still IN_PROGRESS when the budget ran out (execution 4007ba9d-9cdc-43cf-9a76-07809bfac3eb)
[ORCH] ts=2026-08-31T08:02:55Z step=generate scenario=TS_005 round=2 chunk=2/3 error=budget exhausted before call
[ORCH] ts=2026-08-31T08:02:55Z step=generate scenario=TS_005 round=2 chunk=3/3 error=budget exhausted before call
[ORCH] ts=2026-08-31T08:02:55Z step=review scenario=TS_005 round=2 error=budget exhausted before call
[ORCH] ts=2026-08-31T08:02:55Z step=keptbest scenario=TS_005 round=1 passed=2 note=later round was worse, shipping the best reviewed round
[ORCH] ts=2026-08-31T08:02:55Z step=result scenario=TS_005 status=unhealed scores=[85] rounds=2 tc=6 ms=827414
[ORCH] ts=2026-08-31T08:02:55Z step=generate scenario=TS_004 round=2 chunk=2/3 error=generate:TS_004: agent 652 still IN_PROGRESS when the budget ran out (execution 0bae0b7c-ed53-4436-9256-964b04f78f5c)
[ORCH] ts=2026-08-31T08:02:55Z step=generate scenario=TS_004 round=2 chunk=3/3 error=budget exhausted before call
[ORCH] ts=2026-08-31T08:02:55Z step=result scenario=TS_004 status=failed scores=[] rounds=2 tc=0 ms=827432
[ORCH] ts=2026-08-31T08:02:55Z step=renumber scenario=TS_002 ids=TC_001>TC_006,TC_002>TC_007,TC_003>TC_008
[ORCH] ts=2026-08-31T08:02:55Z step=renumber scenario=TS_005 ids=TC_001>TC_009,TC_002>TC_010,TC_003>TC_011,TC_004>TC_012,TC_005>TC_013,TC_006>TC_014
[ORCH] ts=2026-08-31T08:02:55Z step=renumber scenario=TS_006 ids=TC_001>TC_015,TC_002>TC_016,TC_003>TC_017
[ORCH] ts=2026-08-31T08:02:55Z step=renumber scenario=TS_007 ids=TC_001>TC_018,TC_002>TC_019,TC_003>TC_020,TC_004>TC_021
[ORCH] ts=2026-08-31T08:02:55Z step=done approved=0 unreviewed=0 unhealed=4 stagnant=0 hardstop=0 failed=3 skipped=0 testcases=21 agentcalls=33 ms=1200384
[ORCH] ts=2026-08-31T08:02:55Z step=outcome story=640764 ready=10/21 testcases flagged=11 scenarios=7 elapsed=20m00s warnings=2
[ORCH] ts=2026-08-31T08:02:55Z step=flagged tc=TC_002 scenario=TS_001 why=too few steps for full flow
[ORCH] ts=2026-08-31T08:02:55Z step=flagged tc=TC_003 scenario=TS_001 why=too few steps for full flow
[ORCH] ts=2026-08-31T08:02:55Z step=flagged tc=TC_004 scenario=TS_001 why=wrong archive path for scenario
[ORCH] ts=2026-08-31T08:02:55Z step=flagged tc=TC_005 scenario=TS_001 why=too few steps for full flow
[ORCH] ts=2026-08-31T08:02:55Z step=flagged tc=TC_009 scenario=TS_005 why=server name typo in a step
[ORCH] ts=2026-08-31T08:02:55Z step=flagged tc=TC_012 scenario=TS_005 why=wrong TM UI host used
[ORCH] ts=2026-08-31T08:02:55Z step=flagged tc=TC_013 scenario=TS_005 why=missing scenario condition coverage
[ORCH] ts=2026-08-31T08:02:55Z step=flagged tc=TC_014 scenario=TS_005 why=missing scenario condition coverage
[ORCH] ts=2026-08-31T08:02:55Z step=flagged tc=TC_015 scenario=TS_006 why=missing multi-field condition coverage
[ORCH] ts=2026-08-31T08:02:55Z step=flagged tc=TC_019 scenario=TS_007 why=missing multi-field coverage
[ORCH] ts=2026-08-31T08:02:55Z step=flagged tc=TC_020 scenario=TS_007 why=missing multi-field coverage
[ORCH] ts=2026-08-31T08:02:55Z step=detail calls=33 rounds=14 scoreboard=TS_001:unhealed(85>85)  TS_002:failed  TS_003:failed  TS_004:failed  TS_005:unhealed(85)  TS_006:unhealed(85>85)  TS_007:unhealed(85>85)
