[ORCH] ts=2026-08-31T07:12:13Z step=start story=640764 maxscenarios=7 tcper=10 steps=18-40 rounds=2 workers=7 pass_=90/50 judge=653 deadline=1200s
[ORCH] ts=2026-08-31T07:12:14Z step=fetch story=640764 titlechars=85 descchars=3518 acchars=2096 ms=186
[ORCH] ts=2026-08-31T07:15:19Z step=scenarios count=7 ids=TS_001,TS_002,TS_003,TS_004,TS_005,TS_006,TS_007 ms=185484
[ORCH] ts=2026-08-31T07:17:05Z step=generate scenario=TS_005 round=1 chunk=1/3 error=test case array is empty raw=[]
[ORCH] ts=2026-08-31T07:18:05Z step=generate scenario=TS_002 round=1 chunk=1/1 tc=2 ids=TC_001,TC_002 chars=63100 ms=166298
[ORCH] ts=2026-08-31T07:18:06Z step=generate scenario=TS_001 round=1 chunk=1/1 tc=3 ids=TC_001,TC_002,TC_003 chars=83063 ms=166514
[ORCH] ts=2026-08-31T07:18:20Z step=review scenario=TS_002 round=1 score=85 passed=1/2 failing=TC_002 ms=14562
[ORCH] ts=2026-08-31T07:18:32Z step=review scenario=TS_001 round=1 score=85 passed=1/3 failing=TC_002,TC_003 ms=26542
[ORCH] ts=2026-08-31T07:18:46Z step=generate scenario=TS_003 round=1 chunk=1/3 error=test case array is empty raw=[]
[ORCH] ts=2026-08-31T07:19:07Z step=generate scenario=TS_007 round=1 chunk=1/2 error=test case array is empty raw=[]
[ORCH] ts=2026-08-31T07:19:27Z step=agenterror label=generate:TS_006 agentid=652 phase=poll status=FAILED execution=8c6c34d3-68ec-47e5-bb2f-9c63035c6e87 ms=247748 why={"executionId": "8c6c34d3-68ec-47e5-bb2f-9c63035c6e87", "agentId": 652, "output": null, "agentName": "EDI 834 Inbound Test Case Generation", "executedBy": "Hrishikesh.Rode@caresource.com", "createdAt"
[ORCH] ts=2026-08-31T07:19:27Z step=generate scenario=TS_006 round=1 chunk=1/2 error=generate:TS_006: agent 652 finished FAILED (execution 8c6c34d3-68ec-47e5-bb2f-9c63035c6e87)
[ORCH] ts=2026-08-31T07:19:27Z step=generate scenario=TS_004 round=1 chunk=1/3 tc=3 ids=TC_001,TC_002,TC_003 chars=101032 ms=247962
[ORCH] ts=2026-08-31T07:19:50Z step=generate scenario=TS_005 round=1 chunk=2/3 error=test case array is empty raw=[]
[ORCH] ts=2026-08-31T07:20:25Z step=generate scenario=TS_002 round=2 chunk=1/1 tc=2 ids=TC_001,TC_002 chars=57416 ms=124922 regen=1
[ORCH] ts=2026-08-31T07:20:39Z step=review scenario=TS_002 round=2 score=85 passed=1/2 failing=TC_002 ms=14573
[ORCH] ts=2026-08-31T07:20:39Z step=stagnant scenario=TS_002 round=2 scores=[85, 85] passed=[1, 1]
[ORCH] ts=2026-08-31T07:20:39Z step=result scenario=TS_002 status=stagnant scores=[85, 85] rounds=2 tc=2 ms=320366
[ORCH] ts=2026-08-31T07:21:58Z step=generate scenario=TS_001 round=2 chunk=1/1 error=test case array is empty raw=[]
[ORCH] ts=2026-08-31T07:22:13Z step=review scenario=TS_001 round=2 score=85 passed=1/3 failing=TC_002,TC_003 ms=14491
[ORCH] ts=2026-08-31T07:22:13Z step=stagnant scenario=TS_001 round=2 scores=[85, 85] passed=[1, 1]
[ORCH] ts=2026-08-31T07:22:13Z step=result scenario=TS_001 status=stagnant scores=[85, 85] rounds=2 tc=3 ms=413922
[ORCH] ts=2026-08-31T07:22:33Z step=generate scenario=TS_006 round=1 chunk=2/2 error=test case array is empty raw=[]
[ORCH] ts=2026-08-31T07:22:53Z step=agenterror label=generate:TS_003 agentid=652 phase=poll status=FAILED execution=62d1dc8e-180a-42da-baf8-0532bd45d9a7 ms=247038 why={"executionId": "62d1dc8e-180a-42da-baf8-0532bd45d9a7", "agentId": 652, "output": null, "agentName": "EDI 834 Inbound Test Case Generation", "executedBy": "Hrishikesh.Rode@caresource.com", "createdAt"
[ORCH] ts=2026-08-31T07:22:53Z step=generate scenario=TS_003 round=1 chunk=2/3 error=generate:TS_003: agent 652 finished FAILED (execution 62d1dc8e-180a-42da-baf8-0532bd45d9a7)
[ORCH] ts=2026-08-31T07:22:54Z step=generate scenario=TS_004 round=1 chunk=2/3 tc=3 ids=TC_001,TC_002,TC_003 chars=100605 ms=206461
[ORCH] ts=2026-08-31T07:22:54Z step=generate scenario=TS_007 round=1 chunk=2/2 error=test case array is empty raw=[]
[ORCH] ts=2026-08-31T07:23:17Z step=generate scenario=TS_005 round=1 chunk=3/3 error=test case array is empty raw=[]
[ORCH] ts=2026-08-31T07:25:19Z step=generate scenario=TS_006 round=2 chunk=1/2 error=test case array is empty raw=[]
[ORCH] ts=2026-08-31T07:25:59Z step=generate scenario=TS_003 round=1 chunk=3/3 tc=1 ids=TC_001 chars=47925 ms=186080
[ORCH] ts=2026-08-31T07:26:15Z step=review scenario=TS_003 round=1 score=85 passed=0/1 failing=TC_001 ms=15126
[ORCH] ts=2026-08-31T07:26:20Z step=generate scenario=TS_004 round=1 chunk=3/3 tc=2 ids=TC_001,TC_002 chars=64920 ms=206291
[ORCH] ts=2026-08-31T07:26:20Z step=generate scenario=TS_007 round=2 chunk=1/2 error=test case array is empty raw=[]
[ORCH] ts=2026-08-31T07:27:23Z step=agenterror label=generate:TS_005 agentid=652 phase=poll status=FAILED execution=89e68d2a-4dfa-4ba2-990d-6f7fdf256e6b ms=246689 why={"executionId": "89e68d2a-4dfa-4ba2-990d-6f7fdf256e6b", "agentId": 652, "output": null, "agentName": "EDI 834 Inbound Test Case Generation", "executedBy": "Hrishikesh.Rode@caresource.com", "createdAt"
[ORCH] ts=2026-08-31T07:27:23Z step=generate scenario=TS_005 round=2 chunk=1/3 error=generate:TS_005: agent 652 finished FAILED (execution 89e68d2a-4dfa-4ba2-990d-6f7fdf256e6b)
[ORCH] ts=2026-08-31T07:27:24Z step=review scenario=TS_004 round=1 score=85 passed=0/8 failing=TC_001,TC_002,TC_003,TC_004,TC_005,TC_006,TC_007,TC_008 ms=64061
[ORCH] ts=2026-08-31T07:28:44Z step=generate scenario=TS_006 round=2 chunk=2/2 error=test case array is empty raw=[]
[ORCH] ts=2026-08-31T07:28:44Z step=result scenario=TS_006 status=failed scores=[] rounds=2 tc=0 ms=805187
[ORCH] ts=2026-08-31T07:29:41Z step=generate scenario=TS_003 round=2 chunk=1/3 error=test case array is empty raw=[]
[ORCH] ts=2026-08-31T07:29:46Z step=generate scenario=TS_007 round=2 chunk=2/2 error=test case array is empty raw=[]
[ORCH] ts=2026-08-31T07:29:46Z step=result scenario=TS_007 status=failed scores=[] rounds=2 tc=0 ms=867370
[ORCH] ts=2026-08-31T07:30:10Z step=generate scenario=TS_004 round=2 chunk=1/3 tc=3 ids=TC_001,TC_002,TC_003 chars=86002 ms=165911 regen=3
[ORCH] ts=2026-08-31T07:30:50Z step=generate scenario=TS_005 round=2 chunk=2/3 error=test case array is empty raw=[]
[ORCH] ts=2026-08-31T07:32:14Z step=generate scenario=TS_004 round=2 chunk=2/3 error=generate:TS_004: agent 652 still IN_PROGRESS when the budget ran out (execution 105a943d-fc1a-448c-a359-3653facc6ea3)
[ORCH] ts=2026-08-31T07:32:14Z step=generate scenario=TS_004 round=2 chunk=3/3 error=budget exhausted before call
[ORCH] ts=2026-08-31T07:32:14Z step=review scenario=TS_004 round=2 error=budget exhausted before call
[ORCH] ts=2026-08-31T07:32:14Z step=keptbest scenario=TS_004 round=1 passed=0 note=later round was worse, shipping the best reviewed round
[ORCH] ts=2026-08-31T07:32:14Z step=result scenario=TS_004 status=unhealed scores=[85] rounds=2 tc=8 ms=1014637
[ORCH] ts=2026-08-31T07:32:14Z step=generate scenario=TS_003 round=2 chunk=2/3 error=generate:TS_003: agent 652 still IN_PROGRESS when the budget ran out (execution af462f4e-e091-4d40-9513-be76620ccbc0)
[ORCH] ts=2026-08-31T07:32:14Z step=generate scenario=TS_003 round=2 chunk=3/3 error=budget exhausted before call
[ORCH] ts=2026-08-31T07:32:14Z step=review scenario=TS_003 round=2 error=budget exhausted before call
[ORCH] ts=2026-08-31T07:32:14Z step=keptbest scenario=TS_003 round=1 passed=0 note=later round was worse, shipping the best reviewed round
[ORCH] ts=2026-08-31T07:32:14Z step=result scenario=TS_003 status=unhealed scores=[85] rounds=2 tc=1 ms=1014676
[ORCH] ts=2026-08-31T07:32:14Z step=generate scenario=TS_005 round=2 chunk=3/3 error=generate:TS_005: agent 652 still IN_PROGRESS when the budget ran out (execution 3eacf43c-5db5-4402-8956-fe66f0adbfbb)
[ORCH] ts=2026-08-31T07:32:14Z step=result scenario=TS_005 status=failed scores=[] rounds=2 tc=0 ms=1014733
[ORCH] ts=2026-08-31T07:32:14Z step=renumber scenario=TS_002 ids=TC_001>TC_004,TC_002>TC_005
[ORCH] ts=2026-08-31T07:32:14Z step=renumber scenario=TS_003 ids=TC_001>TC_006
[ORCH] ts=2026-08-31T07:32:14Z step=renumber scenario=TS_004 ids=TC_001>TC_007,TC_002>TC_008,TC_003>TC_009,TC_004>TC_010,TC_005>TC_011,TC_006>TC_012,TC_007>TC_013,TC_008>TC_014
[ORCH] ts=2026-08-31T07:32:14Z step=done approved=0 unreviewed=0 unhealed=2 stagnant=2 hardstop=0 failed=3 skipped=0 testcases=14 agentcalls=35 ms=1200423
[ORCH] ts=2026-08-31T07:32:14Z step=outcome story=640764 ready=2/14 testcases flagged=12 scenarios=7 elapsed=20m00s warnings=3
[ORCH] ts=2026-08-31T07:32:14Z step=flagged tc=TC_002 scenario=TS_001 why=step count is too low
[ORCH] ts=2026-08-31T07:32:14Z step=flagged tc=TC_003 scenario=TS_001 why=step count is too low
[ORCH] ts=2026-08-31T07:32:14Z step=flagged tc=TC_005 scenario=TS_002 why=same intent as another case
[ORCH] ts=2026-08-31T07:32:14Z step=flagged tc=TC_006 scenario=TS_003 why=missing scenario conditions
[ORCH] ts=2026-08-31T07:32:14Z step=flagged tc=TC_007 scenario=TS_004 why=archive path conflicts with other cases
[ORCH] ts=2026-08-31T07:32:14Z step=flagged tc=TC_008 scenario=TS_004 why=archive path conflicts with other cases
[ORCH] ts=2026-08-31T07:32:14Z step=flagged tc=TC_009 scenario=TS_004 why=archive path conflicts with other cases
[ORCH] ts=2026-08-31T07:32:14Z step=flagged tc=TC_010 scenario=TS_004 why=wrong facets database file for AR
[ORCH] ts=2026-08-31T07:32:14Z step=flagged tc=TC_011 scenario=TS_004 why=wrong facets database file for AR
[ORCH] ts=2026-08-31T07:32:14Z step=flagged tc=TC_012 scenario=TS_004 why=wrong facets database file for AR
[ORCH] ts=2026-08-31T07:32:14Z step=flagged tc=TC_013 scenario=TS_004 why=wrong facets database file for AR
[ORCH] ts=2026-08-31T07:32:14Z step=flagged tc=TC_014 scenario=TS_004 why=wrong facets database file for AR
[ORCH] ts=2026-08-31T07:32:14Z step=detail calls=35 rounds=14 scoreboard=TS_001:stagnant(85>85)  TS_002:stagnant(85>85)  TS_003:unhealed(85)  TS_004:unhealed(85)  TS_005:failed  TS_006:failed  TS_007:failed
