story 640764: 6 scenarios x 3 cases x 15-18 steps, 1 heal round(s), judged, deadline 220s
config: C:\Users\cs218321\OneDrive - Caresource Management Group\AAVA\AAVA_Agents\Self healing\testgen_orchestrator\tool\.env

[ORCH] ts=2026-08-18T06:51:12Z step=start story=640764 maxscenarios=6 tcper=3 steps=15-18 rounds=1 workers=6 pass_=80/50 judge=627 deadline=220s
[ORCH] ts=2026-08-18T06:51:13Z step=fetch story=640764 titlechars=85 descchars=3518 acchars=2096 ms=670
[ORCH] ts=2026-08-18T06:51:56Z step=scenarios count=6 ids=TS_001,TS_002,TS_003,TS_004,TS_005,TS_006 ms=43694
[ORCH] ts=2026-08-18T06:53:21Z step=generate scenario=TS_004 round=1 tc=3 ids=TC_TS004_001,TC_TS004_002,TC_TS004_003 chars=71039 ms=84519
[ORCH] ts=2026-08-18T06:53:36Z step=review scenario=TS_004 round=1 score=85 passed=2/3 failing=TC_TS004_003 ms=14850
[ORCH] ts=2026-08-18T06:53:36Z step=result scenario=TS_004 status=unhealed scores=[85] rounds=1 tc=3 ms=99376
[ORCH] ts=2026-08-18T06:53:41Z step=generate scenario=TS_003 round=1 tc=3 ids=TC_TS003_001,TC_TS003_002,TC_TS003_003 chars=73537 ms=104325
[ORCH] ts=2026-08-18T06:53:41Z step=generate scenario=TS_002 round=1 tc=3 ids=TC_TS002_001,TC_TS002_002,TC_TS002_003 chars=71268 ms=104604
[ORCH] ts=2026-08-18T06:53:56Z step=review scenario=TS_002 round=1 score=85 passed=2/3 failing=TC_TS002_003 ms=14540
[ORCH] ts=2026-08-18T06:53:56Z step=result scenario=TS_002 status=unhealed scores=[85] rounds=1 tc=3 ms=119149
[ORCH] ts=2026-08-18T06:53:56Z step=review scenario=TS_003 round=1 score=85 passed=2/3 failing=TC_TS003_003 ms=14864
[ORCH] ts=2026-08-18T06:53:56Z step=result scenario=TS_003 status=unhealed scores=[85] rounds=1 tc=3 ms=119196
[ORCH] ts=2026-08-18T06:54:02Z step=generate scenario=TS_006 round=1 tc=3 ids=TC_TS006_001,TC_TS006_002,TC_TS006_003 chars=105539 ms=125520
[ORCH] ts=2026-08-18T06:54:17Z step=review scenario=TS_006 round=1 score=85 passed=2/3 failing=TC_TS006_003 ms=14676
[ORCH] ts=2026-08-18T06:54:17Z step=result scenario=TS_006 status=unhealed scores=[85] rounds=1 tc=3 ms=140198
[ORCH] ts=2026-08-18T06:54:22Z step=generate scenario=TS_005 round=1 tc=3 ids=TC_TS_005_001,TC_TS_005_002,TC_TS_005_003 chars=85002 ms=145502
[ORCH] ts=2026-08-18T06:54:22Z step=generate scenario=TS_001 round=1 tc=3 ids=TC_TS001_001,TC_TS001_002,TC_TS001_003 chars=69519 ms=145608
[ORCH] ts=2026-08-18T06:54:37Z step=review scenario=TS_001 round=1 score=85 passed=2/3 failing=TC_TS001_003 ms=14524
[ORCH] ts=2026-08-18T06:54:37Z step=review scenario=TS_005 round=1 score=85 passed=2/3 failing=TC_TS_005_003 ms=14628
[ORCH] ts=2026-08-18T06:54:37Z step=result scenario=TS_005 status=unhealed scores=[85] rounds=1 tc=3 ms=160132
[ORCH] ts=2026-08-18T06:54:37Z step=result scenario=TS_001 status=unhealed scores=[85] rounds=1 tc=3 ms=160136
[ORCH] ts=2026-08-18T06:54:37Z step=done approved=0 unreviewed=0 unhealed=6 stagnant=0 hardstop=0 failed=0 skipped=0 testcases=18 agentcalls=13 ms=204520
[ORCH] ts=2026-08-18T06:54:37Z step=summary story=640764 verdict=0/6 passed testcases=18 elapsed=204s calls=13 warnings=5 scoreboard=TS_001:unhealed(85)  TS_002:unhealed(85)  TS_003:unhealed(85)  TS_004:unhealed(85)  TS_005:unhealed(85)  TS_006:unhealed(85)
[ORCH-TABLE-BEGIN] story=640764 scenarios=6 rows=282
[ORCH-TABLE-END] chars=474594
           284 rows -> tool_logs\640764_20260818_122112\testcases.md

=== completed in 205s ===
  TS_001   unhealed    score [85]             rounds 1  tc 3    160s
  TS_002   unhealed    score [85]             rounds 1  tc 3    119s
  TS_003   unhealed    score [85]             rounds 1  tc 3    119s
  TS_004   unhealed    score [85]             rounds 1  tc 3     99s
  TS_005   unhealed    score [85]             rounds 1  tc 3    160s
  TS_006   unhealed    score [85]             rounds 1  tc 3    140s
  warning: --- looks like a duplicate of a test case in TS_001
  warning: --- looks like a duplicate of a test case in TS_001
  warning: --- looks like a duplicate of a test case in TS_001
  warning: --- looks like a duplicate of a test case in TS_001
  warning: --- looks like a duplicate of a test case in TS_001

0/6 approved, 18 test cases, 13 agent calls, 282 table rows

C:\Users\cs218321\OneDrive - Caresource Management Group\AAVA\AAVA_Agents\Self healing\tool_logs\640764_20260818_122112
   run.log         every [ORCH] line and this summary
   testcases.md    the assembled table
   envelope.json   per scenario scores and the reviewer's gaps
   runinputs.json  the exact settings used, credentials blanked
