[ORCH] ts=2026-09-07T11:38:13Z step=handoff action=read path=scenarios/640764/scenarios.json scenarios=8
[ORCH] ts=2026-09-07T11:38:13Z step=start stage=testcases story=640764 maxscenarios=8 tcper=12 steps=18-40 rounds=2 workers=8 pass_=90/50 judge=709 scenjudge=off deadline=450s
[ORCH] ts=2026-09-07T11:38:50Z step=agenterror label=generate:TS_007 agentid=689 phase=poll status=FAILED execution=112b3df0-8670-45b1-a299-a24054dc180d ms=36866 why={"executionId": "112b3df0-8670-45b1-a299-a24054dc180d", "agentId": 689, "output": null, "agentName": "Self Healing EDI 834 Inbound Test Case Generation", "executedBy": "Hrishikesh.Rode@caresource.com"
[ORCH] ts=2026-09-07T11:38:50Z step=agentretry label=generate:TS_007 agentid=689 execution=112b3df0-8670-45b1-a299-a24054dc180d note=resubmitting once after a platform FAILED
[ORCH] ts=2026-09-07T11:38:50Z step=agenterror label=generate:TS_004 agentid=689 phase=poll status=FAILED execution=5826ce52-d37e-4e9e-9127-a037b4f4b9f1 ms=36905 why={"executionId": "5826ce52-d37e-4e9e-9127-a037b4f4b9f1", "agentId": 689, "output": null, "agentName": "Self Healing EDI 834 Inbound Test Case Generation", "executedBy": "Hrishikesh.Rode@caresource.com"
[ORCH] ts=2026-09-07T11:38:50Z step=agentretry label=generate:TS_004 agentid=689 execution=5826ce52-d37e-4e9e-9127-a037b4f4b9f1 note=resubmitting once after a platform FAILED
[ORCH] ts=2026-09-07T11:38:50Z step=agenterror label=generate:TS_008 agentid=689 phase=poll status=FAILED execution=bd3ca7c7-1e8c-4fae-842d-47f7a949250a ms=36934 why={"executionId": "bd3ca7c7-1e8c-4fae-842d-47f7a949250a", "agentId": 689, "output": null, "agentName": "Self Healing EDI 834 Inbound Test Case Generation", "executedBy": "Hrishikesh.Rode@caresource.com"
[ORCH] ts=2026-09-07T11:38:50Z step=agentretry label=generate:TS_008 agentid=689 execution=bd3ca7c7-1e8c-4fae-842d-47f7a949250a note=resubmitting once after a platform FAILED
[ORCH] ts=2026-09-07T11:38:50Z step=agenterror label=generate:TS_003 agentid=689 phase=poll status=FAILED execution=13533d59-80f0-4b89-9d86-d2c9740fae8c ms=36956 why={"executionId": "13533d59-80f0-4b89-9d86-d2c9740fae8c", "agentId": 689, "output": null, "agentName": "Self Healing EDI 834 Inbound Test Case Generation", "executedBy": "Hrishikesh.Rode@caresource.com"
[ORCH] ts=2026-09-07T11:38:50Z step=agentretry label=generate:TS_003 agentid=689 execution=13533d59-80f0-4b89-9d86-d2c9740fae8c note=resubmitting once after a platform FAILED
[ORCH] ts=2026-09-07T11:38:50Z step=agenterror label=generate:TS_005 agentid=689 phase=poll status=FAILED execution=35183645-f5f2-436c-8948-080a4cc618d4 ms=36985 why={"executionId": "35183645-f5f2-436c-8948-080a4cc618d4", "agentId": 689, "output": null, "agentName": "Self Healing EDI 834 Inbound Test Case Generation", "executedBy": "Hrishikesh.Rode@caresource.com"
[ORCH] ts=2026-09-07T11:38:50Z step=agentretry label=generate:TS_005 agentid=689 execution=35183645-f5f2-436c-8948-080a4cc618d4 note=resubmitting once after a platform FAILED
[ORCH] ts=2026-09-07T11:39:27Z step=generate scenario=TS_001 round=1 chunk=1/2 error=test case array is empty raw=[]
[ORCH] ts=2026-09-07T11:39:34Z step=generate scenario=TS_006 round=1 chunk=1/2 tc=3 ids=TC_001,TC_002,TC_003 chars=115577 ms=81078
[ORCH] ts=2026-09-07T11:40:15Z step=generate scenario=TS_004 round=1 chunk=1/4 tc=3 ids=TC_001,TC_002,TC_003 chars=90620 ms=121295
[ORCH] ts=2026-09-07T11:40:15Z step=generate scenario=TS_002 round=1 chunk=1/2 tc=3 ids=TC_001,TC_002,TC_003 chars=97878 ms=121746
[ORCH] ts=2026-09-07T11:40:36Z step=generate scenario=TS_008 round=1 chunk=1/1 tc=3 ids=TC_001,TC_002,TC_003 chars=102419 ms=142156
[ORCH] ts=2026-09-07T11:40:36Z step=generate scenario=TS_007 round=1 chunk=1/2 tc=3 ids=TC_001,TC_002,TC_003 chars=76914 ms=142167
[ORCH] ts=2026-09-07T11:40:36Z step=generate scenario=TS_003 round=1 chunk=1/1 tc=3 ids=TC_001,TC_002,TC_003 chars=88903 ms=142229
[ORCH] ts=2026-09-07T11:40:36Z step=generate scenario=TS_005 round=1 chunk=1/4 tc=3 ids=TC_001,TC_002,TC_003 chars=118877 ms=142241
[ORCH] ts=2026-09-07T11:40:50Z step=review scenario=TS_008 round=1 score=95 passed=3/3 ms=14416
[ORCH] ts=2026-09-07T11:40:50Z step=result scenario=TS_008 status=approved scores=[95] rounds=1 tc=3 ms=156586
[ORCH] ts=2026-09-07T11:40:50Z step=review scenario=TS_003 round=1 score=85 passed=2/3 failing=TC_001 ms=14649
[ORCH] ts=2026-09-07T11:40:58Z step=generate scenario=TS_006 round=1 chunk=2/2 tc=2 ids=TC_001,TC_002 chars=86539 ms=84005
[ORCH] ts=2026-09-07T11:41:12Z step=generate scenario=TS_001 round=1 chunk=2/2 tc=3 ids=TC_001,TC_002,TC_003 chars=100207 ms=104678
[ORCH] ts=2026-09-07T11:41:16Z step=generate scenario=TS_003 round=2 chunk=1/1 error=test case array is empty raw=[]
[ORCH] ts=2026-09-07T11:41:16Z step=review scenario=TS_003 round=2 skipped=nothing regenerated
[ORCH] ts=2026-09-07T11:41:16Z step=keptbest scenario=TS_003 round=1 passed=2 note=later round was worse, shipping the best reviewed round
[ORCH] ts=2026-09-07T11:41:16Z step=result scenario=TS_003 status=unhealed scores=[85] rounds=2 tc=3 ms=183015
[ORCH] ts=2026-09-07T11:41:20Z step=generate scenario=TS_002 round=1 chunk=2/2 tc=1 ids=TC_001 chars=40744 ms=65098
[ORCH] ts=2026-09-07T11:41:24Z step=review scenario=TS_006 round=1 score=85 passed=4/5 failing=TC_002 ms=25931
[ORCH] ts=2026-09-07T11:41:26Z step=review scenario=TS_001 round=1 score=92 passed=3/3 ms=14338
[ORCH] ts=2026-09-07T11:41:39Z step=generate scenario=TS_004 round=1 chunk=2/4 tc=3 ids=TC_001,TC_002,TC_003 chars=85422 ms=84618
[ORCH] ts=2026-09-07T11:41:39Z step=generate scenario=TS_007 round=1 chunk=2/2 tc=1 ids=TC_001 chars=32384 ms=63852
[ORCH] ts=2026-09-07T11:41:46Z step=review scenario=TS_002 round=1 score=85 passed=1/4 failing=TC_001,TC_003,TC_004 ms=26063
[ORCH] ts=2026-09-07T11:41:51Z step=generate scenario=TS_006 round=2 chunk=1/2 error=test case array is empty raw=[]
[ORCH] ts=2026-09-07T11:41:51Z step=review scenario=TS_006 round=2 skipped=nothing regenerated
[ORCH] ts=2026-09-07T11:41:51Z step=keptbest scenario=TS_006 round=1 passed=4 note=later round was worse, shipping the best reviewed round
[ORCH] ts=2026-09-07T11:41:51Z step=result scenario=TS_006 status=unhealed scores=[85] rounds=2 tc=5 ms=217246
[ORCH] ts=2026-09-07T11:41:54Z step=review scenario=TS_007 round=1 score=92 passed=4/4 ms=14522
[ORCH] ts=2026-09-07T11:41:54Z step=result scenario=TS_007 status=approved scores=[92] rounds=1 tc=4 ms=220560
[ORCH] ts=2026-09-07T11:42:20Z step=generate scenario=TS_005 round=1 chunk=2/4 tc=3 ids=TC_001,TC_002,TC_003 chars=97843 ms=104238
[ORCH] ts=2026-09-07T11:43:11Z step=generate scenario=TS_001 round=2 chunk=1/2 tc=3 ids=TC_001,TC_002,TC_003 chars=96090 ms=104490 regen=1
[ORCH] ts=2026-09-07T11:43:24Z step=generate scenario=TS_004 round=1 chunk=3/4 tc=3 ids=TC_001,TC_002,TC_003 chars=114338 ms=104557
[ORCH] ts=2026-09-07T11:43:26Z step=review scenario=TS_001 round=2 score=85 passed=5/6 failing=TC_004 ms=14620
[ORCH] ts=2026-09-07T11:43:26Z step=result scenario=TS_001 status=unhealed scores=[92, 85] rounds=2 tc=6 ms=312277
[ORCH] ts=2026-09-07T11:43:32Z step=generate scenario=TS_002 round=2 chunk=1/2 tc=3 ids=TC_001,TC_002,TC_003 chars=90055 ms=105363 regen=2 kept=1
[ORCH] ts=2026-09-07T11:44:05Z step=generate scenario=TS_005 round=1 chunk=3/4 tc=3 ids=TC_001,TC_002,TC_003 chars=103983 ms=105399
[ORCH] ts=2026-09-07T11:44:36Z step=generate scenario=TS_002 round=2 chunk=2/2 tc=1 ids=TC_001 chars=49855 ms=64475 regen=1
[ORCH] ts=2026-09-07T11:44:48Z step=generate scenario=TS_004 round=1 chunk=4/4 tc=2 ids=TC_001,TC_002 chars=94844 ms=84581
[ORCH] ts=2026-09-07T11:44:51Z step=review scenario=TS_002 round=2 score=85 passed=3/4 failing=TC_002 ms=14534
[ORCH] ts=2026-09-07T11:44:51Z step=result scenario=TS_002 status=unhealed scores=[85, 85] rounds=2 tc=4 ms=397351
[ORCH] ts=2026-09-07T11:45:32Z step=review scenario=TS_004 round=1 score=85 passed=8/11 failing=TC_004,TC_010,TC_011 ms=43432
[ORCH] ts=2026-09-07T11:45:32Z step=budget scenario=TS_004 round=2 note=stopped, budget low
[ORCH] ts=2026-09-07T11:45:32Z step=result scenario=TS_004 status=unhealed scores=[85] rounds=1 tc=11 ms=438524
[ORCH] ts=2026-09-07T11:45:44Z step=generate scenario=TS_005 round=1 chunk=4/4 tc=2 ids=TC_001,TC_002 chars=118273 ms=98459
[ORCH] ts=2026-09-07T11:45:44Z step=review scenario=TS_005 round=1 error=budget exhausted before call
[ORCH] ts=2026-09-07T11:45:44Z step=budget scenario=TS_005 round=2 note=stopped, budget low
[ORCH] ts=2026-09-07T11:45:44Z step=result scenario=TS_005 status=failed scores=[] rounds=1 tc=11 ms=450377
[ORCH] ts=2026-09-07T11:45:44Z step=renumber scenario=TS_002 ids=TC_001>TC_007,TC_002>TC_008,TC_003>TC_009,TC_004>TC_010
[ORCH] ts=2026-09-07T11:45:44Z step=renumber scenario=TS_003 ids=TC_001>TC_011,TC_002>TC_012,TC_003>TC_013
[ORCH] ts=2026-09-07T11:45:44Z step=renumber scenario=TS_004 ids=TC_001>TC_014,TC_002>TC_015,TC_003>TC_016,TC_004>TC_017,TC_005>TC_018,TC_006>TC_019,TC_007>TC_020,TC_008>TC_021,TC_009>TC_022,TC_010>TC_023,TC_011>TC_024
[ORCH] ts=2026-09-07T11:45:44Z step=renumber scenario=TS_005 ids=TC_001>TC_025,TC_002>TC_026,TC_003>TC_027,TC_004>TC_028,TC_005>TC_029,TC_006>TC_030,TC_007>TC_031,TC_008>TC_032,TC_009>TC_033,TC_010>TC_034,TC_011>TC_035
[ORCH] ts=2026-09-07T11:45:44Z step=renumber scenario=TS_006 ids=TC_001>TC_036,TC_002>TC_037,TC_003>TC_038,TC_004>TC_039,TC_005>TC_040
[ORCH] ts=2026-09-07T11:45:44Z step=renumber scenario=TS_007 ids=TC_001>TC_041,TC_002>TC_042,TC_003>TC_043,TC_004>TC_044
[ORCH] ts=2026-09-07T11:45:44Z step=renumber scenario=TS_008 ids=TC_001>TC_045,TC_002>TC_046,TC_003>TC_047
[ORCH] ts=2026-09-07T11:45:44Z step=done approved=2 unreviewed=0 unhealed=5 stagnant=0 hardstop=0 failed=1 skipped=0 testcases=47 agentcalls=37 ms=450417
[ORCH] ts=2026-09-07T11:45:44Z step=outcome story=640764 ready=40/47 testcases flagged=7 scenarios=8 elapsed=7m30s
[ORCH] ts=2026-09-07T11:45:44Z step=flagged tc=TC_004 scenario=TS_001 why=duplicate of maintenance date case
[ORCH] ts=2026-09-07T11:45:44Z step=flagged tc=TC_008 scenario=TS_002 why=duplicate of another case
[ORCH] ts=2026-09-07T11:45:44Z step=flagged tc=TC_011 scenario=TS_003 why=wrong field expectation for date extension
[ORCH] ts=2026-09-07T11:45:44Z step=flagged tc=TC_017 scenario=TS_004 why=wrong file naming guidance appears
[ORCH] ts=2026-09-07T11:45:44Z step=flagged tc=TC_023 scenario=TS_004 why=wrong product file is referenced
[ORCH] ts=2026-09-07T11:45:44Z step=flagged tc=TC_024 scenario=TS_004 why=wrong product file is referenced
[ORCH] ts=2026-09-07T11:45:44Z step=flagged tc=TC_037 scenario=TS_006 why=duplicate of another case
[ORCH] ts=2026-09-07T11:45:44Z step=detail calls=37 rounds=12 scoreboard=TS_001:unhealed(92>85)  TS_002:unhealed(85>85)  TS_003:unhealed(85)  TS_004:unhealed(85)  TS_005:failed  TS_006:unhealed(85)  TS_007:approved(92)  TS_008:approved(95)
