[ORCH] ts=2026-09-07T09:28:10Z step=handoff action=read path=scenarios/640764/scenarios.json scenarios=12
[ORCH] ts=2026-09-07T09:28:10Z step=start stage=testcases story=640764 maxscenarios=12 tcper=10 steps=18-40 rounds=2 workers=12 pass_=90/50 judge=709 scenjudge=off deadline=450s
[ORCH] ts=2026-09-07T09:28:10Z step=condtrim scenario=TS_004 listed=11 kept=10
[ORCH] ts=2026-09-07T09:28:10Z step=condtrim scenario=TS_005 listed=11 kept=10
[ORCH] ts=2026-09-07T09:28:55Z step=generate scenario=TS_006 round=1 chunk=1/1 error=test case array is empty raw=[]
[ORCH] ts=2026-09-07T09:29:15Z step=generate scenario=TS_003 round=1 chunk=1/1 tc=1 ids=TC_001 chars=46845 ms=65122
[ORCH] ts=2026-09-07T09:29:30Z step=review scenario=TS_003 round=1 score=92 passed=1/1 ms=14469
[ORCH] ts=2026-09-07T09:29:30Z step=result scenario=TS_003 status=approved scores=[92] rounds=1 tc=1 ms=79595
[ORCH] ts=2026-09-07T09:29:35Z step=generate scenario=TS_008 round=1 chunk=1/1 tc=3 ids=TC_001,TC_002,TC_003 chars=66219 ms=84606
[ORCH] ts=2026-09-07T09:29:35Z step=generate scenario=TS_002 round=1 chunk=1/1 tc=2 ids=TC_TS_002_01,TC_TS_002_02 chars=68042 ms=84694
[ORCH] ts=2026-09-07T09:29:35Z step=generate scenario=TS_010 round=1 chunk=1/2 tc=3 ids=TC_001,TC_002,TC_003 chars=51961 ms=85175
[ORCH] ts=2026-09-07T09:29:36Z step=generate scenario=TS_001 round=1 chunk=1/1 tc=2 ids=TC_001,TC_002 chars=73320 ms=85497
[ORCH] ts=2026-09-07T09:29:50Z step=review scenario=TS_008 round=1 score=85 passed=1/3 failing=TC_001,TC_002 ms=14862
[ORCH] ts=2026-09-07T09:29:50Z step=review scenario=TS_002 round=1 score=85 passed=1/2 failing=TC_002 ms=14831
[ORCH] ts=2026-09-07T09:29:50Z step=review scenario=TS_001 round=1 score=85 passed=0/2 failing=TC_001,TC_002 ms=14830
[ORCH] ts=2026-09-07T09:29:55Z step=generate scenario=TS_011 round=1 chunk=1/2 tc=3 ids=TC_001,TC_002,TC_003 chars=140396 ms=104886
[ORCH] ts=2026-09-07T09:29:55Z step=generate scenario=TS_007 round=1 chunk=1/2 tc=3 ids=TC_001,TC_002,TC_003 chars=117053 ms=105031
[ORCH] ts=2026-09-07T09:29:56Z step=generate scenario=TS_009 round=1 chunk=1/1 tc=3 ids=TC_001,TC_002,TC_003 chars=96799 ms=105628
[ORCH] ts=2026-09-07T09:29:56Z step=generate scenario=TS_005 round=1 chunk=1/4 tc=3 ids=TC_TS005_001,TC_TS005_002,TC_TS005_003 chars=88152 ms=105847
[ORCH] ts=2026-09-07T09:29:56Z step=generate scenario=TS_012 round=1 chunk=1/1 tc=3 ids=TC_001,TC_002,TC_003 chars=77176 ms=105886
[ORCH] ts=2026-09-07T09:29:56Z step=generate scenario=TS_004 round=1 chunk=1/4 tc=3 ids=TC_TS004_001,TC_TS004_002,TC_TS004_003 chars=86452 ms=105923
[ORCH] ts=2026-09-07T09:30:10Z step=review scenario=TS_009 round=1 score=100 passed=3/3 ms=14581
[ORCH] ts=2026-09-07T09:30:10Z step=result scenario=TS_009 status=approved scores=[100] rounds=1 tc=3 ms=120218
[ORCH] ts=2026-09-07T09:30:11Z step=review scenario=TS_012 round=1 score=100 passed=3/3 ms=14540
[ORCH] ts=2026-09-07T09:30:11Z step=result scenario=TS_012 status=approved scores=[100] rounds=1 tc=3 ms=120434
[ORCH] ts=2026-09-07T09:30:39Z step=generate scenario=TS_006 round=2 chunk=1/1 tc=3 ids=TC_001,TC_002,TC_003 chars=93138 ms=104783 regen=1
[ORCH] ts=2026-09-07T09:30:54Z step=review scenario=TS_006 round=2 score=85 passed=2/3 failing=TC_002 ms=14577
[ORCH] ts=2026-09-07T09:30:54Z step=result scenario=TS_006 status=unhealed scores=[85] rounds=2 tc=3 ms=163834
[ORCH] ts=2026-09-07T09:31:00Z step=generate scenario=TS_007 round=1 chunk=2/2 tc=1 ids=TC_TS007_001 chars=32815 ms=64420
[ORCH] ts=2026-09-07T09:31:00Z step=generate scenario=TS_011 round=1 chunk=2/2 tc=1 ids=TC_001 chars=63506 ms=64559
[ORCH] ts=2026-09-07T09:31:00Z step=generate scenario=TS_010 round=1 chunk=2/2 tc=1 ids=TC_001 chars=74477 ms=84463
[ORCH] ts=2026-09-07T09:31:14Z step=review scenario=TS_007 round=1 score=85 passed=3/4 failing=TC_004 ms=14546
[ORCH] ts=2026-09-07T09:31:14Z step=review scenario=TS_010 round=1 score=85 passed=2/4 failing=TC_002,TC_003 ms=14536
[ORCH] ts=2026-09-07T09:31:15Z step=generate scenario=TS_002 round=2 chunk=1/1 tc=2 ids=TC_TS_002_01,TC_TS_002_02 chars=77514 ms=84980 regen=1 kept=1
[ORCH] ts=2026-09-07T09:31:15Z step=generate scenario=TS_001 round=2 chunk=1/1 tc=2 ids=TC_001,TC_002 chars=73857 ms=84228 regen=2
[ORCH] ts=2026-09-07T09:31:26Z step=review scenario=TS_011 round=1 score=85 passed=2/4 failing=TC_002,TC_004 ms=26174
[ORCH] ts=2026-09-07T09:31:29Z step=review scenario=TS_001 round=2 score=92 passed=2/2 ms=14500
[ORCH] ts=2026-09-07T09:31:29Z step=result scenario=TS_001 status=approved scores=[85, 92] rounds=2 tc=2 ms=199072
[ORCH] ts=2026-09-07T09:31:29Z step=review scenario=TS_002 round=2 score=96 passed=2/2 ms=14708
[ORCH] ts=2026-09-07T09:31:29Z step=result scenario=TS_002 status=approved scores=[85, 96] rounds=2 tc=2 ms=199229
[ORCH] ts=2026-09-07T09:31:35Z step=generate scenario=TS_008 round=2 chunk=1/1 tc=3 ids=TC_001,TC_002,TC_003 chars=79158 ms=105020 regen=2 kept=1
[ORCH] ts=2026-09-07T09:31:41Z step=generate scenario=TS_005 round=1 chunk=2/4 tc=3 ids=TC_TS_005_001,TC_TS_005_002,TC_TS_005_003 chars=89305 ms=104601
[ORCH] ts=2026-09-07T09:31:41Z step=generate scenario=TS_004 round=1 chunk=2/4 tc=3 ids=TC_TS004_001,TC_TS004_002,TC_TS004_003 chars=82462 ms=105056
[ORCH] ts=2026-09-07T09:31:49Z step=review scenario=TS_008 round=2 score=85 passed=1/3 failing=TC_002,TC_003 ms=14483
[ORCH] ts=2026-09-07T09:31:49Z step=stagnant scenario=TS_008 round=2 scores=[85, 85] passed=[1, 1]
[ORCH] ts=2026-09-07T09:31:49Z step=result scenario=TS_008 status=stagnant scores=[85, 85] rounds=2 tc=3 ms=218987
[ORCH] ts=2026-09-07T09:32:18Z step=generate scenario=TS_007 round=2 chunk=2/2 tc=1 ids=TC_TS007_001 chars=35152 ms=63837 regen=1
[ORCH] ts=2026-09-07T09:32:32Z step=review scenario=TS_007 round=2 score=100 passed=4/4 ms=14381
[ORCH] ts=2026-09-07T09:32:32Z step=result scenario=TS_007 status=approved scores=[85, 100] rounds=2 tc=4 ms=262243
[ORCH] ts=2026-09-07T09:32:38Z step=generate scenario=TS_010 round=2 chunk=1/2 tc=3 ids=TC_001,TC_002,TC_003 chars=66250 ms=84102 regen=2 kept=1
[ORCH] ts=2026-09-07T09:32:53Z step=review scenario=TS_010 round=2 score=85 passed=3/4 failing=TC_004 ms=14480
[ORCH] ts=2026-09-07T09:32:53Z step=result scenario=TS_010 status=unhealed scores=[85, 85] rounds=2 tc=4 ms=282783
[ORCH] ts=2026-09-07T09:33:05Z step=generate scenario=TS_005 round=1 chunk=3/4 tc=3 ids=TC_TS005_001,TC_TS005_002,TC_TS005_003 chars=83451 ms=84194
[ORCH] ts=2026-09-07T09:33:10Z step=generate scenario=TS_011 round=2 chunk=1/2 tc=3 ids=TC_001,TC_002,TC_003 chars=136724 ms=104247 regen=1 kept=2
[ORCH] ts=2026-09-07T09:33:26Z step=generate scenario=TS_004 round=1 chunk=3/4 tc=3 ids=TC_001,TC_002,TC_003 chars=106924 ms=104616
[ORCH] ts=2026-09-07T09:34:08Z step=generate scenario=TS_005 round=1 chunk=4/4 tc=1 ids=TC_001 chars=76146 ms=63701
[ORCH] ts=2026-09-07T09:34:14Z step=generate scenario=TS_011 round=2 chunk=2/2 tc=1 ids=TC_001 chars=50848 ms=64414 regen=1
[ORCH] ts=2026-09-07T09:34:30Z step=generate scenario=TS_004 round=1 chunk=4/4 tc=1 ids=TC_001 chars=35678 ms=64043
[ORCH] ts=2026-09-07T09:34:35Z step=review scenario=TS_005 round=1 score=85 passed=6/10 failing=TC_002,TC_004,TC_005,TC_006 ms=26392
[ORCH] ts=2026-09-07T09:34:41Z step=review scenario=TS_011 round=2 score=85 passed=1/4 failing=TC_001,TC_002,TC_003 ms=26265
[ORCH] ts=2026-09-07T09:34:41Z step=stagnant scenario=TS_011 round=2 scores=[85, 85] passed=[2, 1]
[ORCH] ts=2026-09-07T09:34:41Z step=keptbest scenario=TS_011 round=1 passed=2 note=later round was worse, shipping the best reviewed round
[ORCH] ts=2026-09-07T09:34:41Z step=result scenario=TS_011 status=stagnant scores=[85, 85] rounds=2 tc=4 ms=390581
[ORCH] ts=2026-09-07T09:34:56Z step=review scenario=TS_004 round=1 score=85 passed=7/10 failing=TC_001,TC_002,TC_003 ms=26125
[ORCH] ts=2026-09-07T09:34:56Z step=budget scenario=TS_004 round=2 note=stopped, budget low
[ORCH] ts=2026-09-07T09:34:56Z step=result scenario=TS_004 status=unhealed scores=[85] rounds=1 tc=10 ms=405793
[ORCH] ts=2026-09-07T09:35:40Z step=generate scenario=TS_005 round=2 chunk=1/4 error=generate:TS_005: agent 689 still IN_PROGRESS when the budget ran out (execution c57af84d-6169-47f2-aa66-b3c5740f5a52)
[ORCH] ts=2026-09-07T09:35:40Z step=generate scenario=TS_005 round=2 chunk=2/4 error=budget exhausted before call
[ORCH] ts=2026-09-07T09:35:40Z step=review scenario=TS_005 round=2 error=budget exhausted before call
[ORCH] ts=2026-09-07T09:35:40Z step=keptbest scenario=TS_005 round=1 passed=6 note=later round was worse, shipping the best reviewed round
[ORCH] ts=2026-09-07T09:35:40Z step=result scenario=TS_005 status=unhealed scores=[85] rounds=2 tc=10 ms=450367
[ORCH] ts=2026-09-07T09:35:41Z step=renumber scenario=TS_002 ids=TC_001>TC_003,TC_002>TC_004
[ORCH] ts=2026-09-07T09:35:41Z step=renumber scenario=TS_003 ids=TC_001>TC_005
[ORCH] ts=2026-09-07T09:35:41Z step=renumber scenario=TS_004 ids=TC_001>TC_006,TC_002>TC_007,TC_003>TC_008,TC_004>TC_009,TC_005>TC_010,TC_006>TC_011,TC_007>TC_012,TC_008>TC_013,TC_009>TC_014,TC_010>TC_015
[ORCH] ts=2026-09-07T09:35:41Z step=renumber scenario=TS_005 ids=TC_001>TC_016,TC_002>TC_017,TC_003>TC_018,TC_004>TC_019,TC_005>TC_020,TC_006>TC_021,TC_007>TC_022,TC_008>TC_023,TC_009>TC_024,TC_010>TC_025
[ORCH] ts=2026-09-07T09:35:41Z step=renumber scenario=TS_006 ids=TC_001>TC_026,TC_002>TC_027,TC_003>TC_028
[ORCH] ts=2026-09-07T09:35:41Z step=renumber scenario=TS_010 ids=TC_001>TC_029,TC_002>TC_030,TC_003>TC_031,TC_004>TC_032
[ORCH] ts=2026-09-07T09:35:41Z step=renumber scenario=TS_012 ids=TC_001>TC_033,TC_002>TC_034,TC_003>TC_035
[ORCH] ts=2026-09-07T09:35:41Z step=renumber scenario=TS_007 ids=TC_001>TC_036,TC_002>TC_037,TC_003>TC_038,TC_004>TC_039
[ORCH] ts=2026-09-07T09:35:41Z step=renumber scenario=TS_008 ids=TC_001>TC_040,TC_002>TC_041,TC_003>TC_042
[ORCH] ts=2026-09-07T09:35:41Z step=renumber scenario=TS_009 ids=TC_001>TC_043,TC_002>TC_044,TC_003>TC_045
[ORCH] ts=2026-09-07T09:35:41Z step=renumber scenario=TS_011 ids=TC_001>TC_046,TC_002>TC_047,TC_003>TC_048,TC_004>TC_049
[ORCH] ts=2026-09-07T09:35:41Z step=done approved=6 unreviewed=0 unhealed=4 stagnant=2 hardstop=0 failed=0 skipped=0 testcases=49 agentcalls=48 ms=450414
[ORCH] ts=2026-09-07T09:35:41Z step=outcome story=640764 ready=36/49 testcases flagged=13 scenarios=12 elapsed=7m30s
[ORCH] ts=2026-09-07T09:35:41Z step=flagged tc=TC_006 scenario=TS_004 why=wrong Facets database path
[ORCH] ts=2026-09-07T09:35:41Z step=flagged tc=TC_007 scenario=TS_004 why=wrong Facets database path
[ORCH] ts=2026-09-07T09:35:41Z step=flagged tc=TC_008 scenario=TS_004 why=wrong Facets database path
[ORCH] ts=2026-09-07T09:35:41Z step=flagged tc=TC_017 scenario=TS_005 why=missing one scenario condition
[ORCH] ts=2026-09-07T09:35:41Z step=flagged tc=TC_019 scenario=TS_005 why=step count is too high
[ORCH] ts=2026-09-07T09:35:41Z step=flagged tc=TC_020 scenario=TS_005 why=step count is too low
[ORCH] ts=2026-09-07T09:35:41Z step=flagged tc=TC_021 scenario=TS_005 why=step count is too low
[ORCH] ts=2026-09-07T09:35:41Z step=flagged tc=TC_027 scenario=TS_006 why=missing dedicated condition coverage
[ORCH] ts=2026-09-07T09:35:41Z step=flagged tc=TC_032 scenario=TS_010 why=too many steps
[ORCH] ts=2026-09-07T09:35:41Z step=flagged tc=TC_041 scenario=TS_008 why=wrong Facets database file named
[ORCH] ts=2026-09-07T09:35:41Z step=flagged tc=TC_042 scenario=TS_008 why=wrong Facets database file named
[ORCH] ts=2026-09-07T09:35:41Z step=flagged tc=TC_047 scenario=TS_011 why=duplicate of another persistence case
[ORCH] ts=2026-09-07T09:35:41Z step=flagged tc=TC_049 scenario=TS_011 why=duplicate of another persistence case
[ORCH] ts=2026-09-07T09:35:41Z step=detail calls=48 rounds=20 scoreboard=TS_001:approved(85>92)  TS_002:approved(85>96)  TS_003:approved(92)  TS_004:unhealed(85)  TS_005:unhealed(85)  TS_006:unhealed(85)  TS_010:unhealed(85>85)  TS_012:approved(100)  TS_007:approved(85>100)  TS_008:stagnant(85>85)  TS_009:approved(100)  TS_011:stagnant(85>85)
