[ORCH] ts=2026-08-31T07:29:45Z step=start story=640764 maxscenarios=7 tcper=10 steps=18-40 rounds=0 workers=7 pass_=90/50 judge=653 deadline=1200s
[ORCH] ts=2026-08-31T07:29:45Z step=fetch story=640764 titlechars=85 descchars=3518 acchars=2096 ms=174
[ORCH] ts=2026-08-31T07:33:53Z step=scenarios count=7 ids=TS_001,TS_002,TS_003,TS_004,TS_005,TS_006,TS_007 ms=247453
[ORCH] ts=2026-08-31T07:37:19Z step=generate scenario=TS_004 round=1 chunk=1/3 error=test case array is empty raw=[]
[ORCH] ts=2026-08-31T07:37:20Z step=generate scenario=TS_003 round=1 chunk=1/1 error=test case array is empty raw=[]
[ORCH] ts=2026-08-31T07:37:20Z step=result scenario=TS_003 status=failed scores=[] rounds=1 tc=0 ms=207451
[ORCH] ts=2026-08-31T07:37:40Z step=generate scenario=TS_006 round=1 chunk=1/1 error=test case array is empty raw=[]
[ORCH] ts=2026-08-31T07:37:40Z step=result scenario=TS_006 status=failed scores=[] rounds=1 tc=0 ms=227538
[ORCH] ts=2026-08-31T07:37:40Z step=generate scenario=TS_002 round=1 chunk=1/1 tc=1 ids=TC_001 chars=44041 ms=227601
[ORCH] ts=2026-08-31T07:38:00Z step=generate scenario=TS_001 round=1 chunk=1/2 error=test case array is empty raw=[]
[ORCH] ts=2026-08-31T07:38:00Z step=generate scenario=TS_007 round=1 chunk=1/2 tc=3 ids=TC_001,TC_002,TC_003 chars=94960 ms=247684
[ORCH] ts=2026-08-31T07:38:01Z step=generate scenario=TS_005 round=1 chunk=1/3 tc=3 ids=TC_001,TC_002,TC_003 chars=84206 ms=248860
[ORCH] ts=2026-08-31T07:38:06Z step=review scenario=TS_002 round=1 score=85 passed=0/1 failing=TC_001 ms=25889
[ORCH] ts=2026-08-31T07:38:06Z step=result scenario=TS_002 status=unhealed scores=[85] rounds=1 tc=1 ms=253494
[ORCH] ts=2026-08-31T07:41:06Z step=generate scenario=TS_004 round=1 chunk=2/3 error=test case array is empty raw=[]
[ORCH] ts=2026-08-31T07:41:47Z step=generate scenario=TS_001 round=1 chunk=2/2 error=test case array is empty raw=[]
[ORCH] ts=2026-08-31T07:41:47Z step=result scenario=TS_001 status=failed scores=[] rounds=1 tc=0 ms=474664
[ORCH] ts=2026-08-31T07:42:08Z step=agenterror label=generate:TS_007 agentid=652 phase=poll status=FAILED execution=87e8be0f-d578-4dd3-9759-792c6279ee66 ms=247364 why={"executionId": "87e8be0f-d578-4dd3-9759-792c6279ee66", "agentId": 652, "output": null, "agentName": "EDI 834 Inbound Test Case Generation", "executedBy": "Hrishikesh.Rode@caresource.com", "createdAt"
[ORCH] ts=2026-08-31T07:42:08Z step=generate scenario=TS_007 round=1 chunk=2/2 error=generate:TS_007: agent 652 finished FAILED (execution 87e8be0f-d578-4dd3-9759-792c6279ee66)
[ORCH] ts=2026-08-31T07:42:08Z step=agenterror label=generate:TS_005 agentid=652 phase=poll status=FAILED execution=f18765f4-4bd5-4f50-b1ff-bf277314e6c2 ms=246610 why={"executionId": "f18765f4-4bd5-4f50-b1ff-bf277314e6c2", "agentId": 652, "output": null, "agentName": "EDI 834 Inbound Test Case Generation", "executedBy": "Hrishikesh.Rode@caresource.com", "createdAt"
[ORCH] ts=2026-08-31T07:42:08Z step=generate scenario=TS_005 round=1 chunk=2/3 error=generate:TS_005: agent 652 finished FAILED (execution f18765f4-4bd5-4f50-b1ff-bf277314e6c2)
[ORCH] ts=2026-08-31T07:42:22Z step=review scenario=TS_007 round=1 score=85 passed=1/3 failing=TC_002,TC_003 ms=14726
[ORCH] ts=2026-08-31T07:42:22Z step=result scenario=TS_007 status=unhealed scores=[85] rounds=1 tc=3 ms=509782
[ORCH] ts=2026-08-31T07:44:34Z step=generate scenario=TS_004 round=1 chunk=3/3 error=test case array is empty raw=[]
[ORCH] ts=2026-08-31T07:44:34Z step=result scenario=TS_004 status=failed scores=[] rounds=1 tc=0 ms=640946
[ORCH] ts=2026-08-31T07:44:34Z step=generate scenario=TS_005 round=1 chunk=3/3 tc=2 ids=TC_001,TC_002 chars=62514 ms=145478
[ORCH] ts=2026-08-31T07:45:00Z step=review scenario=TS_005 round=1 score=85 passed=0/5 failing=TC_001,TC_002,TC_003,TC_004,TC_005 ms=26209
[ORCH] ts=2026-08-31T07:45:00Z step=result scenario=TS_005 status=unhealed scores=[85] rounds=1 tc=5 ms=667171
[ORCH] ts=2026-08-31T07:45:00Z step=renumber scenario=TS_005 ids=TC_001>TC_002,TC_002>TC_003,TC_003>TC_004,TC_004>TC_005,TC_005>TC_006
[ORCH] ts=2026-08-31T07:45:00Z step=renumber scenario=TS_007 ids=TC_001>TC_007,TC_002>TC_008,TC_003>TC_009
[ORCH] ts=2026-08-31T07:45:00Z step=done approved=0 unreviewed=0 unhealed=3 stagnant=0 hardstop=0 failed=4 skipped=0 testcases=9 agentcalls=17 ms=914815
[ORCH] ts=2026-08-31T07:45:00Z step=outcome story=640764 ready=1/9 testcases flagged=8 scenarios=7 elapsed=15m14s warnings=4
[ORCH] ts=2026-08-31T07:45:00Z step=flagged tc=TC_001 scenario=TS_002 why=mentions DoD in expected result
[ORCH] ts=2026-08-31T07:45:00Z step=flagged tc=TC_002 scenario=TS_005 why=bad SQL step and missing coverage gap
[ORCH] ts=2026-08-31T07:45:00Z step=flagged tc=TC_003 scenario=TS_005 why=missing coverage gap
[ORCH] ts=2026-08-31T07:45:00Z step=flagged tc=TC_004 scenario=TS_005 why=missing coverage gap
[ORCH] ts=2026-08-31T07:45:00Z step=flagged tc=TC_005 scenario=TS_005 why=wrong Facets product and extra bad check
[ORCH] ts=2026-08-31T07:45:00Z step=flagged tc=TC_006 scenario=TS_005 why=too few cases for listed conditions
[ORCH] ts=2026-08-31T07:45:00Z step=flagged tc=TC_008 scenario=TS_007 why=missing current eligibility relevant-fields case
[ORCH] ts=2026-08-31T07:45:00Z step=flagged tc=TC_009 scenario=TS_007 why=missing finance-only coverage case
[ORCH] ts=2026-08-31T07:45:00Z step=detail calls=17 rounds=7 scoreboard=TS_001:failed  TS_002:unhealed(85)  TS_003:failed  TS_004:failed  TS_005:unhealed(85)  TS_006:failed  TS_007:unhealed(85)
