[ORCH] ts=2026-08-31T15:20:46Z step=start story=740507 maxscenarios=7 tcper=10 steps=10-40 rounds=2 workers=7 pass_=90/50 judge=653 deadline=1200s
[ORCH] ts=2026-08-31T15:20:47Z step=fetch story=740507 titlechars=123 descchars=4308 acchars=14298 ms=173
[ORCH] ts=2026-08-31T15:22:32Z step=scenarios count=7 ids=TS_001,TS_002,TS_003,TS_004,TS_005,TS_006,TS_007 ms=105208
[ORCH] ts=2026-08-31T15:23:56Z step=generate scenario=TS_007 round=1 chunk=1/1 tc=2 ids=TC_001,TC_002 chars=38262 ms=84501
[ORCH] ts=2026-08-31T15:23:57Z step=generate scenario=TS_006 round=1 chunk=1/1 tc=2 ids=TC_001,TC_002 chars=34781 ms=84904
[ORCH] ts=2026-08-31T15:23:57Z step=generate scenario=TS_003 round=1 chunk=1/3 tc=3 ids=TC_001,TC_002,TC_003 chars=59168 ms=84987
[ORCH] ts=2026-08-31T15:23:57Z step=generate scenario=TS_001 round=1 chunk=1/1 tc=3 ids=TC_001,TC_002,TC_003 chars=34756 ms=85010
[ORCH] ts=2026-08-31T15:24:11Z step=review scenario=TS_007 round=1 score=85 passed=1/2 failing=TC_002 ms=14560
[ORCH] ts=2026-08-31T15:24:11Z step=review scenario=TS_001 round=1 score=85 passed=0/3 failing=TC_001,TC_002,TC_003 ms=14325
[ORCH] ts=2026-08-31T15:24:11Z step=review scenario=TS_006 round=1 score=85 passed=0/2 failing=TC_001,TC_002 ms=14475
[ORCH] ts=2026-08-31T15:24:17Z step=generate scenario=TS_002 round=1 chunk=1/2 tc=3 ids=TC_001,TC_002,TC_003 chars=47620 ms=105345
[ORCH] ts=2026-08-31T15:24:37Z step=generate scenario=TS_004 round=1 chunk=1/2 tc=3 ids=TC_001,TC_002,TC_003 chars=44849 ms=125551
[ORCH] ts=2026-08-31T15:24:37Z step=generate scenario=TS_005 round=1 chunk=1/2 tc=3 ids=TC_001,TC_002,TC_003 chars=49083 ms=125650
[ORCH] ts=2026-08-31T15:25:21Z step=generate scenario=TS_003 round=1 chunk=2/3 tc=3 ids=TC_001,TC_002,TC_003 chars=55820 ms=84195
[ORCH] ts=2026-08-31T15:25:21Z step=generate scenario=TS_002 round=1 chunk=2/2 tc=1 ids=TC_001 chars=13341 ms=63922
[ORCH] ts=2026-08-31T15:25:35Z step=generate scenario=TS_007 round=2 chunk=1/1 tc=2 ids=TC_001,TC_002 chars=39700 ms=83930 regen=1
[ORCH] ts=2026-08-31T15:25:35Z step=generate scenario=TS_006 round=2 chunk=1/1 tc=2 ids=TC_001,TC_002 chars=38925 ms=83945 regen=2
[ORCH] ts=2026-08-31T15:25:35Z step=generate scenario=TS_001 round=2 chunk=1/1 tc=3 ids=TC_001,TC_002,TC_003 chars=36261 ms=84023 regen=3
[ORCH] ts=2026-08-31T15:25:36Z step=review scenario=TS_002 round=1 score=85 passed=2/4 failing=TC_002,TC_004 ms=14502
[ORCH] ts=2026-08-31T15:25:49Z step=review scenario=TS_007 round=2 score=92 passed=2/2 ms=14563
[ORCH] ts=2026-08-31T15:25:49Z step=result scenario=TS_007 status=approved scores=[85, 92] rounds=2 tc=2 ms=197569
[ORCH] ts=2026-08-31T15:25:50Z step=review scenario=TS_006 round=2 score=95 passed=2/2 ms=14448
[ORCH] ts=2026-08-31T15:25:50Z step=result scenario=TS_006 status=approved scores=[85, 95] rounds=2 tc=2 ms=197784
[ORCH] ts=2026-08-31T15:25:50Z step=review scenario=TS_001 round=2 score=85 passed=0/3 failing=TC_001,TC_002,TC_003 ms=14581
[ORCH] ts=2026-08-31T15:25:50Z step=stagnant scenario=TS_001 round=2 scores=[85, 85] passed=[0, 0]
[ORCH] ts=2026-08-31T15:25:50Z step=result scenario=TS_001 status=stagnant scores=[85, 85] rounds=2 tc=3 ms=197951
[ORCH] ts=2026-08-31T15:26:22Z step=generate scenario=TS_004 round=1 chunk=2/2 tc=2 ids=TC_001,TC_002 chars=39945 ms=104685
[ORCH] ts=2026-08-31T15:26:42Z step=generate scenario=TS_005 round=1 chunk=2/2 tc=3 ids=TC_001,TC_002,TC_003 chars=45167 ms=124837
[ORCH] ts=2026-08-31T15:26:46Z step=generate scenario=TS_003 round=1 chunk=3/3 tc=3 ids=TC_001,TC_002,TC_003 chars=61597 ms=84596
[ORCH] ts=2026-08-31T15:26:48Z step=review scenario=TS_004 round=1 score=85 passed=3/5 failing=TC_002,TC_003 ms=26280
[ORCH] ts=2026-08-31T15:27:08Z step=review scenario=TS_005 round=1 score=85 passed=3/6 failing=TC_002,TC_003,TC_004 ms=26051
[ORCH] ts=2026-08-31T15:27:21Z step=generate scenario=TS_002 round=2 chunk=1/2 tc=3 ids=TC_001,TC_002,TC_003 chars=50354 ms=105230 regen=1
[ORCH] ts=2026-08-31T15:27:30Z step=review scenario=TS_003 round=1 score=85 passed=0/9 failing=TC_001,TC_002,TC_003,TC_004,TC_005,TC_006,TC_007,TC_008,TC_009 ms=44202
[ORCH] ts=2026-08-31T15:27:53Z step=generate scenario=TS_005 round=2 chunk=1/2 error=test case array is empty raw=[]
[ORCH] ts=2026-08-31T15:28:05Z step=generate scenario=TS_002 round=2 chunk=2/2 tc=1 ids=TC_001 chars=26288 ms=43720 regen=1
[ORCH] ts=2026-08-31T15:28:31Z step=review scenario=TS_002 round=2 score=85 passed=2/4 failing=TC_002,TC_003 ms=26309
[ORCH] ts=2026-08-31T15:28:31Z step=stagnant scenario=TS_002 round=2 scores=[85, 85] passed=[2, 2]
[ORCH] ts=2026-08-31T15:28:31Z step=result scenario=TS_002 status=stagnant scores=[85, 85] rounds=2 tc=4 ms=359053
[ORCH] ts=2026-08-31T15:28:54Z step=generate scenario=TS_004 round=2 chunk=1/2 tc=3 ids=TC_001,TC_002,TC_003 chars=51952 ms=125225 regen=2
[ORCH] ts=2026-08-31T15:28:54Z step=generate scenario=TS_003 round=2 chunk=1/3 tc=3 ids=TC_001,TC_002,TC_003 chars=47217 ms=84472 regen=3
[ORCH] ts=2026-08-31T15:29:20Z step=review scenario=TS_004 round=2 score=85 passed=3/5 failing=TC_001,TC_003 ms=26375
[ORCH] ts=2026-08-31T15:29:20Z step=stagnant scenario=TS_004 round=2 scores=[85, 85] passed=[3, 3]
[ORCH] ts=2026-08-31T15:29:20Z step=result scenario=TS_004 status=stagnant scores=[85, 85] rounds=2 tc=5 ms=408136
[ORCH] ts=2026-08-31T15:29:58Z step=generate scenario=TS_005 round=2 chunk=2/2 tc=3 ids=TC_001,TC_002,TC_003 chars=43298 ms=125084 regen=1
[ORCH] ts=2026-08-31T15:30:24Z step=review scenario=TS_005 round=2 score=85 passed=4/6 failing=TC_004,TC_006 ms=26404
[ORCH] ts=2026-08-31T15:30:24Z step=result scenario=TS_005 status=unhealed scores=[85, 85] rounds=2 tc=6 ms=472204
[ORCH] ts=2026-08-31T15:30:59Z step=generate scenario=TS_003 round=2 chunk=2/3 tc=4 ids=TC_001,TC_002,TC_003,TC_004 chars=98169 ms=125143 regen=3
[ORCH] ts=2026-08-31T15:32:24Z step=generate scenario=TS_003 round=2 chunk=3/3 tc=3 ids=TC_001,TC_002,TC_003 chars=50634 ms=84225 regen=3
[ORCH] ts=2026-08-31T15:33:07Z step=review scenario=TS_003 round=2 score=85 passed=6/10 failing=TC_004,TC_007,TC_008,TC_010 ms=43343
[ORCH] ts=2026-08-31T15:33:07Z step=result scenario=TS_003 status=unhealed scores=[85, 85] rounds=2 tc=10 ms=635225
[ORCH] ts=2026-08-31T15:33:07Z step=renumber scenario=TS_002 ids=TC_001>TC_004,TC_002>TC_005,TC_003>TC_006,TC_004>TC_007
[ORCH] ts=2026-08-31T15:33:07Z step=renumber scenario=TS_003 ids=TC_001>TC_008,TC_002>TC_009,TC_003>TC_010,TC_004>TC_011,TC_005>TC_012,TC_006>TC_013,TC_007>TC_014,TC_008>TC_015,TC_009>TC_016,TC_010>TC_017
[ORCH] ts=2026-08-31T15:33:07Z step=renumber scenario=TS_004 ids=TC_001>TC_018,TC_002>TC_019,TC_003>TC_020,TC_004>TC_021,TC_005>TC_022
[ORCH] ts=2026-08-31T15:33:07Z step=renumber scenario=TS_005 ids=TC_001>TC_023,TC_002>TC_024,TC_003>TC_025,TC_004>TC_026,TC_005>TC_027,TC_006>TC_028
[ORCH] ts=2026-08-31T15:33:07Z step=renumber scenario=TS_006 ids=TC_001>TC_029,TC_002>TC_030
[ORCH] ts=2026-08-31T15:33:07Z step=renumber scenario=TS_007 ids=TC_001>TC_031,TC_002>TC_032
[ORCH] ts=2026-08-31T15:33:07Z step=done approved=2 unreviewed=0 unhealed=2 stagnant=3 hardstop=0 failed=0 skipped=0 testcases=32 agentcalls=38 ms=740623
[ORCH] ts=2026-08-31T15:33:07Z step=outcome story=740507 ready=19/32 testcases flagged=13 scenarios=7 elapsed=12m20s
[ORCH] ts=2026-08-31T15:33:07Z step=flagged tc=TC_001 scenario=TS_001 why=missing transaction-type validation
[ORCH] ts=2026-08-31T15:33:07Z step=flagged tc=TC_002 scenario=TS_001 why=duplicate of row-value validation flow
[ORCH] ts=2026-08-31T15:33:07Z step=flagged tc=TC_003 scenario=TS_001 why=duplicate of transaction-type validation
[ORCH] ts=2026-08-31T15:33:07Z step=flagged tc=TC_005 scenario=TS_002 why=duplicates another case's flow
[ORCH] ts=2026-08-31T15:33:07Z step=flagged tc=TC_006 scenario=TS_002 why=duplicates archive coverage flow
[ORCH] ts=2026-08-31T15:33:07Z step=flagged tc=TC_011 scenario=TS_003 why=wrong member field for SSN update
[ORCH] ts=2026-08-31T15:33:07Z step=flagged tc=TC_014 scenario=TS_003 why=missing dedicated new-member tables case
[ORCH] ts=2026-08-31T15:33:07Z step=flagged tc=TC_015 scenario=TS_003 why=wrong member columns in SQL
[ORCH] ts=2026-08-31T15:33:07Z step=flagged tc=TC_017 scenario=TS_003 why=wrong target table names
[ORCH] ts=2026-08-31T15:33:07Z step=flagged tc=TC_018 scenario=TS_004 why=duplicate of another split case
[ORCH] ts=2026-08-31T15:33:07Z step=flagged tc=TC_020 scenario=TS_004 why=duplicate of another split case
[ORCH] ts=2026-08-31T15:33:07Z step=flagged tc=TC_026 scenario=TS_005 why=wrong COB archive field names
[ORCH] ts=2026-08-31T15:33:07Z step=flagged tc=TC_028 scenario=TS_005 why=missing BH coverage validation
[ORCH] ts=2026-08-31T15:33:07Z step=detail calls=38 rounds=14 scoreboard=TS_001:stagnant(85>85)  TS_002:stagnant(85>85)  TS_003:unhealed(85>85)  TS_004:stagnant(85>85)  TS_005:unhealed(85>85)  TS_006:approved(85>95)  TS_007:approved(85>92)
