story 640764: 7 scenarios x 3 cases x 12-15 steps, 2 heal round(s), judged, deadline 630s
config: C:\Users\cs218321\OneDrive - Caresource Management Group\AAVA\AAVA_Agents\Self healing\testgen_orchestrator\tool\.env

[ORCH] ts=2026-08-18T09:50:13Z step=start story=640764 maxscenarios=7 tcper=3 steps=12-15 rounds=2 workers=7 pass_=80/50 judge=627 deadline=630s
[ORCH] ts=2026-08-18T09:50:14Z step=fetch story=640764 titlechars=85 descchars=3518 acchars=2096 ms=290
[ORCH] ts=2026-08-18T09:50:57Z step=scenarios count=7 ids=TS_001,TS_002,TS_003,TS_004,TS_005,TS_006,TS_007 ms=43803
[ORCH] ts=2026-08-18T09:52:22Z step=generate scenario=TS_004 round=1 tc=3 ids=TC_TS004_001,TC_TS004_002,TC_TS004_003 chars=65249 ms=84574
[ORCH] ts=2026-08-18T09:52:22Z step=generate scenario=TS_006 round=1 tc=3 ids=TC_TS006_001,TC_TS006_002,TC_TS006_003 chars=62218 ms=84714
[ORCH] ts=2026-08-18T09:52:22Z step=generate scenario=TS_002 round=1 tc=3 ids=TC_TS002_001,TC_TS002_002,TC_TS002_003 chars=61998 ms=84795
[ORCH] ts=2026-08-18T09:52:22Z step=generate scenario=TS_003 round=1 tc=3 ids=TC_TS003_001,TC_TS003_002,TC_TS003_003 chars=66177 ms=84843
[ORCH] ts=2026-08-18T09:52:37Z step=review scenario=TS_004 round=1 score=96 passed=3/3 ms=14841
[ORCH] ts=2026-08-18T09:52:37Z step=result scenario=TS_004 status=approved scores=[96] rounds=1 tc=3 ms=99457
[ORCH] ts=2026-08-18T09:52:37Z step=review scenario=TS_003 round=1 score=85 passed=2/3 failing=TC_TS003_003 ms=14625
[ORCH] ts=2026-08-18T09:52:37Z step=review scenario=TS_006 round=1 score=85 passed=1/3 failing=TC_TS006_002,TC_TS006_003 ms=14870
[ORCH] ts=2026-08-18T09:52:37Z step=review scenario=TS_002 round=1 score=100 passed=3/3 ms=14801
[ORCH] ts=2026-08-18T09:52:37Z step=result scenario=TS_002 status=approved scores=[100] rounds=1 tc=3 ms=99719
[ORCH] ts=2026-08-18T09:52:43Z step=generate scenario=TS_001 round=1 tc=3 ids=TC_TS001_001,TC_TS001_002,TC_TS001_003 chars=65298 ms=105175
[ORCH] ts=2026-08-18T09:52:57Z step=review scenario=TS_001 round=1 score=85 passed=2/3 failing=TC_TS001_003 ms=14604
[ORCH] ts=2026-08-18T09:53:03Z step=generate scenario=TS_005 round=1 tc=3 ids=TC_TS005_001,TC_TS005_002,TC_TS005_003 chars=64971 ms=125520
[ORCH] ts=2026-08-18T09:53:03Z step=generate scenario=TS_007 round=1 tc=3 ids=TC_TS007_001,TC_TS007_002,TC_TS007_003 chars=70429 ms=125957
[ORCH] ts=2026-08-18T09:53:18Z step=review scenario=TS_005 round=1 score=85 passed=2/3 failing=TC_TS005_003 ms=14713
[ORCH] ts=2026-08-18T09:53:18Z step=review scenario=TS_007 round=1 score=85 passed=2/3 failing=TC_TS007_003 ms=14812
[ORCH] ts=2026-08-18T09:53:41Z step=generate scenario=TS_006 round=2 tc=3 ids=TC_TS006_001,TC_TS006_002,TC_TS006_003 chars=74400 ms=63831 regen=2
[ORCH] ts=2026-08-18T09:53:56Z step=review scenario=TS_006 round=2 score=85 passed=2/3 failing=TC_TS006_002 ms=14694
[ORCH] ts=2026-08-18T09:53:56Z step=stagnant scenario=TS_006 round=2 scores=[85, 85]
[ORCH] ts=2026-08-18T09:53:56Z step=result scenario=TS_006 status=stagnant scores=[85, 85] rounds=2 tc=3 ms=178242
[ORCH] ts=2026-08-18T09:54:21Z step=generate scenario=TS_001 round=2 tc=3 ids=TC_TS001_001,TC_TS001_002,TC_TS001_003 chars=73039 ms=84153 regen=1
[ORCH] ts=2026-08-18T09:54:42Z step=generate scenario=TS_005 round=2 tc=3 ids=TC_TS005_001,TC_TS005_002,TC_TS005_003 chars=61440 ms=84148 regen=1
[ORCH] ts=2026-08-18T09:54:42Z step=generate scenario=TS_003 round=2 tc=3 ids=TC_TS003_001,TC_TS003_002,TC_TS003_003 chars=56982 ms=124942 regen=1
[ORCH] ts=2026-08-18T09:54:42Z step=generate scenario=TS_007 round=2 tc=3 ids=TC_TS007_001,TC_TS007_002,TC_TS007_003 chars=65156 ms=83876 regen=1
[ORCH] ts=2026-08-18T09:54:47Z step=review scenario=TS_001 round=2 score=85 passed=0/3 failing=TC_TS001_001,TC_TS001_002,TC_TS001_003 ms=26028
[ORCH] ts=2026-08-18T09:54:47Z step=stagnant scenario=TS_001 round=2 scores=[85, 85]
[ORCH] ts=2026-08-18T09:54:47Z step=result scenario=TS_001 status=stagnant scores=[85, 85] rounds=2 tc=3 ms=230015
[ORCH] ts=2026-08-18T09:54:56Z step=review scenario=TS_007 round=2 score=95 passed=3/3 ms=14141
[ORCH] ts=2026-08-18T09:54:56Z step=result scenario=TS_007 status=approved scores=[85, 95] rounds=2 tc=3 ms=238818
[ORCH] ts=2026-08-18T09:54:56Z step=review scenario=TS_003 round=2 score=85 passed=2/3 failing=TC_TS003_003 ms=14457
[ORCH] ts=2026-08-18T09:54:56Z step=stagnant scenario=TS_003 round=2 scores=[85, 85]
[ORCH] ts=2026-08-18T09:54:56Z step=result scenario=TS_003 status=stagnant scores=[85, 85] rounds=2 tc=3 ms=238908
[ORCH] ts=2026-08-18T09:54:56Z step=review scenario=TS_005 round=2 score=95 passed=3/3 ms=14575
[ORCH] ts=2026-08-18T09:54:56Z step=result scenario=TS_005 status=approved scores=[85, 95] rounds=2 tc=3 ms=238989
[ORCH] ts=2026-08-18T09:54:56Z step=done approved=4 unreviewed=0 unhealed=0 stagnant=3 hardstop=0 failed=0 skipped=0 testcases=21 agentcalls=25 ms=283115
[ORCH] ts=2026-08-18T09:54:56Z step=summary story=640764 verdict=4/7 passed testcases=21 elapsed=283s calls=25 warnings=6 scoreboard=TS_001:stagnant(85>85)  TS_002:approved(100)  TS_003:stagnant(85>85)  TS_004:approved(96)  TS_005:approved(85>95)  TS_006:stagnant(85>85)  TS_007:approved(85>95)
[ORCH-TABLE-BEGIN] story=640764 scenarios=7 rows=264
[ORCH-TABLE-END] chars=456692
           266 rows -> tool_logs\640764_20260818_152013\testcases.md

=== completed in 283s ===
  TS_001   stagnant    score [85, 85]         rounds 2  tc 3    230s
  TS_002   approved    score [100]            rounds 1  tc 3    100s
  TS_003   stagnant    score [85, 85]         rounds 2  tc 3    239s
  TS_004   approved    score [96]             rounds 1  tc 3     99s
  TS_005   approved    score [85, 95]         rounds 2  tc 3    239s
  TS_006   stagnant    score [85, 85]         rounds 2  tc 3    178s
  TS_007   approved    score [85, 95]         rounds 2  tc 3    239s
  warning: --- looks like a duplicate of a test case in TS_001
  warning: --- looks like a duplicate of a test case in TS_001
  warning: --- looks like a duplicate of a test case in TS_001
  warning: --- looks like a duplicate of a test case in TS_001
  warning: --- looks like a duplicate of a test case in TS_001
  warning: --- looks like a duplicate of a test case in TS_001

4/7 approved, 21 test cases, 25 agent calls, 264 table rows

C:\Users\cs218321\OneDrive - Caresource Management Group\AAVA\AAVA_Agents\Self healing\tool_logs\640764_20260818_152013
   run.log         every [ORCH] line and this summary
   testcases.md    the assembled table
   envelope.json   per scenario scores and the reviewer's gaps
   runinputs.json  the exact settings used, credentials blanked
