story 640764: 7 scenarios x 3 cases x 12-15 steps, 3 heal round(s), judged, deadline 300s
config: C:\Users\cs218321\OneDrive - Caresource Management Group\AAVA\AAVA_Agents\Self healing\testgen_orchestrator\tool\.env

[ORCH] ts=2026-08-18T06:58:03Z step=start story=640764 maxscenarios=7 tcper=3 steps=12-15 rounds=3 workers=7 pass_=90/50 judge=627 deadline=300s
[ORCH] ts=2026-08-18T06:58:03Z step=fetch story=640764 titlechars=85 descchars=3518 acchars=2096 ms=256
[ORCH] ts=2026-08-18T06:58:46Z step=scenarios count=7 ids=TS_001,TS_002,TS_003,TS_004,TS_005,TS_006,TS_007 ms=43349
[ORCH] ts=2026-08-18T06:59:51Z step=generate scenario=TS_001 round=1 tc=3 ids=TC_001,TC_002,TC_003 chars=67042 ms=64078
[ORCH] ts=2026-08-18T07:00:05Z step=review scenario=TS_001 round=1 score=85 passed=2/3 failing=TC_003 ms=14626
[ORCH] ts=2026-08-18T07:00:11Z step=generate scenario=TS_003 round=1 tc=3 ids=TC_TS003_001,TC_TS003_002,TC_TS003_003 chars=64157 ms=83980
[ORCH] ts=2026-08-18T07:00:11Z step=generate scenario=TS_006 round=1 tc=3 ids=TC_TS006_001,TC_TS006_002,TC_TS006_003 chars=68435 ms=84249
[ORCH] ts=2026-08-18T07:00:25Z step=review scenario=TS_003 round=1 score=85 passed=2/3 failing=TC_TS003_003 ms=14378
[ORCH] ts=2026-08-18T07:00:26Z step=review scenario=TS_006 round=1 score=85 passed=2/3 failing=TC_TS006_003 ms=14588
[ORCH] ts=2026-08-18T07:00:32Z step=generate scenario=TS_004 round=1 tc=3 ids=TC_TS004_001,TC_TS004_002,TC_TS004_003 chars=68982 ms=104746
[ORCH] ts=2026-08-18T07:00:46Z step=review scenario=TS_004 round=1 score=85 passed=2/3 failing=TC_TS004_003 ms=14358
[ORCH] ts=2026-08-18T07:01:12Z step=generate scenario=TS_005 round=1 tc=3 ids=TC_TS005_001,TC_TS005_002,TC_TS005_003 chars=57790 ms=145187
[ORCH] ts=2026-08-18T07:01:27Z step=review scenario=TS_005 round=1 score=85 passed=2/3 failing=TC_TS005_003 ms=14439
[ORCH] ts=2026-08-18T07:01:29Z step=generate scenario=TS_001 round=2 tc=3 ids=TC_001,TC_002,TC_003 chars=67515 ms=83969 regen=1
[ORCH] ts=2026-08-18T07:01:43Z step=review scenario=TS_001 round=2 score=85 passed=1/3 failing=TC_002,TC_003 ms=14238
[ORCH] ts=2026-08-18T07:01:43Z step=stagnant scenario=TS_001 round=2 scores=[85, 85]
[ORCH] ts=2026-08-18T07:01:43Z step=result scenario=TS_001 status=stagnant scores=[85, 85] rounds=2 tc=3 ms=176921
[ORCH] ts=2026-08-18T07:01:49Z step=generate scenario=TS_003 round=2 tc=3 ids=TC_TS003_001,TC_TS003_002,TC_TS003_003 chars=60163 ms=84078 regen=1
[ORCH] ts=2026-08-18T07:01:53Z step=generate scenario=TS_002 round=1 tc=3 ids=TC_TS002_001,TC_TS002_002,TC_TS002_003 chars=58781 ms=186131
[ORCH] ts=2026-08-18T07:01:53Z step=generate scenario=TS_007 round=1 tc=3 ids=TC_TS007_001,TC_TS007_002,TC_TS007_003 chars=76681 ms=185929
[ORCH] ts=2026-08-18T07:02:04Z step=review scenario=TS_003 round=2 score=95 passed=3/3 ms=14667
[ORCH] ts=2026-08-18T07:02:04Z step=result scenario=TS_003 status=approved scores=[85, 95] rounds=2 tc=3 ms=197109
[ORCH] ts=2026-08-18T07:02:07Z step=review scenario=TS_007 round=1 score=85 passed=2/3 failing=TC_TS007_003 ms=14310
[ORCH] ts=2026-08-18T07:02:07Z step=budget scenario=TS_007 round=2 note=stopped, budget low
[ORCH] ts=2026-08-18T07:02:07Z step=result scenario=TS_007 status=failed scores=[85] rounds=1 tc=3 ms=200242
[ORCH] ts=2026-08-18T07:02:07Z step=review scenario=TS_002 round=1 score=85 passed=2/3 failing=TC_TS002_003 ms=14735
[ORCH] ts=2026-08-18T07:02:07Z step=budget scenario=TS_002 round=2 note=stopped, budget low
[ORCH] ts=2026-08-18T07:02:07Z step=result scenario=TS_002 status=failed scores=[85] rounds=1 tc=3 ms=200869
[ORCH] ts=2026-08-18T07:02:30Z step=generate scenario=TS_004 round=2 tc=3 ids=TC_TS004_001,TC_TS004_002,TC_TS004_003 chars=51541 ms=104507 regen=1
[ORCH] ts=2026-08-18T07:02:45Z step=review scenario=TS_004 round=2 score=85 passed=1/3 failing=TC_TS004_002,TC_TS004_003 ms=14428
[ORCH] ts=2026-08-18T07:02:45Z step=stagnant scenario=TS_004 round=2 scores=[85, 85]
[ORCH] ts=2026-08-18T07:02:45Z step=result scenario=TS_004 status=stagnant scores=[85, 85] rounds=2 tc=3 ms=238045
[ORCH] ts=2026-08-18T07:03:03Z step=generate scenario=TS_005 round=2 error=generate:TS_005: agent 626 still IN_PROGRESS when the budget ran out (execution 06b1e77e-895b-458a-8628-64bc86eb4ad6)
[ORCH] ts=2026-08-18T07:03:03Z step=budget scenario=TS_005 round=3 note=stopped, budget low
[ORCH] ts=2026-08-18T07:03:03Z step=result scenario=TS_005 status=failed scores=[85] rounds=2 tc=3 ms=256075
[ORCH] ts=2026-08-18T07:03:03Z step=generate scenario=TS_006 round=2 error=generate:TS_006: agent 626 still IN_PROGRESS when the budget ran out (execution ce177566-53d2-447b-8130-0b098cc32cdd)
[ORCH] ts=2026-08-18T07:03:03Z step=budget scenario=TS_006 round=3 note=stopped, budget low
[ORCH] ts=2026-08-18T07:03:03Z step=result scenario=TS_006 status=failed scores=[85] rounds=2 tc=3 ms=256053
[ORCH] ts=2026-08-18T07:03:03Z step=done approved=1 unreviewed=0 unhealed=0 stagnant=2 hardstop=0 failed=4 skipped=0 testcases=21 agentcalls=23 ms=300320
[ORCH] ts=2026-08-18T07:03:03Z step=summary story=640764 verdict=1/7 passed testcases=21 elapsed=300s calls=23 warnings=6 scoreboard=TS_001:stagnant(85>85)  TS_002:failed(85)  TS_003:approved(85>95)  TS_004:stagnant(85>85)  TS_005:failed(85)  TS_006:failed(85)  TS_007:failed(85)
[ORCH-TABLE-BEGIN] story=640764 scenarios=7 rows=271
[ORCH-TABLE-END] chars=439334
           273 rows -> tool_logs\640764_20260818_122803\testcases.md

=== completed in 300s ===
  TS_001   stagnant    score [85, 85]         rounds 2  tc 3    177s
  TS_002   failed      score [85]             rounds 1  tc 3    201s  budget exhausted
  TS_003   approved    score [85, 95]         rounds 2  tc 3    197s
  TS_004   stagnant    score [85, 85]         rounds 2  tc 3    238s
  TS_005   failed      score [85]             rounds 2  tc 3    256s  budget exhausted
  TS_006   failed      score [85]             rounds 2  tc 3    256s  budget exhausted
  TS_007   failed      score [85]             rounds 1  tc 3    200s  budget exhausted
  warning: --- looks like a duplicate of a test case in TS_001
  warning: --- looks like a duplicate of a test case in TS_001
  warning: --- looks like a duplicate of a test case in TS_001
  warning: --- looks like a duplicate of a test case in TS_001
  warning: --- looks like a duplicate of a test case in TS_001
  warning: --- looks like a duplicate of a test case in TS_001

1/7 approved, 21 test cases, 23 agent calls, 271 table rows

C:\Users\cs218321\OneDrive - Caresource Management Group\AAVA\AAVA_Agents\Self healing\tool_logs\640764_20260818_122803
   run.log         every [ORCH] line and this summary
   testcases.md    the assembled table
   envelope.json   per scenario scores and the reviewer's gaps
   runinputs.json  the exact settings used, credentials blanked
