[ORCH] ts=2026-08-19T07:55:58Z step=start story=640764 maxscenarios=7 tcper=3 steps=12-15 rounds=2 workers=7 pass_=80/50 judge=627 deadline=630s
[ORCH] ts=2026-08-19T07:55:58Z step=fetch story=640764 titlechars=85 descchars=3518 acchars=2096 ms=310
[ORCH] ts=2026-08-19T07:59:45Z step=scenarios count=7 ids=TS_001,TS_002,TS_003,TS_004,TS_005,TS_007,TS_006 ms=226507
[ORCH] ts=2026-08-19T08:01:10Z step=generate scenario=TS_005 round=1 tc=3 ids=TC_TS005_001,TC_TS005_002,TC_TS005_003 chars=69661 ms=84966
[ORCH] ts=2026-08-19T08:01:11Z step=generate scenario=TS_001 round=1 tc=3 ids=TC_TS001_001,TC_TS001_002,TC_TS001_003 chars=58191 ms=85697
[ORCH] ts=2026-08-19T08:01:11Z step=generate scenario=TS_004 round=1 tc=3 ids=TC_TS004_001,TC_TS004_002,TC_TS004_003 chars=60710 ms=85693
[ORCH] ts=2026-08-19T08:01:11Z step=generate scenario=TS_002 round=1 tc=3 ids=TC_TS002_001,TC_TS002_002,TC_TS002_003 chars=61671 ms=86053
[ORCH] ts=2026-08-19T08:01:11Z step=generate scenario=TS_006 round=1 tc=3 ids=TC_TS006_001,TC_TS006_002,TC_TS006_003 chars=71726 ms=86048
[ORCH] ts=2026-08-19T08:01:25Z step=review scenario=TS_005 round=1 score=85 passed=2/3 failing=TC_TS005_003 ms=14719
[ORCH] ts=2026-08-19T08:01:25Z step=review scenario=TS_006 round=1 score=95 passed=3/3 ms=14466
[ORCH] ts=2026-08-19T08:01:25Z step=result scenario=TS_006 status=approved scores=[95] rounds=1 tc=3 ms=100516
[ORCH] ts=2026-08-19T08:01:30Z step=generate scenario=TS_003 round=1 tc=3 ids=TC_TS_003_001,TC_TS_003_002,TC_TS_003_003 chars=68290 ms=105302
[ORCH] ts=2026-08-19T08:01:30Z step=generate scenario=TS_007 round=1 tc=3 ids=TC_TS007_001,TC_TS007_002,TC_TS007_003 chars=70581 ms=105387
[ORCH] ts=2026-08-19T08:01:37Z step=review scenario=TS_001 round=1 score=85 passed=1/3 failing=TC_TS001_001,TC_TS001_002 ms=26125
[ORCH] ts=2026-08-19T08:01:37Z step=review scenario=TS_002 round=1 score=85 passed=2/3 failing=TC_TS002_002 ms=26289
[ORCH] ts=2026-08-19T08:01:37Z step=review scenario=TS_004 round=1 score=85 passed=1/3 failing=TC_TS004_002,TC_TS004_003 ms=26721
[ORCH] ts=2026-08-19T08:01:45Z step=review scenario=TS_003 round=1 score=90 passed=3/3 ms=14588
[ORCH] ts=2026-08-19T08:01:45Z step=result scenario=TS_003 status=approved scores=[90] rounds=1 tc=3 ms=119893
[ORCH] ts=2026-08-19T08:01:45Z step=review scenario=TS_007 round=1 score=100 passed=3/3 ms=14866
[ORCH] ts=2026-08-19T08:01:45Z step=result scenario=TS_007 status=approved scores=[100] rounds=1 tc=3 ms=120255
[ORCH] ts=2026-08-19T08:02:49Z step=generate scenario=TS_005 round=2 tc=3 ids=TC_TS005_001,TC_TS005_002,TC_TS005_003 chars=60805 ms=84240 regen=1
[ORCH] ts=2026-08-19T08:03:01Z step=generate scenario=TS_001 round=2 tc=3 ids=TC_TS001_001,TC_TS001_002,TC_TS001_003 chars=64628 ms=84329 regen=2
[ORCH] ts=2026-08-19T08:03:01Z step=generate scenario=TS_004 round=2 tc=3 ids=TC_TS004_001,TC_TS004_002,TC_TS004_003 chars=66824 ms=84140 regen=2
[ORCH] ts=2026-08-19T08:03:02Z step=generate scenario=TS_002 round=2 tc=3 ids=TC_TS002_001,TC_TS002_002,TC_TS002_003 chars=67063 ms=84427 regen=1
[ORCH] ts=2026-08-19T08:03:04Z step=review scenario=TS_005 round=2 score=95 passed=3/3 ms=14791
[ORCH] ts=2026-08-19T08:03:04Z step=result scenario=TS_005 status=approved scores=[85, 95] rounds=2 tc=3 ms=198721
[ORCH] ts=2026-08-19T08:03:16Z step=review scenario=TS_004 round=2 score=95 passed=3/3 ms=14598
[ORCH] ts=2026-08-19T08:03:16Z step=result scenario=TS_004 status=approved scores=[85, 95] rounds=2 tc=3 ms=211158
[ORCH] ts=2026-08-19T08:03:16Z step=review scenario=TS_001 round=2 score=85 passed=2/3 failing=TC_TS001_003 ms=14740
[ORCH] ts=2026-08-19T08:03:16Z step=stagnant scenario=TS_001 round=2 scores=[85, 85]
[ORCH] ts=2026-08-19T08:03:16Z step=result scenario=TS_001 status=stagnant scores=[85, 85] rounds=2 tc=3 ms=211255
[ORCH] ts=2026-08-19T08:03:16Z step=review scenario=TS_002 round=2 score=85 passed=2/3 failing=TC_TS002_003 ms=14677
[ORCH] ts=2026-08-19T08:03:16Z step=stagnant scenario=TS_002 round=2 scores=[85, 85]
[ORCH] ts=2026-08-19T08:03:16Z step=result scenario=TS_002 status=stagnant scores=[85, 85] rounds=2 tc=3 ms=211451
[ORCH] ts=2026-08-19T08:03:16Z step=done approved=5 unreviewed=0 unhealed=0 stagnant=2 hardstop=0 failed=0 skipped=0 testcases=21 agentcalls=23 ms=438283
[ORCH] ts=2026-08-19T08:03:16Z step=outcome story=640764 ready=19/21 testcases flagged=2 scenarios=7 elapsed=7m18s
[ORCH] ts=2026-08-19T08:03:16Z step=flagged tc=TC_TS001_003 scenario=TS_001 why=the Edge case never tests an error path
[ORCH] ts=2026-08-19T08:03:16Z step=flagged tc=TC_TS002_003 scenario=TS_002 why=the Edge case never tests an edge condition
[ORCH] ts=2026-08-19T08:03:16Z step=detail calls=23 rounds=11 scoreboard=TS_001:stagnant(85>85)  TS_002:stagnant(85>85)  TS_003:approved(90)  TS_004:approved(85>95)  TS_005:approved(85>95)  TS_007:approved(100)  TS_006:approved(95)
