[ORCH] ts=2026-09-01T13:47:10Z step=start story=740507 maxscenarios=20 tcper=10 steps=18-40 rounds=2 workers=20 pass_=90/50 judge=672 deadline=1200s
[ORCH] ts=2026-09-01T13:47:10Z step=fetch story=740507 titlechars=123 descchars=4308 acchars=14298 ms=350
[ORCH] ts=2026-09-01T13:49:36Z step=scenarios count=19 ids=TS_001,TS_002,TS_003,TS_004,TS_005,TS_006,TS_007,TS_008,TS_009,TS_010,TS_011,TS_012,TS_013,TS_014,TS_015,TS_016,TS_018,TS_019,TS_017 ms=145852
[ORCH] ts=2026-09-01T13:50:13Z step=agenterror label=generate:TS_007 agentid=652 phase=poll status=FAILED execution=f7fd23a8-b3d1-47ab-a199-88c1482c1cbd ms=36938 why={"executionId": "f7fd23a8-b3d1-47ab-a199-88c1482c1cbd", "agentId": 652, "output": null, "agentName": "EDI 834 Inbound Test Case Generation", "executedBy": "Hrishikesh.Rode@caresource.com", "createdAt"
[ORCH] ts=2026-09-01T13:50:13Z step=generate scenario=TS_007 round=1 chunk=1/1 error=generate:TS_007: agent 652 finished FAILED (execution f7fd23a8-b3d1-47ab-a199-88c1482c1cbd)
[ORCH] ts=2026-09-01T13:50:13Z step=agenterror label=generate:TS_013 agentid=652 phase=poll status=FAILED execution=8d3dbdef-d702-4b75-bb0a-6b88301b7ea1 ms=37128 why={"executionId": "8d3dbdef-d702-4b75-bb0a-6b88301b7ea1", "agentId": 652, "output": null, "agentName": "EDI 834 Inbound Test Case Generation", "executedBy": "Hrishikesh.Rode@caresource.com", "createdAt"
[ORCH] ts=2026-09-01T13:50:13Z step=generate scenario=TS_013 round=1 chunk=1/1 error=generate:TS_013: agent 652 finished FAILED (execution 8d3dbdef-d702-4b75-bb0a-6b88301b7ea1)
[ORCH] ts=2026-09-01T13:50:13Z step=agenterror label=generate:TS_003 agentid=652 phase=poll status=FAILED execution=46b1cb79-a5c5-440b-adf3-47bcea2e6915 ms=37202 why={"executionId": "46b1cb79-a5c5-440b-adf3-47bcea2e6915", "agentId": 652, "output": null, "agentName": "EDI 834 Inbound Test Case Generation", "executedBy": "Hrishikesh.Rode@caresource.com", "createdAt"
[ORCH] ts=2026-09-01T13:50:13Z step=generate scenario=TS_003 round=1 chunk=1/1 error=generate:TS_003: agent 652 finished FAILED (execution 46b1cb79-a5c5-440b-adf3-47bcea2e6915)
[ORCH] ts=2026-09-01T13:50:13Z step=agenterror label=generate:TS_009 agentid=652 phase=poll status=FAILED execution=e8e4462c-5cf6-4135-8a0e-ae9be870f22f ms=37212 why={"executionId": "e8e4462c-5cf6-4135-8a0e-ae9be870f22f", "agentId": 652, "output": null, "agentName": "EDI 834 Inbound Test Case Generation", "executedBy": "Hrishikesh.Rode@caresource.com", "createdAt"
[ORCH] ts=2026-09-01T13:50:13Z step=generate scenario=TS_009 round=1 chunk=1/1 error=generate:TS_009: agent 652 finished FAILED (execution e8e4462c-5cf6-4135-8a0e-ae9be870f22f)
[ORCH] ts=2026-09-01T13:50:13Z step=agenterror label=generate:TS_014 agentid=652 phase=poll status=FAILED execution=da1d2133-a14e-4eee-bbe2-7a43eef4a328 ms=37232 why={"executionId": "da1d2133-a14e-4eee-bbe2-7a43eef4a328", "agentId": 652, "output": null, "agentName": "EDI 834 Inbound Test Case Generation", "executedBy": "Hrishikesh.Rode@caresource.com", "createdAt"
[ORCH] ts=2026-09-01T13:50:13Z step=generate scenario=TS_014 round=1 chunk=1/1 error=generate:TS_014: agent 652 finished FAILED (execution da1d2133-a14e-4eee-bbe2-7a43eef4a328)
[ORCH] ts=2026-09-01T13:50:13Z step=agenterror label=generate:TS_016 agentid=652 phase=poll status=FAILED execution=a539644e-b428-4fd5-8fc0-2245ccdbb2ce ms=37256 why={"executionId": "a539644e-b428-4fd5-8fc0-2245ccdbb2ce", "agentId": 652, "output": null, "agentName": "EDI 834 Inbound Test Case Generation", "executedBy": "Hrishikesh.Rode@caresource.com", "createdAt"
[ORCH] ts=2026-09-01T13:50:13Z step=generate scenario=TS_016 round=1 chunk=1/2 error=generate:TS_016: agent 652 finished FAILED (execution a539644e-b428-4fd5-8fc0-2245ccdbb2ce)
[ORCH] ts=2026-09-01T13:50:13Z step=agenterror label=generate:TS_004 agentid=652 phase=poll status=FAILED execution=b964b122-3f81-4076-b61d-2217cc437a49 ms=37345 why={"executionId": "b964b122-3f81-4076-b61d-2217cc437a49", "agentId": 652, "output": null, "agentName": "EDI 834 Inbound Test Case Generation", "executedBy": "Hrishikesh.Rode@caresource.com", "createdAt"
[ORCH] ts=2026-09-01T13:50:13Z step=generate scenario=TS_004 round=1 chunk=1/1 error=generate:TS_004: agent 652 finished FAILED (execution b964b122-3f81-4076-b61d-2217cc437a49)
[ORCH] ts=2026-09-01T13:50:13Z step=agenterror label=generate:TS_010 agentid=652 phase=poll status=FAILED execution=b6b1dfa3-8dcf-4114-baea-50207949305e ms=37328 why={"executionId": "b6b1dfa3-8dcf-4114-baea-50207949305e", "agentId": 652, "output": null, "agentName": "EDI 834 Inbound Test Case Generation", "executedBy": "Hrishikesh.Rode@caresource.com", "createdAt"
[ORCH] ts=2026-09-01T13:50:13Z step=generate scenario=TS_010 round=1 chunk=1/1 error=generate:TS_010: agent 652 finished FAILED (execution b6b1dfa3-8dcf-4114-baea-50207949305e)
[ORCH] ts=2026-09-01T13:50:14Z step=agenterror label=generate:TS_011 agentid=652 phase=poll status=FAILED execution=2c1eab91-27b3-4c7f-b3e4-7f6551820cc3 ms=37849 why={"executionId": "2c1eab91-27b3-4c7f-b3e4-7f6551820cc3", "agentId": 652, "output": null, "agentName": "EDI 834 Inbound Test Case Generation", "executedBy": "Hrishikesh.Rode@caresource.com", "createdAt"
[ORCH] ts=2026-09-01T13:50:14Z step=generate scenario=TS_011 round=1 chunk=1/1 error=generate:TS_011: agent 652 finished FAILED (execution 2c1eab91-27b3-4c7f-b3e4-7f6551820cc3)
[ORCH] ts=2026-09-01T13:50:14Z step=agenterror label=generate:TS_005 agentid=652 phase=poll status=FAILED execution=5f9c27d1-ddf0-49ee-84e9-7707847eed22 ms=37991 why={"executionId": "5f9c27d1-ddf0-49ee-84e9-7707847eed22", "agentId": 652, "output": null, "agentName": "EDI 834 Inbound Test Case Generation", "executedBy": "Hrishikesh.Rode@caresource.com", "createdAt"
[ORCH] ts=2026-09-01T13:50:14Z step=generate scenario=TS_005 round=1 chunk=1/3 error=generate:TS_005: agent 652 finished FAILED (execution 5f9c27d1-ddf0-49ee-84e9-7707847eed22)
[ORCH] ts=2026-09-01T13:50:14Z step=agenterror label=generate:TS_012 agentid=652 phase=poll status=FAILED execution=213413bb-5460-4aaa-b9de-28268f1e2c60 ms=38142 why={"executionId": "213413bb-5460-4aaa-b9de-28268f1e2c60", "agentId": 652, "output": null, "agentName": "EDI 834 Inbound Test Case Generation", "executedBy": "Hrishikesh.Rode@caresource.com", "createdAt"
[ORCH] ts=2026-09-01T13:50:14Z step=generate scenario=TS_012 round=1 chunk=1/1 error=generate:TS_012: agent 652 finished FAILED (execution 213413bb-5460-4aaa-b9de-28268f1e2c60)
[ORCH] ts=2026-09-01T13:50:14Z step=agenterror label=generate:TS_006 agentid=652 phase=poll status=FAILED execution=ae4e1bec-5735-4cc2-845b-35b6506937ed ms=38358 why={"executionId": "ae4e1bec-5735-4cc2-845b-35b6506937ed", "agentId": 652, "output": null, "agentName": "EDI 834 Inbound Test Case Generation", "executedBy": "Hrishikesh.Rode@caresource.com", "createdAt"
[ORCH] ts=2026-09-01T13:50:14Z step=generate scenario=TS_006 round=1 chunk=1/1 error=generate:TS_006: agent 652 finished FAILED (execution ae4e1bec-5735-4cc2-845b-35b6506937ed)
[ORCH] ts=2026-09-01T13:50:15Z step=agenterror label=generate:TS_001 agentid=652 phase=poll status=FAILED execution=4adc0598-7262-4256-9933-2a8a5e639f52 ms=38861 why={"executionId": "4adc0598-7262-4256-9933-2a8a5e639f52", "agentId": 652, "output": null, "agentName": "EDI 834 Inbound Test Case Generation", "executedBy": "Hrishikesh.Rode@caresource.com", "createdAt"
[ORCH] ts=2026-09-01T13:50:15Z step=generate scenario=TS_001 round=1 chunk=1/1 error=generate:TS_001: agent 652 finished FAILED (execution 4adc0598-7262-4256-9933-2a8a5e639f52)
[ORCH] ts=2026-09-01T13:50:15Z step=agenterror label=generate:TS_008 agentid=652 phase=poll status=FAILED execution=b834e794-cf16-454a-942a-8ad32260c4e4 ms=38905 why={"executionId": "b834e794-cf16-454a-942a-8ad32260c4e4", "agentId": 652, "output": null, "agentName": "EDI 834 Inbound Test Case Generation", "executedBy": "Hrishikesh.Rode@caresource.com", "createdAt"
[ORCH] ts=2026-09-01T13:50:15Z step=generate scenario=TS_008 round=1 chunk=1/1 error=generate:TS_008: agent 652 finished FAILED (execution b834e794-cf16-454a-942a-8ad32260c4e4)
[ORCH] ts=2026-09-01T13:51:00Z step=agenterror label=generate:TS_001 agentid=652 phase=poll status=FAILED execution=b14d7690-62d4-4b1e-bb0d-9a7077f89428 ms=44988 why={"executionId": "b14d7690-62d4-4b1e-bb0d-9a7077f89428", "agentId": 652, "output": null, "agentName": "EDI 834 Inbound Test Case Generation", "executedBy": "Hrishikesh.Rode@caresource.com", "createdAt"
[ORCH] ts=2026-09-01T13:51:00Z step=generate scenario=TS_001 round=2 chunk=1/1 error=generate:TS_001: agent 652 finished FAILED (execution b14d7690-62d4-4b1e-bb0d-9a7077f89428)
[ORCH] ts=2026-09-01T13:51:00Z step=result scenario=TS_001 status=failed scores=[] rounds=2 tc=0 ms=83850
[ORCH] ts=2026-09-01T13:51:19Z step=generate scenario=TS_006 round=2 chunk=1/1 tc=1 ids=TC_001 chars=23434 ms=64449 regen=1
[ORCH] ts=2026-09-01T13:51:20Z step=generate scenario=TS_003 round=2 chunk=1/1 tc=1 ids=TC_001 chars=18954 ms=66776 regen=1
[ORCH] ts=2026-09-01T13:51:20Z step=generate scenario=TS_008 round=2 chunk=1/1 tc=1 ids=TC_001 chars=30161 ms=65521 regen=1
[ORCH] ts=2026-09-01T13:51:32Z step=generate scenario=TS_019 round=1 chunk=1/1 tc=1 ids=TC_001 chars=36799 ms=116410
[ORCH] ts=2026-09-01T13:51:34Z step=review scenario=TS_006 round=2 score=85 passed=0/1 failing=TC_001 ms=15195
[ORCH] ts=2026-09-01T13:51:34Z step=result scenario=TS_006 status=unhealed scores=[85] rounds=2 tc=1 ms=118007
[ORCH] ts=2026-09-01T13:51:34Z step=review scenario=TS_003 round=2 score=85 passed=0/1 failing=TC_001 ms=14491
[ORCH] ts=2026-09-01T13:51:34Z step=result scenario=TS_003 status=unhealed scores=[85] rounds=2 tc=1 ms=118474
[ORCH] ts=2026-09-01T13:51:35Z step=review scenario=TS_008 round=2 score=85 passed=0/1 failing=TC_001 ms=14813
[ORCH] ts=2026-09-01T13:51:35Z step=result scenario=TS_008 status=unhealed scores=[85] rounds=2 tc=1 ms=119247
[ORCH] ts=2026-09-01T13:51:38Z step=generate scenario=TS_014 round=2 chunk=1/1 tc=1 ids=TC_001 chars=53843 ms=85091 regen=1
[ORCH] ts=2026-09-01T13:51:39Z step=generate scenario=TS_007 round=2 chunk=1/1 tc=1 ids=TC_001 chars=47252 ms=85842 regen=1
[ORCH] ts=2026-09-01T13:51:39Z step=generate scenario=TS_009 round=2 chunk=1/1 tc=1 ids=TC_001 chars=37815 ms=86311 regen=1
[ORCH] ts=2026-09-01T13:51:41Z step=generate scenario=TS_004 round=2 chunk=1/1 tc=2 ids=TC_001,TC_002 chars=54923 ms=87456 regen=1
[ORCH] ts=2026-09-01T13:51:47Z step=review scenario=TS_019 round=1 score=92 passed=1/1 ms=14634
[ORCH] ts=2026-09-01T13:51:47Z step=result scenario=TS_019 status=approved scores=[92] rounds=1 tc=1 ms=131049
[ORCH] ts=2026-09-01T13:51:53Z step=generate scenario=TS_017 round=1 chunk=1/1 tc=2 ids=TC_001,TC_002 chars=67998 ms=137052
[ORCH] ts=2026-09-01T13:51:53Z step=review scenario=TS_014 round=2 score=85 passed=0/1 failing=TC_001 ms=15147
[ORCH] ts=2026-09-01T13:51:53Z step=result scenario=TS_014 status=unhealed scores=[85] rounds=2 tc=1 ms=137478
[ORCH] ts=2026-09-01T13:51:54Z step=review scenario=TS_009 round=2 score=98 passed=1/1 ms=14474
[ORCH] ts=2026-09-01T13:51:54Z step=result scenario=TS_009 status=approved scores=[98] rounds=2 tc=1 ms=138003
[ORCH] ts=2026-09-01T13:51:59Z step=generate scenario=TS_016 round=1 chunk=2/2 tc=2 ids=TC_001,TC_002 chars=61210 ms=105439
[ORCH] ts=2026-09-01T13:51:59Z step=generate scenario=TS_012 round=2 chunk=1/1 tc=2 ids=TC_001,TC_002 chars=68828 ms=105261 regen=1
[ORCH] ts=2026-09-01T13:52:05Z step=review scenario=TS_007 round=2 score=85 passed=0/1 failing=TC_001 ms=26668
[ORCH] ts=2026-09-01T13:52:05Z step=result scenario=TS_007 status=unhealed scores=[85] rounds=2 tc=1 ms=149461
[ORCH] ts=2026-09-01T13:52:07Z step=review scenario=TS_004 round=2 score=85 passed=1/2 failing=TC_002 ms=26244
[ORCH] ts=2026-09-01T13:52:07Z step=result scenario=TS_004 status=unhealed scores=[85] rounds=2 tc=2 ms=151053
[ORCH] ts=2026-09-01T13:52:14Z step=review scenario=TS_016 round=1 score=85 passed=0/2 failing=TC_001,TC_002 ms=15217
[ORCH] ts=2026-09-01T13:52:14Z step=generate scenario=TS_018 round=1 chunk=1/1 tc=1 ids=TC_001 chars=40422 ms=158422
[ORCH] ts=2026-09-01T13:52:19Z step=generate scenario=TS_011 round=2 chunk=1/1 tc=2 ids=TC_001,TC_002 chars=83942 ms=125554 regen=1
[ORCH] ts=2026-09-01T13:52:19Z step=review scenario=TS_017 round=1 score=85 passed=1/2 failing=TC_001 ms=26404
[ORCH] ts=2026-09-01T13:52:22Z step=generate scenario=TS_005 round=1 chunk=2/3 tc=3 ids=TC_001,TC_002,TC_003 chars=70693 ms=127802
[ORCH] ts=2026-09-01T13:52:26Z step=review scenario=TS_012 round=2 score=85 passed=1/2 failing=TC_002 ms=26502
[ORCH] ts=2026-09-01T13:52:26Z step=result scenario=TS_012 status=unhealed scores=[85] rounds=2 tc=2 ms=169915
[ORCH] ts=2026-09-01T13:52:30Z step=review scenario=TS_018 round=1 score=85 passed=0/1 failing=TC_001 ms=15214
[ORCH] ts=2026-09-01T13:52:34Z step=generate scenario=TS_015 round=1 chunk=1/1 tc=3 ids=TC_001,TC_002,TC_003 chars=76287 ms=177957
[ORCH] ts=2026-09-01T13:52:34Z step=review scenario=TS_011 round=2 score=85 passed=1/2 failing=TC_001 ms=15000
[ORCH] ts=2026-09-01T13:52:34Z step=result scenario=TS_011 status=unhealed scores=[85] rounds=2 tc=2 ms=178414
[ORCH] ts=2026-09-01T13:52:42Z step=generate scenario=TS_010 round=2 chunk=1/1 tc=1 ids=TC_TS_010_001 chars=47032 ms=149114 regen=1
[ORCH] ts=2026-09-01T13:52:49Z step=review scenario=TS_015 round=1 score=92 passed=3/3 ms=14608
[ORCH] ts=2026-09-01T13:52:49Z step=result scenario=TS_015 status=approved scores=[92] rounds=1 tc=3 ms=192579
[ORCH] ts=2026-09-01T13:52:57Z step=review scenario=TS_010 round=2 score=92 passed=1/1 ms=14627
[ORCH] ts=2026-09-01T13:52:57Z step=result scenario=TS_010 status=approved scores=[92] rounds=2 tc=1 ms=201076
[ORCH] ts=2026-09-01T13:53:01Z step=generate scenario=TS_013 round=2 chunk=1/1 tc=1 ids=TC_001 chars=36123 ms=167812 regen=1
[ORCH] ts=2026-09-01T13:53:15Z step=review scenario=TS_013 round=2 score=85 passed=0/1 failing=TC_001 ms=14596
[ORCH] ts=2026-09-01T13:53:15Z step=result scenario=TS_013 status=unhealed scores=[85] rounds=2 tc=1 ms=219542
[ORCH] ts=2026-09-01T13:53:44Z step=generate scenario=TS_017 round=2 chunk=1/1 tc=2 ids=TC_001,TC_002 chars=82974 ms=84692 regen=1
[ORCH] ts=2026-09-01T13:53:54Z step=generate scenario=TS_018 round=2 chunk=1/1 tc=1 ids=TC_001 chars=35753 ms=84281 regen=1
[ORCH] ts=2026-09-01T13:54:09Z step=review scenario=TS_018 round=2 score=92 passed=1/1 ms=14642
[ORCH] ts=2026-09-01T13:54:09Z step=result scenario=TS_018 status=approved scores=[85, 92] rounds=2 tc=1 ms=272571
[ORCH] ts=2026-09-01T13:54:11Z step=review scenario=TS_017 round=2 score=85 passed=0/2 failing=TC_001,TC_002 ms=26723
[ORCH] ts=2026-09-01T13:54:11Z step=stagnant scenario=TS_017 round=2 scores=[85, 85] passed=[1, 0]
[ORCH] ts=2026-09-01T13:54:11Z step=keptbest scenario=TS_017 round=1 passed=1 note=later round was worse, shipping the best reviewed round
[ORCH] ts=2026-09-01T13:54:11Z step=result scenario=TS_017 status=stagnant scores=[85, 85] rounds=2 tc=2 ms=274891
[ORCH] ts=2026-09-01T13:54:19Z step=generate scenario=TS_016 round=2 chunk=1/2 tc=3 ids=TC_001,TC_002,TC_003 chars=90619 ms=124968 regen=1
[ORCH] ts=2026-09-01T13:54:47Z step=generate scenario=TS_005 round=1 chunk=3/3 tc=2 ids=TC_001,TC_002 chars=55834 ms=145357
[ORCH] ts=2026-09-01T13:55:13Z step=review scenario=TS_005 round=1 score=85 passed=2/5 failing=TC_001,TC_004,TC_005 ms=26417
[ORCH] ts=2026-09-01T13:55:43Z step=generate scenario=TS_016 round=2 chunk=2/2 tc=2 ids=TC_001,TC_002 chars=51718 ms=84516 regen=2
[ORCH] ts=2026-09-01T13:56:10Z step=review scenario=TS_016 round=2 score=85 passed=3/5 failing=TC_001,TC_002 ms=26226
[ORCH] ts=2026-09-01T13:56:10Z step=result scenario=TS_016 status=unhealed scores=[85, 85] rounds=2 tc=5 ms=393648
[ORCH] ts=2026-09-01T13:57:19Z step=generate scenario=TS_005 round=2 chunk=1/3 tc=3 ids=TC_001,TC_002,TC_003 chars=77297 ms=125331 regen=1
[ORCH] ts=2026-09-01T13:59:24Z step=generate scenario=TS_005 round=2 chunk=2/3 tc=3 ids=TC_001,TC_002,TC_003 chars=72404 ms=125312 regen=1
[ORCH] ts=2026-09-01T14:00:49Z step=generate scenario=TS_005 round=2 chunk=3/3 tc=2 ids=TC_001,TC_002 chars=66995 ms=84509 regen=2
[ORCH] ts=2026-09-01T14:01:33Z step=review scenario=TS_005 round=2 score=85 passed=3/8 failing=TC_004,TC_005,TC_006,TC_007,TC_008 ms=43871
[ORCH] ts=2026-09-01T14:01:33Z step=result scenario=TS_005 status=unhealed scores=[85, 85] rounds=2 tc=8 ms=716634
[ORCH] ts=2026-09-01T14:07:10Z step=generate scenario=TS_002 round=1 chunk=1/1 error=generate:TS_002: agent 652 still running when the budget ran out (execution 69a68699-4fee-4a61-b638-01de9d05034f)
[ORCH] ts=2026-09-01T14:07:10Z step=budget scenario=TS_002 round=2 note=stopped, budget low
[ORCH] ts=2026-09-01T14:07:10Z step=result scenario=TS_002 status=failed scores=[] rounds=1 tc=0 ms=1054367
[ORCH] ts=2026-09-01T14:07:10Z step=renumber scenario=TS_004 ids=TC_001>TC_002,TC_002>TC_003
[ORCH] ts=2026-09-01T14:07:10Z step=renumber scenario=TS_005 ids=TC_001>TC_004,TC_002>TC_005,TC_003>TC_006,TC_004>TC_007,TC_005>TC_008,TC_006>TC_009,TC_007>TC_010,TC_008>TC_011
[ORCH] ts=2026-09-01T14:07:10Z step=renumber scenario=TS_006 ids=TC_001>TC_012
[ORCH] ts=2026-09-01T14:07:10Z step=renumber scenario=TS_007 ids=TC_001>TC_013
[ORCH] ts=2026-09-01T14:07:10Z step=renumber scenario=TS_008 ids=TC_001>TC_014
[ORCH] ts=2026-09-01T14:07:10Z step=renumber scenario=TS_009 ids=TC_001>TC_015
[ORCH] ts=2026-09-01T14:07:10Z step=renumber scenario=TS_010 ids=TC_001>TC_016
[ORCH] ts=2026-09-01T14:07:10Z step=renumber scenario=TS_011 ids=TC_001>TC_017,TC_002>TC_018
[ORCH] ts=2026-09-01T14:07:10Z step=renumber scenario=TS_012 ids=TC_001>TC_019,TC_002>TC_020
[ORCH] ts=2026-09-01T14:07:10Z step=renumber scenario=TS_013 ids=TC_001>TC_021
[ORCH] ts=2026-09-01T14:07:10Z step=renumber scenario=TS_014 ids=TC_001>TC_022
[ORCH] ts=2026-09-01T14:07:10Z step=renumber scenario=TS_015 ids=TC_001>TC_023,TC_002>TC_024,TC_003>TC_025
[ORCH] ts=2026-09-01T14:07:10Z step=renumber scenario=TS_016 ids=TC_001>TC_026,TC_002>TC_027,TC_003>TC_028,TC_004>TC_029,TC_005>TC_030
[ORCH] ts=2026-09-01T14:07:10Z step=renumber scenario=TS_018 ids=TC_001>TC_031
[ORCH] ts=2026-09-01T14:07:10Z step=renumber scenario=TS_019 ids=TC_001>TC_032
[ORCH] ts=2026-09-01T14:07:10Z step=renumber scenario=TS_017 ids=TC_001>TC_033,TC_002>TC_034
[ORCH] ts=2026-09-01T14:07:10Z step=done approved=5 unreviewed=0 unhealed=11 stagnant=1 hardstop=0 failed=2 skipped=0 testcases=34 agentcalls=63 ms=1200598
[ORCH] ts=2026-09-01T14:07:10Z step=outcome story=740507 ready=17/34 testcases flagged=17 scenarios=19 elapsed=20m00s warnings=2
[ORCH] ts=2026-09-01T14:07:10Z step=flagged tc=TC_001 scenario=TS_003 why=missing COB archive validation
[ORCH] ts=2026-09-01T14:07:10Z step=flagged tc=TC_003 scenario=TS_004 why=duplicate of another case
[ORCH] ts=2026-09-01T14:07:10Z step=flagged tc=TC_007 scenario=TS_005 why=wrong crosswalk columns in SQL
[ORCH] ts=2026-09-01T14:07:10Z step=flagged tc=TC_008 scenario=TS_005 why=wrong crosswalk columns in SQL
[ORCH] ts=2026-09-01T14:07:10Z step=flagged tc=TC_009 scenario=TS_005 why=wrong crosswalk columns in SQL
[ORCH] ts=2026-09-01T14:07:10Z step=flagged tc=TC_010 scenario=TS_005 why=too few steps for minimum
[ORCH] ts=2026-09-01T14:07:10Z step=flagged tc=TC_011 scenario=TS_005 why=too many redundant observability steps
[ORCH] ts=2026-09-01T14:07:10Z step=flagged tc=TC_012 scenario=TS_006 why=missing required table validations
[ORCH] ts=2026-09-01T14:07:10Z step=flagged tc=TC_013 scenario=TS_007 why=duplicate observability flow
[ORCH] ts=2026-09-01T14:07:10Z step=flagged tc=TC_014 scenario=TS_008 why=missing dedicated case for listed condition
[ORCH] ts=2026-09-01T14:07:10Z step=flagged tc=TC_017 scenario=TS_011 why=missing coverage for second condition
[ORCH] ts=2026-09-01T14:07:10Z step=flagged tc=TC_020 scenario=TS_012 why=missing dedicated case for scenario count
[ORCH] ts=2026-09-01T14:07:10Z step=flagged tc=TC_021 scenario=TS_013 why=wrong COB staging table named
[ORCH] ts=2026-09-01T14:07:10Z step=flagged tc=TC_022 scenario=TS_014 why=missing dedicated scenario case
[ORCH] ts=2026-09-01T14:07:10Z step=flagged tc=TC_026 scenario=TS_016 why=wrong date outcome for this condition
[ORCH] ts=2026-09-01T14:07:10Z step=flagged tc=TC_027 scenario=TS_016 why=wrong date outcome for this condition
[ORCH] ts=2026-09-01T14:07:10Z step=flagged tc=TC_033 scenario=TS_017 why=wrong BH start date rule applied
[ORCH] ts=2026-09-01T14:07:10Z step=detail calls=63 rounds=35 scoreboard=TS_001:failed  TS_002:failed  TS_003:unhealed(85)  TS_004:unhealed(85)  TS_005:unhealed(85>85)  TS_006:unhealed(85)  TS_007:unhealed(85)  TS_008:unhealed(85)  TS_009:approved(98)  TS_010:approved(92)  TS_011:unhealed(85)  TS_012:unhealed(85)  TS_013:unhealed(85)  TS_014:unhealed(85)  TS_015:approved(92)  TS_016:unhealed(85>85)  TS_018:approved(85>92)  TS_019:approved(92)  TS_017:stagnant(85>85)
