[ORCH] ts=2026-09-07T12:28:29Z step=handoff action=read path=scenarios/640764/scenarios.json scenarios=10
[ORCH] ts=2026-09-07T12:28:29Z step=start stage=testcases story=640764 maxscenarios=10 tcper=12 steps=18-40 rounds=2 workers=10 pass_=90/50 judge=709 scenjudge=off deadline=450s
[ORCH] ts=2026-09-07T12:29:07Z step=agenterror label=generate:TS_003 agentid=689 phase=poll status=FAILED execution=d9756dff-93d9-488c-818a-421f6693864a ms=38274 why={"executionId": "d9756dff-93d9-488c-818a-421f6693864a", "agentId": 689, "output": null, "agentName": "Self Healing EDI 834 Inbound Test Case Generation", "executedBy": "Hrishikesh.Rode@caresource.com"
[ORCH] ts=2026-09-07T12:29:07Z step=agentretry label=generate:TS_003 agentid=689 execution=d9756dff-93d9-488c-818a-421f6693864a note=resubmitting once after a platform FAILED
[ORCH] ts=2026-09-07T12:29:07Z step=agenterror label=generate:TS_006 agentid=689 phase=poll status=FAILED execution=d5f7aba4-a7a5-4be7-b9ff-54c52d0b83f0 ms=38293 why={"executionId": "d5f7aba4-a7a5-4be7-b9ff-54c52d0b83f0", "agentId": 689, "output": null, "agentName": "Self Healing EDI 834 Inbound Test Case Generation", "executedBy": "Hrishikesh.Rode@caresource.com"
[ORCH] ts=2026-09-07T12:29:07Z step=agentretry label=generate:TS_006 agentid=689 execution=d5f7aba4-a7a5-4be7-b9ff-54c52d0b83f0 note=resubmitting once after a platform FAILED
[ORCH] ts=2026-09-07T12:30:11Z step=generate scenario=TS_006 round=1 chunk=1/1 tc=2 ids=TC_001,TC_002 chars=57963 ms=102397
[ORCH] ts=2026-09-07T12:30:14Z step=generate scenario=TS_007 round=1 chunk=1/2 tc=3 ids=TC_001,TC_002,TC_003 chars=74884 ms=105485
[ORCH] ts=2026-09-07T12:30:15Z step=generate scenario=TS_004 round=1 chunk=1/4 tc=3 ids=TC_TS004_001,TC_TS004_002,TC_TS004_003 chars=86688 ms=105538
[ORCH] ts=2026-09-07T12:30:27Z step=generate scenario=TS_002 round=1 chunk=1/1 tc=2 ids=TC_001,TC_002 chars=77244 ms=117524
[ORCH] ts=2026-09-07T12:30:27Z step=review scenario=TS_006 round=1 score=92 passed=2/2 ms=15128
[ORCH] ts=2026-09-07T12:30:27Z step=generate scenario=TS_005 round=1 chunk=1/1 tc=2 ids=TC_001,TC_002 chars=61432 ms=117535
[ORCH] ts=2026-09-07T12:30:27Z step=result scenario=TS_006 status=approved scores=[92] rounds=1 tc=2 ms=117541
[ORCH] ts=2026-09-07T12:30:40Z step=generate scenario=TS_010 round=1 chunk=1/1 tc=3 ids=TC_001,TC_002,TC_003 chars=102176 ms=130853
[ORCH] ts=2026-09-07T12:30:41Z step=generate scenario=TS_008 round=1 chunk=1/2 tc=3 ids=TC_TS008_001,TC_TS008_002,TC_TS008_003 chars=94422 ms=131520
[ORCH] ts=2026-09-07T12:30:41Z step=review scenario=TS_005 round=1 score=92 passed=2/2 ms=14630
[ORCH] ts=2026-09-07T12:30:41Z step=result scenario=TS_005 status=approved scores=[92] rounds=1 tc=2 ms=132171
[ORCH] ts=2026-09-07T12:30:42Z step=review scenario=TS_002 round=1 score=96 passed=2/2 ms=15033
[ORCH] ts=2026-09-07T12:30:42Z step=result scenario=TS_002 status=approved scores=[96] rounds=1 tc=2 ms=132565
[ORCH] ts=2026-09-07T12:30:47Z step=generate scenario=TS_009 round=1 chunk=1/2 tc=3 ids=TC_001,TC_002,TC_003 chars=102206 ms=137742
[ORCH] ts=2026-09-07T12:30:47Z step=generate scenario=TS_001 round=1 chunk=1/1 tc=3 ids=TC_001,TC_002,TC_003 chars=104751 ms=137836
[ORCH] ts=2026-09-07T12:30:52Z step=generate scenario=TS_003 round=1 chunk=1/4 tc=3 ids=TC_001,TC_002,TC_003 chars=95456 ms=142817
[ORCH] ts=2026-09-07T12:30:54Z step=review scenario=TS_010 round=1 score=92 passed=3/3 ms=14576
[ORCH] ts=2026-09-07T12:30:54Z step=result scenario=TS_010 status=approved scores=[92] rounds=1 tc=3 ms=145443
[ORCH] ts=2026-09-07T12:30:58Z step=generate scenario=TS_004 round=1 chunk=2/4 error=test case array is empty raw=[]
[ORCH] ts=2026-09-07T12:31:02Z step=review scenario=TS_001 round=1 score=100 passed=3/3 ms=14685
[ORCH] ts=2026-09-07T12:31:02Z step=result scenario=TS_001 status=approved scores=[100] rounds=1 tc=3 ms=152532
[ORCH] ts=2026-09-07T12:31:18Z step=generate scenario=TS_007 round=1 chunk=2/2 tc=1 ids=TC_001 chars=43665 ms=63870
[ORCH] ts=2026-09-07T12:31:35Z step=generate scenario=TS_003 round=1 chunk=2/4 error=test case array is empty raw=[]
[ORCH] ts=2026-09-07T12:31:44Z step=review scenario=TS_007 round=1 score=85 passed=3/4 failing=TC_004 ms=25966
[ORCH] ts=2026-09-07T12:32:05Z step=generate scenario=TS_008 round=1 chunk=2/2 tc=1 ids=TC_001 chars=77676 ms=84656
[ORCH] ts=2026-09-07T12:32:11Z step=generate scenario=TS_009 round=1 chunk=2/2 tc=1 ids=TC_001 chars=56100 ms=84522
[ORCH] ts=2026-09-07T12:32:32Z step=review scenario=TS_008 round=1 score=85 passed=3/4 failing=TC_004 ms=26582
[ORCH] ts=2026-09-07T12:32:38Z step=review scenario=TS_009 round=1 score=85 passed=3/4 failing=TC_004 ms=27007
[ORCH] ts=2026-09-07T12:32:43Z step=generate scenario=TS_004 round=1 chunk=3/4 tc=3 ids=TC_001,TC_002,TC_003 chars=100377 ms=104529
[ORCH] ts=2026-09-07T12:32:49Z step=generate scenario=TS_007 round=2 chunk=2/2 tc=1 ids=TC_001 chars=43456 ms=64407 regen=1
[ORCH] ts=2026-09-07T12:33:04Z step=review scenario=TS_007 round=2 score=92 passed=4/4 ms=14954
[ORCH] ts=2026-09-07T12:33:04Z step=result scenario=TS_007 status=approved scores=[85, 92] rounds=2 tc=4 ms=274704
[ORCH] ts=2026-09-07T12:33:10Z step=generate scenario=TS_004 round=1 chunk=4/4 error=test case array is empty raw=[]
[ORCH] ts=2026-09-07T12:33:21Z step=generate scenario=TS_003 round=1 chunk=3/4 tc=3 ids=TC_001,TC_002,TC_003 chars=133994 ms=105686
[ORCH] ts=2026-09-07T12:33:36Z step=generate scenario=TS_008 round=2 chunk=2/2 tc=1 ids=TC_001 chars=69077 ms=64178 regen=1
[ORCH] ts=2026-09-07T12:33:36Z step=review scenario=TS_004 round=1 score=85 passed=4/6 failing=TC_002,TC_004 ms=26325
[ORCH] ts=2026-09-07T12:33:42Z step=generate scenario=TS_009 round=2 chunk=2/2 tc=1 ids=TC_001 chars=77472 ms=64192 regen=1
[ORCH] ts=2026-09-07T12:33:51Z step=review scenario=TS_008 round=2 score=96 passed=4/4 ms=14626
[ORCH] ts=2026-09-07T12:33:51Z step=result scenario=TS_008 status=approved scores=[85, 96] rounds=2 tc=4 ms=321591
[ORCH] ts=2026-09-07T12:33:57Z step=review scenario=TS_009 round=2 score=95 passed=4/4 ms=14712
[ORCH] ts=2026-09-07T12:33:57Z step=result scenario=TS_009 status=approved scores=[85, 95] rounds=2 tc=4 ms=328205
[ORCH] ts=2026-09-07T12:34:46Z step=generate scenario=TS_003 round=1 chunk=4/4 tc=2 ids=TC_TS003_001,TC_TS003_002 chars=78961 ms=84620
[ORCH] ts=2026-09-07T12:35:01Z step=generate scenario=TS_004 round=2 chunk=1/4 tc=3 ids=TC_TS004_001,TC_TS004_002,TC_TS004_003 chars=87988 ms=84318 regen=1 kept=2
[ORCH] ts=2026-09-07T12:35:12Z step=review scenario=TS_003 round=1 score=85 passed=6/8 failing=TC_005,TC_006 ms=26186
[ORCH] ts=2026-09-07T12:35:12Z step=budget scenario=TS_003 round=2 note=stopped, budget low
[ORCH] ts=2026-09-07T12:35:12Z step=result scenario=TS_003 status=unhealed scores=[85] rounds=1 tc=8 ms=402965
[ORCH] ts=2026-09-07T12:35:59Z step=generate scenario=TS_004 round=2 chunk=2/4 error=generate:TS_004: agent 689 still IN_PROGRESS when the budget ran out (execution 83cbb8af-b128-40b9-b2c6-b1f9c35c0a74)
[ORCH] ts=2026-09-07T12:35:59Z step=generate scenario=TS_004 round=2 chunk=3/4 error=budget exhausted before call
[ORCH] ts=2026-09-07T12:35:59Z step=generate scenario=TS_004 round=2 chunk=4/4 error=budget exhausted before call
[ORCH] ts=2026-09-07T12:35:59Z step=review scenario=TS_004 round=2 error=budget exhausted before call
[ORCH] ts=2026-09-07T12:35:59Z step=keptbest scenario=TS_004 round=1 passed=4 note=later round was worse, shipping the best reviewed round
[ORCH] ts=2026-09-07T12:35:59Z step=result scenario=TS_004 status=unhealed scores=[85] rounds=2 tc=6 ms=450357
[ORCH] ts=2026-09-07T12:35:59Z step=renumber scenario=TS_002 ids=TC_001>TC_004,TC_002>TC_005
[ORCH] ts=2026-09-07T12:35:59Z step=renumber scenario=TS_003 ids=TC_001>TC_006,TC_002>TC_007,TC_003>TC_008,TC_004>TC_009,TC_005>TC_010,TC_006>TC_011,TC_007>TC_012,TC_008>TC_013
[ORCH] ts=2026-09-07T12:35:59Z step=renumber scenario=TS_004 ids=TC_001>TC_014,TC_002>TC_015,TC_003>TC_016,TC_004>TC_017,TC_005>TC_018,TC_006>TC_019
[ORCH] ts=2026-09-07T12:35:59Z step=renumber scenario=TS_005 ids=TC_001>TC_020,TC_002>TC_021
[ORCH] ts=2026-09-07T12:35:59Z step=renumber scenario=TS_006 ids=TC_001>TC_022,TC_002>TC_023
[ORCH] ts=2026-09-07T12:35:59Z step=renumber scenario=TS_009 ids=TC_001>TC_024,TC_002>TC_025,TC_003>TC_026,TC_004>TC_027
[ORCH] ts=2026-09-07T12:35:59Z step=renumber scenario=TS_007 ids=TC_001>TC_028,TC_002>TC_029,TC_003>TC_030,TC_004>TC_031
[ORCH] ts=2026-09-07T12:35:59Z step=renumber scenario=TS_008 ids=TC_001>TC_032,TC_002>TC_033,TC_003>TC_034,TC_004>TC_035
[ORCH] ts=2026-09-07T12:35:59Z step=renumber scenario=TS_010 ids=TC_001>TC_036,TC_002>TC_037,TC_003>TC_038
[ORCH] ts=2026-09-07T12:35:59Z step=done approved=8 unreviewed=0 unhealed=2 stagnant=0 hardstop=0 failed=0 skipped=0 testcases=38 agentcalls=39 ms=450389
[ORCH] ts=2026-09-07T12:35:59Z step=outcome story=640764 ready=34/38 testcases flagged=4 scenarios=10 elapsed=7m30s
[ORCH] ts=2026-09-07T12:35:59Z step=flagged tc=TC_010 scenario=TS_003 why=wrong SQL syntax in one step
[ORCH] ts=2026-09-07T12:35:59Z step=flagged tc=TC_011 scenario=TS_003 why=wrong SQL syntax in one step
[ORCH] ts=2026-09-07T12:35:59Z step=flagged tc=TC_015 scenario=TS_004 why=includes unscripted validation steps
[ORCH] ts=2026-09-07T12:35:59Z step=flagged tc=TC_017 scenario=TS_004 why=missing scenario coverage
[ORCH] ts=2026-09-07T12:35:59Z step=detail calls=39 rounds=14 scoreboard=TS_001:approved(100)  TS_002:approved(96)  TS_003:unhealed(85)  TS_004:unhealed(85)  TS_005:approved(92)  TS_006:approved(92)  TS_009:approved(85>95)  TS_007:approved(85>92)  TS_008:approved(85>96)  TS_010:approved(92)
