story 640764: 7 scenarios x 8 cases x 12-20 steps, 3 heal round(s), judged, deadline 630s
config: C:\Users\cs218321\OneDrive - Caresource Management Group\AAVA\AAVA_Agents\Self healing\testgen_orchestrator\tool\.env

[ORCH] ts=2026-08-24T13:12:12Z step=start story=640764 maxscenarios=7 tcper=8 steps=12-20 rounds=3 workers=7 pass_=90/50 judge=653 deadline=630s
[ORCH] ts=2026-08-24T13:12:12Z step=fetch story=640764 titlechars=85 descchars=3518 acchars=2096 ms=235
[ORCH] ts=2026-08-24T13:13:16Z step=scenarios count=7 ids=TS_001,TS_002,TS_003,TS_004,TS_005,TS_006,TS_007 ms=63895
[ORCH] ts=2026-08-24T13:15:01Z step=generate scenario=TS_002 round=1 tc=6 ids=TC_001,TC_002,TC_003,TC_004,TC_005,TC_006 chars=81578 ms=104828
[ORCH] ts=2026-08-24T13:15:01Z step=generate scenario=TS_005 round=1 tc=6 ids=TC_001,TC_002,TC_003,TC_004,TC_005,TC_006 chars=114753 ms=105004
[ORCH] ts=2026-08-24T13:15:01Z step=generate scenario=TS_003 round=1 tc=6 ids=TC_001,TC_002,TC_003,TC_004,TC_005,TC_006 chars=91331 ms=105062
[ORCH] ts=2026-08-24T13:15:21Z step=generate scenario=TS_007 round=1 tc=8 ids=TC_001,TC_002,TC_003,TC_004,TC_005,TC_006,TC_007,TC_008 chars=115163 ms=124889
[ORCH] ts=2026-08-24T13:15:21Z step=generate scenario=TS_004 round=1 tc=6 ids=TC_001,TC_002,TC_003,TC_004,TC_005,TC_006 chars=97388 ms=125221
[ORCH] ts=2026-08-24T13:15:27Z step=review scenario=TS_002 round=1 score=85 passed=3/6 failing=TC_004,TC_005,TC_006 ms=26014
[ORCH] ts=2026-08-24T13:15:27Z step=review scenario=TS_005 round=1 score=85 passed=3/6 failing=TC_004,TC_005,TC_006 ms=26153
[ORCH] ts=2026-08-24T13:15:27Z step=review scenario=TS_003 round=1 score=70 passed=3/6 failing=TC_001,TC_002,TC_006 ms=26147
[ORCH] ts=2026-08-24T13:15:36Z step=review scenario=TS_004 round=1 score=92 passed=6/6 ms=14467
[ORCH] ts=2026-08-24T13:15:36Z step=result scenario=TS_004 status=approved scores=[92] rounds=1 tc=6 ms=139691
[ORCH] ts=2026-08-24T13:15:42Z step=generate scenario=TS_001 round=1 tc=8 ids=TC_001,TC_002,TC_003,TC_004,TC_005,TC_006,TC_007,TC_008 chars=128815 ms=145746
[ORCH] ts=2026-08-24T13:15:47Z step=review scenario=TS_007 round=1 score=85 passed=6/8 failing=TC_003,TC_008 ms=26137
[ORCH] ts=2026-08-24T13:15:56Z step=review scenario=TS_001 round=1 score=92 passed=8/8 ms=14553
[ORCH] ts=2026-08-24T13:15:56Z step=result scenario=TS_001 status=approved scores=[92] rounds=1 tc=8 ms=160304
[ORCH] ts=2026-08-24T13:16:02Z step=generate scenario=TS_006 round=1 tc=8 ids=TC_001,TC_002,TC_003,TC_004,TC_005,TC_006,TC_007,TC_008 chars=159246 ms=166106
[ORCH] ts=2026-08-24T13:16:17Z step=review scenario=TS_006 round=1 score=92 passed=8/8 ms=14750
[ORCH] ts=2026-08-24T13:16:17Z step=result scenario=TS_006 status=approved scores=[92] rounds=1 tc=8 ms=180884
[ORCH] ts=2026-08-24T13:16:31Z step=generate scenario=TS_003 round=2 tc=3 ids=TC_001,TC_002,TC_006 chars=42879 ms=63381 regen=3
[ORCH] ts=2026-08-24T13:16:45Z step=review scenario=TS_003 round=2 score=85 passed=1/3 failing=TC_001,TC_006 ms=14575
[ORCH] ts=2026-08-24T13:17:12Z step=generate scenario=TS_005 round=2 tc=6 ids=TC_001,TC_002,TC_003,TC_004,TC_005,TC_006 chars=98235 ms=104364 regen=3
[ORCH] ts=2026-08-24T13:17:31Z step=generate scenario=TS_002 round=2 tc=7 ids=TC_001,TC_002,TC_003,TC_004,TC_005,TC_006,TC_007 chars=80134 ms=124666 regen=3
[ORCH] ts=2026-08-24T13:17:38Z step=review scenario=TS_005 round=2 score=85 passed=0/6 failing=TC_001,TC_002,TC_003,TC_004,TC_005,TC_006 ms=26148
[ORCH] ts=2026-08-24T13:17:38Z step=stagnant scenario=TS_005 round=2 scores=[85, 85]
[ORCH] ts=2026-08-24T13:17:38Z step=result scenario=TS_005 status=stagnant scores=[85, 85] rounds=2 tc=6 ms=261678
[ORCH] ts=2026-08-24T13:17:49Z step=generate scenario=TS_003 round=3 tc=2 ids=TC_001,TC_002 chars=31110 ms=63839 regen=2
[ORCH] ts=2026-08-24T13:17:52Z step=generate scenario=TS_007 round=2 tc=8 ids=TC_001,TC_002,TC_003,TC_004,TC_005,TC_006,TC_007,TC_008 chars=103262 ms=124518 regen=2
[ORCH] ts=2026-08-24T13:17:58Z step=review scenario=TS_002 round=2 score=85 passed=3/7 failing=TC_004,TC_005,TC_006,TC_007 ms=26174
[ORCH] ts=2026-08-24T13:17:58Z step=stagnant scenario=TS_002 round=2 scores=[85, 85]
[ORCH] ts=2026-08-24T13:17:58Z step=result scenario=TS_002 status=stagnant scores=[85, 85] rounds=2 tc=7 ms=281689
[ORCH] ts=2026-08-24T13:18:03Z step=review scenario=TS_003 round=3 score=85 passed=0/2 failing=TC_001,TC_002 ms=14372
[ORCH] ts=2026-08-24T13:18:03Z step=stagnant scenario=TS_003 round=3 scores=[70, 85, 85]
[ORCH] ts=2026-08-24T13:18:03Z step=result scenario=TS_003 status=stagnant scores=[70, 85, 85] rounds=3 tc=2 ms=287407
[ORCH] ts=2026-08-24T13:18:06Z step=review scenario=TS_007 round=2 score=85 passed=7/8 failing=TC_003 ms=14343
[ORCH] ts=2026-08-24T13:18:06Z step=stagnant scenario=TS_007 round=2 scores=[85, 85]
[ORCH] ts=2026-08-24T13:18:06Z step=result scenario=TS_007 status=stagnant scores=[85, 85] rounds=2 tc=8 ms=289894
[ORCH] ts=2026-08-24T13:18:06Z step=renumber scenario=TS_002 ids=TC_001>TC_009,TC_002>TC_010,TC_003>TC_011,TC_004>TC_012,TC_005>TC_013,TC_006>TC_014,TC_007>TC_015
[ORCH] ts=2026-08-24T13:18:06Z step=renumber scenario=TS_003 ids=TC_001>TC_016,TC_002>TC_017
[ORCH] ts=2026-08-24T13:18:06Z step=renumber scenario=TS_004 ids=TC_001>TC_018,TC_002>TC_019,TC_003>TC_020,TC_004>TC_021,TC_005>TC_022,TC_006>TC_023
[ORCH] ts=2026-08-24T13:18:06Z step=renumber scenario=TS_005 ids=TC_001>TC_024,TC_002>TC_025,TC_003>TC_026,TC_004>TC_027,TC_005>TC_028,TC_006>TC_029
[ORCH] ts=2026-08-24T13:18:06Z step=renumber scenario=TS_006 ids=TC_001>TC_030,TC_002>TC_031,TC_003>TC_032,TC_004>TC_033,TC_005>TC_034,TC_006>TC_035,TC_007>TC_036,TC_008>TC_037
[ORCH] ts=2026-08-24T13:18:06Z step=renumber scenario=TS_007 ids=TC_001>TC_038,TC_002>TC_039,TC_003>TC_040,TC_004>TC_041,TC_005>TC_042,TC_006>TC_043,TC_007>TC_044,TC_008>TC_045
[ORCH] ts=2026-08-24T13:18:06Z step=done approved=3 unreviewed=0 unhealed=0 stagnant=4 hardstop=0 failed=0 skipped=0 testcases=45 agentcalls=25 ms=354090
[ORCH] ts=2026-08-24T13:18:06Z step=outcome story=640764 ready=32/45 testcases flagged=13 scenarios=7 elapsed=5m54s
[ORCH] ts=2026-08-24T13:18:06Z step=flagged tc=TC_004 scenario=TS_002 why=too few test cases in batch
[ORCH] ts=2026-08-24T13:18:06Z step=flagged tc=TC_005 scenario=TS_002 why=too few test cases in batch
[ORCH] ts=2026-08-24T13:18:06Z step=flagged tc=TC_006 scenario=TS_002 why=too few test cases in batch
[ORCH] ts=2026-08-24T13:18:06Z step=flagged tc=TC_007 scenario=TS_002 why=too few test cases in batch
[ORCH] ts=2026-08-24T13:18:06Z step=flagged tc=TC_001 scenario=TS_003 why=duplicate of another test case
[ORCH] ts=2026-08-24T13:18:06Z step=flagged tc=TC_002 scenario=TS_003 why=duplicate of another test case
[ORCH] ts=2026-08-24T13:18:06Z step=flagged tc=TC_001 scenario=TS_005 why=too many test cases in batch
[ORCH] ts=2026-08-24T13:18:06Z step=flagged tc=TC_002 scenario=TS_005 why=too many test cases in batch
[ORCH] ts=2026-08-24T13:18:06Z step=flagged tc=TC_003 scenario=TS_005 why=too many test cases in batch
[ORCH] ts=2026-08-24T13:18:06Z step=flagged tc=TC_004 scenario=TS_005 why=too many test cases in batch
[ORCH] ts=2026-08-24T13:18:06Z step=flagged tc=TC_005 scenario=TS_005 why=too many test cases in batch
[ORCH] ts=2026-08-24T13:18:06Z step=flagged tc=TC_006 scenario=TS_005 why=too many test cases in batch
[ORCH] ts=2026-08-24T13:18:06Z step=flagged tc=TC_003 scenario=TS_007 why=too few steps
[ORCH] ts=2026-08-24T13:18:06Z step=detail calls=25 rounds=12 scoreboard=TS_001:approved(92)  TS_002:stagnant(85>85)  TS_003:stagnant(70>85>85)  TS_004:approved(92)  TS_005:stagnant(85>85)  TS_006:approved(92)  TS_007:stagnant(85>85)
[ORCH-TABLE-BEGIN] story=640764 scenarios=7 rows=622
[ORCH-TABLE-END] chars=696306
           624 rows -> tool_logs\640764_20260824_184212\testcases.md
[ORCH] ts=2026-08-24T13:18:07Z step=publish file=run.log chars=7409
[ORCH] ts=2026-08-24T13:18:09Z step=publish file=testcases.md chars=696306
[ORCH] ts=2026-08-24T13:18:10Z step=publish file=envelope.json chars=16751
[ORCH] ts=2026-08-24T13:18:11Z step=publish file=runinputs.json chars=707

=== completed in 359s ===

Story 640764 — 45 test cases in 5m 58s

  READY TO USE   32 of 45 test cases
  NEEDS A LOOK   13 of 45 test cases

  TS_001   8 of 8 ready
  TS_002   3 of 7 ready   TC_004, TC_005, TC_006, TC_007
  TS_003   0 of 2 ready   TC_001, TC_002
  TS_004   6 of 6 ready
  TS_005   0 of 6 ready   TC_001, TC_002, TC_003, TC_004, TC_005, TC_006
  TS_006   8 of 8 ready
  TS_007   7 of 8 ready   TC_003

  why each was flagged:
     TC_004           too few test cases in batch
     TC_005           too few test cases in batch
     TC_006           too few test cases in batch
     TC_007           too few test cases in batch
     TC_001           duplicate of another test case
     TC_002           duplicate of another test case
     TC_001           too many test cases in batch
     TC_002           too many test cases in batch
     TC_003           too many test cases in batch
     TC_004           too many test cases in batch
     TC_005           too many test cases in batch
     TC_006           too many test cases in batch
     TC_003           too few steps

  All 45 test cases are in testcases.md. envelope.json carries the reviewer's full reasoning.
  published: https://github.com/Hrishi1312/self_healing/tree/main/tool_logs/640764_20260824_131806

C:\Users\cs218321\OneDrive - Caresource Management Group\AAVA\AAVA_Agents\Self healing\tool_logs\640764_20260824_184212
   run.log         every [ORCH] line and this summary
   testcases.md    the assembled table
   envelope.json   per scenario scores and the reviewer's gaps
   runinputs.json  the exact settings used, credentials blanked
