[ORCH] ts=2026-08-27T12:47:31Z step=start story=640764 maxscenarios=7 tcper=6 steps=18-40 rounds=0 workers=7 pass_=90/50 judge=653 deadline=630s
[ORCH] ts=2026-08-27T12:47:31Z step=fetch story=640764 titlechars=85 descchars=3518 acchars=2096 ms=166
[ORCH] ts=2026-08-27T12:48:35Z step=scenarios count=7 ids=TS_001,TS_002,TS_003,TS_004,TS_005,TS_006,TS_007 ms=63707
[ORCH] ts=2026-08-27T12:49:02Z step=generate scenario=TS_003 round=1 error=test case array is empty raw=[]
[ORCH] ts=2026-08-27T12:49:02Z step=result scenario=TS_003 status=failed scores=[] rounds=1 tc=0 ms=27318
[ORCH] ts=2026-08-27T12:50:00Z step=generate scenario=TS_002 round=1 tc=2 ids=TC_001,TC_002 chars=65910 ms=84911
[ORCH] ts=2026-08-27T12:50:00Z step=generate scenario=TS_001 round=1 tc=2 ids=TC_001,TC_002 chars=63644 ms=85130
[ORCH] ts=2026-08-27T12:50:15Z step=review scenario=TS_001 round=1 score=85 passed=1/2 failing=TC_002 ms=14536
[ORCH] ts=2026-08-27T12:50:15Z step=result scenario=TS_001 status=unhealed scores=[85] rounds=1 tc=2 ms=99672
[ORCH] ts=2026-08-27T12:50:20Z step=generate scenario=TS_007 round=1 tc=3 ids=TC_001,TC_002,TC_003 chars=70637 ms=104763
[ORCH] ts=2026-08-27T12:50:20Z step=generate scenario=TS_006 round=1 tc=3 ids=TC_001,TC_002,TC_003 chars=81896 ms=105330
[ORCH] ts=2026-08-27T12:50:26Z step=review scenario=TS_002 round=1 score=85 passed=0/2 failing=TC_001,TC_002 ms=26244
[ORCH] ts=2026-08-27T12:50:26Z step=result scenario=TS_002 status=unhealed scores=[85] rounds=1 tc=2 ms=111160
[ORCH] ts=2026-08-27T12:50:35Z step=review scenario=TS_007 round=1 score=85 passed=2/3 failing=TC_002 ms=14688
[ORCH] ts=2026-08-27T12:50:35Z step=result scenario=TS_007 status=unhealed scores=[85] rounds=1 tc=3 ms=119458
[ORCH] ts=2026-08-27T12:50:35Z step=review scenario=TS_006 round=1 score=85 passed=1/3 failing=TC_002,TC_003 ms=14557
[ORCH] ts=2026-08-27T12:50:35Z step=result scenario=TS_006 status=unhealed scores=[85] rounds=1 tc=3 ms=119894
[ORCH] ts=2026-08-27T12:50:40Z step=generate scenario=TS_005 round=1 tc=2 ids=TC_001,TC_002 chars=61205 ms=125229
[ORCH] ts=2026-08-27T12:50:55Z step=review scenario=TS_005 round=1 score=85 passed=1/2 failing=TC_002 ms=14655
[ORCH] ts=2026-08-27T12:50:55Z step=result scenario=TS_005 status=unhealed scores=[85] rounds=1 tc=2 ms=139891
[ORCH] ts=2026-08-27T12:51:01Z step=generate scenario=TS_004 round=1 tc=6 ids=TC_001,TC_002,TC_003,TC_004,TC_005,TC_006 chars=166138 ms=145815
[ORCH] ts=2026-08-27T12:51:27Z step=review scenario=TS_004 round=1 score=85 passed=4/6 failing=TC_002,TC_003 ms=26405
[ORCH] ts=2026-08-27T12:51:27Z step=result scenario=TS_004 status=unhealed scores=[85] rounds=1 tc=6 ms=172232
[ORCH] ts=2026-08-27T12:51:27Z step=renumber scenario=TS_002 ids=TC_001>TC_003,TC_002>TC_004
[ORCH] ts=2026-08-27T12:51:27Z step=renumber scenario=TS_004 ids=TC_001>TC_005,TC_002>TC_006,TC_003>TC_007,TC_004>TC_008,TC_005>TC_009,TC_006>TC_010
[ORCH] ts=2026-08-27T12:51:27Z step=renumber scenario=TS_005 ids=TC_001>TC_011,TC_002>TC_012
[ORCH] ts=2026-08-27T12:51:27Z step=renumber scenario=TS_006 ids=TC_001>TC_013,TC_002>TC_014,TC_003>TC_015
[ORCH] ts=2026-08-27T12:51:27Z step=renumber scenario=TS_007 ids=TC_001>TC_016,TC_002>TC_017,TC_003>TC_018
[ORCH] ts=2026-08-27T12:51:27Z step=done approved=0 unreviewed=0 unhealed=6 stagnant=0 hardstop=0 failed=1 skipped=0 testcases=18 agentcalls=14 ms=236122
[ORCH] ts=2026-08-27T12:51:27Z step=outcome story=640764 ready=9/18 testcases flagged=9 scenarios=7 elapsed=3m56s warnings=1
[ORCH] ts=2026-08-27T12:51:27Z step=flagged tc=TC_002 scenario=TS_001 why=duplicate of the other case
[ORCH] ts=2026-08-27T12:51:27Z step=flagged tc=TC_003 scenario=TS_002 why=missing dedicated case for unchanged fields
[ORCH] ts=2026-08-27T12:51:27Z step=flagged tc=TC_004 scenario=TS_002 why=step count is below minimum
[ORCH] ts=2026-08-27T12:51:27Z step=flagged tc=TC_006 scenario=TS_004 why=missing combo-scenario coverage
[ORCH] ts=2026-08-27T12:51:27Z step=flagged tc=TC_007 scenario=TS_004 why=missing combo-scenario coverage
[ORCH] ts=2026-08-27T12:51:27Z step=flagged tc=TC_012 scenario=TS_005 why=compressed flow and duplicate coverage
[ORCH] ts=2026-08-27T12:51:27Z step=flagged tc=TC_014 scenario=TS_006 why=missing assessment-date variant
[ORCH] ts=2026-08-27T12:51:27Z step=flagged tc=TC_015 scenario=TS_006 why=missing future-eligibility variant
[ORCH] ts=2026-08-27T12:51:27Z step=flagged tc=TC_017 scenario=TS_007 why=missing finance regression coverage
[ORCH] ts=2026-08-27T12:51:27Z step=detail calls=14 rounds=7 scoreboard=TS_001:unhealed(85)  TS_002:unhealed(85)  TS_003:failed  TS_004:unhealed(85)  TS_005:unhealed(85)  TS_006:unhealed(85)  TS_007:unhealed(85)
